W0714 01:19:02.079000 2490146 site-packages/torch/distributed/run.py:766] 
W0714 01:19:02.079000 2490146 site-packages/torch/distributed/run.py:766] *****************************************
W0714 01:19:02.079000 2490146 site-packages/torch/distributed/run.py:766] Setting OMP_NUM_THREADS environment variable for each process to be 1 in default, to avoid your system being overloaded, please further tune the variable for optimal performance in your application as needed. 
W0714 01:19:02.079000 2490146 site-packages/torch/distributed/run.py:766] *****************************************
[W714 01:19:02.982514600 socket.cpp:755] [c10d] The client socket cannot be initialized to connect to [clara10.sc.uni-leipzig.de]:35417 (errno: 97 - Address family not supported by protocol).
[W714 01:19:02.116948664 socket.cpp:755] [c10d] The client socket cannot be initialized to connect to [clara10.sc.uni-leipzig.de]:33837 (errno: 97 - Address family not supported by protocol).
[W714 01:19:09.319817816 socket.cpp:755] [c10d] The client socket cannot be initialized to connect to [clara10.sc.uni-leipzig.de]:33837 (errno: 97 - Address family not supported by protocol).
[W714 01:19:09.319825796 socket.cpp:755] [c10d] The client socket cannot be initialized to connect to [clara10.sc.uni-leipzig.de]:33837 (errno: 97 - Address family not supported by protocol).
[W714 01:19:09.319894646 socket.cpp:755] [c10d] The client socket cannot be initialized to connect to [clara10.sc.uni-leipzig.de]:33837 (errno: 97 - Address family not supported by protocol).
[W714 01:19:09.321692227 socket.cpp:755] [c10d] The client socket cannot be initialized to connect to [clara10.sc.uni-leipzig.de]:33837 (errno: 97 - Address family not supported by protocol).
wandb: Currently logged in as: coyfelix7 (coyfelix7-universit-t-leipzig) to https://api.wandb.ai. Use `wandb login --relogin` to force relogin
Using VAE-optimized preprocessing...
Using VAE-optimized preprocessing...
Using VAE-optimized preprocessing...
wandb: Tracking run with wandb version 0.21.0
wandb: Run data is saved locally in /home/sc.uni-leipzig.de/ci72buri/projects/vae/Leipzig_big_data_praktikum_gene_expression_autoencoder/wandb/run-20250714_011910-f2p2b1kl
wandb: Run `wandb offline` to turn off syncing.
wandb: Syncing run smart-plasma-161
wandb: ⭐️ View project at https://wandb.ai/coyfelix7-universit-t-leipzig/big_data_vae
wandb: 🚀 View run at https://wandb.ai/coyfelix7-universit-t-leipzig/big_data_vae/runs/f2p2b1kl
Using VAE-optimized preprocessing...
Dataset loaded: 20000 cells × 100 genes
Dataset loaded: 20000 cells × 100 genes
Dataset loaded: 20000 cells × 100 genes
/home/sc.uni-leipzig.de/ci72buri/projects/vae/Leipzig_big_data_praktikum_gene_expression_autoencoder/autoCell/data_loader.py:152: ImplicitModificationWarning: Modifying `X` on a view results in data being overridden
  self.adata.X = X
/home/sc.uni-leipzig.de/ci72buri/projects/vae/Leipzig_big_data_praktikum_gene_expression_autoencoder/autoCell/data_loader.py:152: ImplicitModificationWarning: Modifying `X` on a view results in data being overridden
  self.adata.X = X
/home/sc.uni-leipzig.de/ci72buri/projects/vae/Leipzig_big_data_praktikum_gene_expression_autoencoder/autoCell/data_loader.py:152: ImplicitModificationWarning: Modifying `X` on a view results in data being overridden
  self.adata.X = X
Dataset loaded: 20000 cells × 100 genes
/home/sc.uni-leipzig.de/ci72buri/projects/vae/Leipzig_big_data_praktikum_gene_expression_autoencoder/autoCell/data_loader.py:152: ImplicitModificationWarning: Modifying `X` on a view results in data being overridden
  self.adata.X = X
Dataset loaded: 20000 cells × 100 genes
Dataset loaded: 20000 cells × 100 genes
Dataset loaded: 20000 cells × 100 genes
Dataset loaded: 20000 cells × 100 genes
clara10:2490404:2490404 [0] NCCL INFO NCCL_SOCKET_IFNAME set by environment to bond0
clara10:2490404:2490404 [0] NCCL INFO Bootstrap: Using bond0:172.26.10.10<0>
clara10:2490404:2490404 [0] NCCL INFO cudaDriverVersion 12020
clara10:2490404:2490404 [0] NCCL INFO NCCL version 2.26.2+cuda12.2
clara10:2490404:2490404 [0] NCCL INFO Comm config Blocking set to 1
clara10:2490406:2490406 [2] NCCL INFO cudaDriverVersion 12020
clara10:2490406:2490406 [2] NCCL INFO NCCL_SOCKET_IFNAME set by environment to bond0
clara10:2490405:2490405 [1] NCCL INFO cudaDriverVersion 12020
clara10:2490405:2490405 [1] NCCL INFO NCCL_SOCKET_IFNAME set by environment to bond0
clara10:2490406:2490406 [2] NCCL INFO Bootstrap: Using bond0:172.26.10.10<0>
clara10:2490406:2490406 [2] NCCL INFO NCCL version 2.26.2+cuda12.2
clara10:2490405:2490405 [1] NCCL INFO Bootstrap: Using bond0:172.26.10.10<0>
clara10:2490405:2490405 [1] NCCL INFO NCCL version 2.26.2+cuda12.2
clara10:2490406:2490406 [2] NCCL INFO Comm config Blocking set to 1
clara10:2490407:2490407 [3] NCCL INFO cudaDriverVersion 12020
clara10:2490405:2490405 [1] NCCL INFO Comm config Blocking set to 1
clara10:2490407:2490407 [3] NCCL INFO NCCL_SOCKET_IFNAME set by environment to bond0
clara10:2490407:2490407 [3] NCCL INFO Bootstrap: Using bond0:172.26.10.10<0>
clara10:2490407:2490407 [3] NCCL INFO NCCL version 2.26.2+cuda12.2
clara10:2490407:2490407 [3] NCCL INFO Comm config Blocking set to 1
clara10:2490404:2490904 [0] NCCL INFO NET/Plugin: Could not find: libnccl-net.so. Using internal net plugin.
clara10:2490404:2490904 [0] NCCL INFO NCCL_IB_DISABLE set by environment to 1.
clara10:2490404:2490904 [0] NCCL INFO NCCL_SOCKET_IFNAME set by environment to bond0
clara10:2490404:2490904 [0] NCCL INFO NET/Socket : Using [0]bond0:172.26.10.10<0>
clara10:2490404:2490904 [0] NCCL INFO PROFILER/Plugin: Could not find: libnccl-profiler.so. 
clara10:2490404:2490904 [0] NCCL INFO Using network Socket
clara10:2490404:2490904 [0] NCCL INFO ncclCommInitRankConfig comm 0x56389a648310 rank 0 nranks 4 cudaDev 0 nvmlDev 0 busId 5000 commId 0x4300fcc692c5e360 - Init START
clara10:2490405:2490906 [1] NCCL INFO NET/Plugin: Could not find: libnccl-net.so. Using internal net plugin.
clara10:2490405:2490906 [1] NCCL INFO NCCL_IB_DISABLE set by environment to 1.
clara10:2490405:2490906 [1] NCCL INFO NCCL_SOCKET_IFNAME set by environment to bond0
clara10:2490405:2490906 [1] NCCL INFO NET/Socket : Using [0]bond0:172.26.10.10<0>
clara10:2490405:2490906 [1] NCCL INFO PROFILER/Plugin: Could not find: libnccl-profiler.so. 
clara10:2490405:2490906 [1] NCCL INFO Using network Socket
clara10:2490405:2490906 [1] NCCL INFO ncclCommInitRankConfig comm 0x5596d147f870 rank 1 nranks 4 cudaDev 1 nvmlDev 1 busId 43000 commId 0x4300fcc692c5e360 - Init START
clara10:2490406:2490905 [2] NCCL INFO NET/Plugin: Could not find: libnccl-net.so. Using internal net plugin.
clara10:2490406:2490905 [2] NCCL INFO NCCL_IB_DISABLE set by environment to 1.
clara10:2490406:2490905 [2] NCCL INFO NCCL_SOCKET_IFNAME set by environment to bond0
clara10:2490407:2490907 [3] NCCL INFO NET/Plugin: Could not find: libnccl-net.so. Using internal net plugin.
clara10:2490407:2490907 [3] NCCL INFO NCCL_IB_DISABLE set by environment to 1.
clara10:2490407:2490907 [3] NCCL INFO NCCL_SOCKET_IFNAME set by environment to bond0
clara10:2490407:2490907 [3] NCCL INFO NET/Socket : Using [0]bond0:172.26.10.10<0>
clara10:2490406:2490905 [2] NCCL INFO NET/Socket : Using [0]bond0:172.26.10.10<0>
clara10:2490407:2490907 [3] NCCL INFO PROFILER/Plugin: Could not find: libnccl-profiler.so. 
clara10:2490407:2490907 [3] NCCL INFO Using network Socket
clara10:2490406:2490905 [2] NCCL INFO PROFILER/Plugin: Could not find: libnccl-profiler.so. 
clara10:2490406:2490905 [2] NCCL INFO Using network Socket
clara10:2490407:2490907 [3] NCCL INFO ncclCommInitRankConfig comm 0x564d0a03f3c0 rank 3 nranks 4 cudaDev 3 nvmlDev 3 busId 64000 commId 0x4300fcc692c5e360 - Init START
clara10:2490406:2490905 [2] NCCL INFO ncclCommInitRankConfig comm 0x55f504246d50 rank 2 nranks 4 cudaDev 2 nvmlDev 2 busId 44000 commId 0x4300fcc692c5e360 - Init START
clara10:2490407:2490907 [3] NCCL INFO RAS client listening socket at 127.0.0.1<28028>
clara10:2490406:2490905 [2] NCCL INFO RAS client listening socket at 127.0.0.1<28028>
clara10:2490405:2490906 [1] NCCL INFO RAS client listening socket at 127.0.0.1<28028>
clara10:2490404:2490904 [0] NCCL INFO RAS client listening socket at 127.0.0.1<28028>
clara10:2490405:2490906 [1] NCCL INFO Bootstrap timings total 0.113265 (create 0.000041, send 0.000202, recv 0.084458, ring 0.010037, delay 0.000001)
clara10:2490406:2490905 [2] NCCL INFO Bootstrap timings total 0.029661 (create 0.000040, send 0.000832, recv 0.000384, ring 0.000164, delay 0.000001)
clara10:2490404:2490904 [0] NCCL INFO Bootstrap timings total 0.123088 (create 0.000056, send 0.000252, recv 0.009954, ring 0.007042, delay 0.000001)
clara10:2490407:2490907 [3] NCCL INFO Bootstrap timings total 0.031850 (create 0.000055, send 0.000650, recv 0.000194, ring 0.001147, delay 0.000001)
clara10:2490404:2490904 [0] NCCL INFO NCCL_P2P_DISABLE set by environment to 1
clara10:2490404:2490904 [0] NCCL INFO Setting affinity for GPU 0 to 02,00000002
clara10:2490404:2490904 [0] NCCL INFO NVLS multicast support is not available on dev 0
clara10:2490405:2490906 [1] NCCL INFO NCCL_P2P_DISABLE set by environment to 1
clara10:2490405:2490906 [1] NCCL INFO Setting affinity for GPU 1 to 430000,00430000
clara10:2490405:2490906 [1] NCCL INFO NVLS multicast support is not available on dev 1
clara10:2490407:2490907 [3] NCCL INFO NCCL_P2P_DISABLE set by environment to 1
clara10:2490407:2490907 [3] NCCL INFO Setting affinity for GPU 3 to e1000000,e1000000
clara10:2490407:2490907 [3] NCCL INFO NVLS multicast support is not available on dev 3
clara10:2490406:2490905 [2] NCCL INFO NCCL_P2P_DISABLE set by environment to 1
clara10:2490406:2490905 [2] NCCL INFO Setting affinity for GPU 2 to 430000,00430000
clara10:2490406:2490905 [2] NCCL INFO NVLS multicast support is not available on dev 2
clara10:2490406:2490905 [2] NCCL INFO comm 0x55f504246d50 rank 2 nRanks 4 nNodes 1 localRanks 4 localRank 2 MNNVL 0
clara10:2490405:2490906 [1] NCCL INFO comm 0x5596d147f870 rank 1 nRanks 4 nNodes 1 localRanks 4 localRank 1 MNNVL 0
clara10:2490407:2490907 [3] NCCL INFO comm 0x564d0a03f3c0 rank 3 nRanks 4 nNodes 1 localRanks 4 localRank 3 MNNVL 0
clara10:2490404:2490904 [0] NCCL INFO comm 0x56389a648310 rank 0 nRanks 4 nNodes 1 localRanks 4 localRank 0 MNNVL 0
clara10:2490406:2490905 [2] NCCL INFO Trees [0] -1/-1/-1->2->0 [1] -1/-1/-1->2->0
clara10:2490405:2490906 [1] NCCL INFO Trees [0] 3/-1/-1->1->-1 [1] 3/-1/-1->1->-1
clara10:2490407:2490907 [3] NCCL INFO Trees [0] 0/-1/-1->3->1 [1] 0/-1/-1->3->1
clara10:2490406:2490905 [2] NCCL INFO P2P Chunksize set to 131072
clara10:2490405:2490906 [1] NCCL INFO P2P Chunksize set to 131072
clara10:2490407:2490907 [3] NCCL INFO P2P Chunksize set to 131072
clara10:2490404:2490904 [0] NCCL INFO Channel 00/02 : 0 1 2 3
clara10:2490404:2490904 [0] NCCL INFO Channel 01/02 : 0 1 2 3
clara10:2490404:2490904 [0] NCCL INFO Trees [0] 2/-1/-1->0->3 [1] 2/-1/-1->0->3
clara10:2490404:2490904 [0] NCCL INFO P2P Chunksize set to 131072
clara10:2490404:2490904 [0] NCCL INFO Check P2P Type intraNodeP2pSupport 0 directMode 0
clara10:2490406:2490920 [2] NCCL INFO [Proxy Service UDS] Device 2 CPU core 49
clara10:2490405:2490919 [1] NCCL INFO [Proxy Service UDS] Device 1 CPU core 22
clara10:2490406:2490918 [2] NCCL INFO [Proxy Service] Device 2 CPU core 54
clara10:2490407:2490916 [3] NCCL INFO [Proxy Service] Device 3 CPU core 30
clara10:2490407:2490921 [3] NCCL INFO [Proxy Service UDS] Device 3 CPU core 63
clara10:2490404:2490922 [0] NCCL INFO [Proxy Service] Device 0 CPU core 33
clara10:2490405:2490917 [1] NCCL INFO [Proxy Service] Device 1 CPU core 54
clara10:2490404:2490923 [0] NCCL INFO [Proxy Service UDS] Device 0 CPU core 33
clara10:2490405:2490906 [1] NCCL INFO threadThresholds 8/8/64 | 32/8/64 | 512 | 512
clara10:2490405:2490906 [1] NCCL INFO 2 coll channels, 2 collnet channels, 0 nvls channels, 2 p2p channels, 2 p2p channels per peer
clara10:2490404:2490904 [0] NCCL INFO threadThresholds 8/8/64 | 32/8/64 | 512 | 512
clara10:2490404:2490904 [0] NCCL INFO 2 coll channels, 2 collnet channels, 0 nvls channels, 2 p2p channels, 2 p2p channels per peer
clara10:2490404:2490904 [0] NCCL INFO CC Off, workFifoBytes 1048576
clara10:2490406:2490905 [2] NCCL INFO threadThresholds 8/8/64 | 32/8/64 | 512 | 512
clara10:2490406:2490905 [2] NCCL INFO 2 coll channels, 2 collnet channels, 0 nvls channels, 2 p2p channels, 2 p2p channels per peer
clara10:2490407:2490907 [3] NCCL INFO threadThresholds 8/8/64 | 32/8/64 | 512 | 512
clara10:2490407:2490907 [3] NCCL INFO 2 coll channels, 2 collnet channels, 0 nvls channels, 2 p2p channels, 2 p2p channels per peer
clara10:2490407:2490907 [3] NCCL INFO TUNER/Plugin: Could not find: libnccl-tuner.so. Using internal tuner plugin.
clara10:2490407:2490907 [3] NCCL INFO ncclCommInitRankConfig comm 0x564d0a03f3c0 rank 3 nranks 4 cudaDev 3 nvmlDev 3 busId 64000 commId 0x4300fcc692c5e360 - Init COMPLETE
clara10:2490407:2490907 [3] NCCL INFO Init timings - ncclCommInitRankConfig: rank 3 nranks 4 total 0.40 (kernels 0.32, alloc 0.01, bootstrap 0.03, allgathers 0.00, topo 0.03, graphs 0.00, connections 0.01, rest 0.00)
clara10:2490404:2490904 [0] NCCL INFO TUNER/Plugin: Could not find: libnccl-tuner.so. Using internal tuner plugin.
clara10:2490404:2490904 [0] NCCL INFO ncclCommInitRankConfig comm 0x56389a648310 rank 0 nranks 4 cudaDev 0 nvmlDev 0 busId 5000 commId 0x4300fcc692c5e360 - Init COMPLETE
clara10:2490406:2490905 [2] NCCL INFO TUNER/Plugin: Could not find: libnccl-tuner.so. Using internal tuner plugin.
clara10:2490405:2490906 [1] NCCL INFO TUNER/Plugin: Could not find: libnccl-tuner.so. Using internal tuner plugin.
clara10:2490404:2490904 [0] NCCL INFO Init timings - ncclCommInitRankConfig: rank 0 nranks 4 total 0.41 (kernels 0.24, alloc 0.01, bootstrap 0.12, allgathers 0.00, topo 0.03, graphs 0.00, connections 0.01, rest 0.00)
clara10:2490406:2490905 [2] NCCL INFO ncclCommInitRankConfig comm 0x55f504246d50 rank 2 nranks 4 cudaDev 2 nvmlDev 2 busId 44000 commId 0x4300fcc692c5e360 - Init COMPLETE
clara10:2490405:2490906 [1] NCCL INFO ncclCommInitRankConfig comm 0x5596d147f870 rank 1 nranks 4 cudaDev 1 nvmlDev 1 busId 43000 commId 0x4300fcc692c5e360 - Init COMPLETE
clara10:2490406:2490905 [2] NCCL INFO Init timings - ncclCommInitRankConfig: rank 2 nranks 4 total 0.40 (kernels 0.32, alloc 0.01, bootstrap 0.03, allgathers 0.00, topo 0.03, graphs 0.00, connections 0.01, rest 0.00)
clara10:2490405:2490906 [1] NCCL INFO Init timings - ncclCommInitRankConfig: rank 1 nranks 4 total 0.40 (kernels 0.24, alloc 0.01, bootstrap 0.11, allgathers 0.00, topo 0.03, graphs 0.00, connections 0.01, rest 0.01)
clara10:2490407:2490925 [3] NCCL INFO Channel 00 : 3[3] -> 0[0] via SHM/direct/direct
clara10:2490407:2490925 [3] NCCL INFO Channel 01 : 3[3] -> 0[0] via SHM/direct/direct
clara10:2490405:2490924 [1] NCCL INFO Channel 00 : 1[1] -> 2[2] via SHM/direct/direct
clara10:2490405:2490924 [1] NCCL INFO Channel 01 : 1[1] -> 2[2] via SHM/direct/direct
clara10:2490404:2490927 [0] NCCL INFO Channel 00 : 0[0] -> 1[1] via SHM/direct/direct
clara10:2490404:2490927 [0] NCCL INFO Channel 01 : 0[0] -> 1[1] via SHM/direct/direct
clara10:2490406:2490926 [2] NCCL INFO Channel 00 : 2[2] -> 3[3] via SHM/direct/direct
clara10:2490406:2490926 [2] NCCL INFO Channel 01 : 2[2] -> 3[3] via SHM/direct/direct
clara10:2490407:2490925 [3] NCCL INFO Connected all rings, use ring PXN 0 GDR 1
clara10:2490405:2490924 [1] NCCL INFO Connected all rings, use ring PXN 0 GDR 1
clara10:2490406:2490926 [2] NCCL INFO Connected all rings, use ring PXN 0 GDR 1
clara10:2490404:2490927 [0] NCCL INFO Connected all rings, use ring PXN 0 GDR 1
