MASTER_ADDR is 172.26.10.10
PING 172.26.10.10 (172.26.10.10) 56(84) bytes of data.
64 bytes from 172.26.10.10: icmp_seq=1 ttl=64 time=0.048 ms

--- 172.26.10.10 ping statistics ---
1 packets transmitted, 1 received, 0% packet loss, time 0ms
rtt min/avg/max/mdev = 0.048/0.048/0.048/0.000 ms
W0714 01:27:19.882000 2503485 site-packages/torch/distributed/run.py:766] 
W0714 01:27:19.882000 2503485 site-packages/torch/distributed/run.py:766] *****************************************
W0714 01:27:19.882000 2503485 site-packages/torch/distributed/run.py:766] Setting OMP_NUM_THREADS environment variable for each process to be 1 in default, to avoid your system being overloaded, please further tune the variable for optimal performance in your application as needed. 
W0714 01:27:19.882000 2503485 site-packages/torch/distributed/run.py:766] *****************************************
[W714 01:27:19.784989962 socket.cpp:755] [c10d] The client socket cannot be initialized to connect to [clara10.sc.uni-leipzig.de]:17025 (errno: 97 - Address family not supported by protocol).
[W714 01:27:19.821180948 socket.cpp:755] [c10d] The client socket cannot be initialized to connect to [clara10.sc.uni-leipzig.de]:40583 (errno: 97 - Address family not supported by protocol).
[W714 01:27:27.950885404 socket.cpp:755] [c10d] The client socket cannot be initialized to connect to [clara10.sc.uni-leipzig.de]:40583 (errno: 97 - Address family not supported by protocol).
[W714 01:27:27.950879744 socket.cpp:755] [c10d] The client socket cannot be initialized to connect to [clara10.sc.uni-leipzig.de]:40583 (errno: 97 - Address family not supported by protocol).
[W714 01:27:27.230041948 socket.cpp:755] [c10d] The client socket cannot be initialized to connect to [clara10.sc.uni-leipzig.de]:40583 (errno: 97 - Address family not supported by protocol).
[W714 01:27:27.230042848 socket.cpp:755] [c10d] The client socket cannot be initialized to connect to [clara10.sc.uni-leipzig.de]:40583 (errno: 97 - Address family not supported by protocol).
wandb: Currently logged in as: coyfelix7 (coyfelix7-universit-t-leipzig) to https://api.wandb.ai. Use `wandb login --relogin` to force relogin
Using VAE-optimized preprocessing...
Using VAE-optimized preprocessing...
Using VAE-optimized preprocessing...
wandb: Tracking run with wandb version 0.21.0
wandb: Run data is saved locally in /home/sc.uni-leipzig.de/ci72buri/projects/vae/Leipzig_big_data_praktikum_gene_expression_autoencoder/wandb/run-20250714_012727-pw5dbwrg
wandb: Run `wandb offline` to turn off syncing.
wandb: Syncing run clear-aardvark-162
wandb: ⭐️ View project at https://wandb.ai/coyfelix7-universit-t-leipzig/big_data_vae
wandb: 🚀 View run at https://wandb.ai/coyfelix7-universit-t-leipzig/big_data_vae/runs/pw5dbwrg
Using VAE-optimized preprocessing...
Dataset loaded: 20000 cells × 100 genes
Dataset loaded: 20000 cells × 100 genes
Dataset loaded: 20000 cells × 100 genes
/home/sc.uni-leipzig.de/ci72buri/projects/vae/Leipzig_big_data_praktikum_gene_expression_autoencoder/autoCell/data_loader.py:152: ImplicitModificationWarning: Modifying `X` on a view results in data being overridden
  self.adata.X = X
/home/sc.uni-leipzig.de/ci72buri/projects/vae/Leipzig_big_data_praktikum_gene_expression_autoencoder/autoCell/data_loader.py:152: ImplicitModificationWarning: Modifying `X` on a view results in data being overridden
  self.adata.X = X
/home/sc.uni-leipzig.de/ci72buri/projects/vae/Leipzig_big_data_praktikum_gene_expression_autoencoder/autoCell/data_loader.py:152: ImplicitModificationWarning: Modifying `X` on a view results in data being overridden
  self.adata.X = X
Dataset loaded: 20000 cells × 100 genes
/home/sc.uni-leipzig.de/ci72buri/projects/vae/Leipzig_big_data_praktikum_gene_expression_autoencoder/autoCell/data_loader.py:152: ImplicitModificationWarning: Modifying `X` on a view results in data being overridden
  self.adata.X = X
Dataset loaded: 20000 cells × 100 genes
Dataset loaded: 20000 cells × 100 genes
Dataset loaded: 20000 cells × 100 genes
Dataset loaded: 20000 cells × 100 genes
clara10:2503642:2503642 [0] NCCL INFO NCCL_SOCKET_IFNAME set by environment to bond0
clara10:2503642:2503642 [0] NCCL INFO Bootstrap: Using bond0:172.26.10.10<0>
clara10:2503642:2503642 [0] NCCL INFO cudaDriverVersion 12020
clara10:2503642:2503642 [0] NCCL INFO NCCL version 2.26.2+cuda12.2
clara10:2503642:2503642 [0] NCCL INFO Comm config Blocking set to 1
clara10:2503644:2503644 [2] NCCL INFO cudaDriverVersion 12020
clara10:2503644:2503644 [2] NCCL INFO NCCL_SOCKET_IFNAME set by environment to bond0
clara10:2503644:2503644 [2] NCCL INFO Bootstrap: Using bond0:172.26.10.10<0>
clara10:2503644:2503644 [2] NCCL INFO NCCL version 2.26.2+cuda12.2
clara10:2503643:2503643 [1] NCCL INFO cudaDriverVersion 12020
clara10:2503643:2503643 [1] NCCL INFO NCCL_SOCKET_IFNAME set by environment to bond0
clara10:2503643:2503643 [1] NCCL INFO Bootstrap: Using bond0:172.26.10.10<0>
clara10:2503643:2503643 [1] NCCL INFO NCCL version 2.26.2+cuda12.2
clara10:2503645:2503645 [3] NCCL INFO cudaDriverVersion 12020
clara10:2503645:2503645 [3] NCCL INFO NCCL_SOCKET_IFNAME set by environment to bond0
clara10:2503645:2503645 [3] NCCL INFO Bootstrap: Using bond0:172.26.10.10<0>
clara10:2503645:2503645 [3] NCCL INFO NCCL version 2.26.2+cuda12.2
clara10:2503644:2503644 [2] NCCL INFO Comm config Blocking set to 1
clara10:2503643:2503643 [1] NCCL INFO Comm config Blocking set to 1
clara10:2503645:2503645 [3] NCCL INFO Comm config Blocking set to 1
clara10:2503644:2504221 [2] NCCL INFO NET/Plugin: Could not find: libnccl-net.so. Using internal net plugin.
clara10:2503644:2504221 [2] NCCL INFO NCCL_IB_DISABLE set by environment to 1.
clara10:2503644:2504221 [2] NCCL INFO NCCL_SOCKET_IFNAME set by environment to bond0
clara10:2503644:2504221 [2] NCCL INFO NET/Socket : Using [0]bond0:172.26.10.10<0>
clara10:2503644:2504221 [2] NCCL INFO PROFILER/Plugin: Could not find: libnccl-profiler.so. 
clara10:2503644:2504221 [2] NCCL INFO Using network Socket
clara10:2503644:2504221 [2] NCCL INFO ncclCommInitRankConfig comm 0x557d68a073d0 rank 2 nranks 4 cudaDev 2 nvmlDev 2 busId 44000 commId 0x95f32d08ddc9c1ff - Init START
clara10:2503643:2504222 [1] NCCL INFO NET/Plugin: Could not find: libnccl-net.so. Using internal net plugin.
clara10:2503643:2504222 [1] NCCL INFO NCCL_IB_DISABLE set by environment to 1.
clara10:2503643:2504222 [1] NCCL INFO NCCL_SOCKET_IFNAME set by environment to bond0
clara10:2503643:2504222 [1] NCCL INFO NET/Socket : Using [0]bond0:172.26.10.10<0>
clara10:2503643:2504222 [1] NCCL INFO PROFILER/Plugin: Could not find: libnccl-profiler.so. 
clara10:2503643:2504222 [1] NCCL INFO Using network Socket
clara10:2503643:2504222 [1] NCCL INFO ncclCommInitRankConfig comm 0x564026dc6ef0 rank 1 nranks 4 cudaDev 1 nvmlDev 1 busId 43000 commId 0x95f32d08ddc9c1ff - Init START
clara10:2503645:2504223 [3] NCCL INFO NET/Plugin: Could not find: libnccl-net.so. Using internal net plugin.
clara10:2503645:2504223 [3] NCCL INFO NCCL_IB_DISABLE set by environment to 1.
clara10:2503645:2504223 [3] NCCL INFO NCCL_SOCKET_IFNAME set by environment to bond0
clara10:2503645:2504223 [3] NCCL INFO NET/Socket : Using [0]bond0:172.26.10.10<0>
clara10:2503645:2504223 [3] NCCL INFO PROFILER/Plugin: Could not find: libnccl-profiler.so. 
clara10:2503645:2504223 [3] NCCL INFO Using network Socket
clara10:2503645:2504223 [3] NCCL INFO ncclCommInitRankConfig comm 0x56396f77e780 rank 3 nranks 4 cudaDev 3 nvmlDev 3 busId 64000 commId 0x95f32d08ddc9c1ff - Init START
clara10:2503642:2504220 [0] NCCL INFO NET/Plugin: Could not find: libnccl-net.so. Using internal net plugin.
clara10:2503642:2504220 [0] NCCL INFO NCCL_IB_DISABLE set by environment to 1.
clara10:2503642:2504220 [0] NCCL INFO NCCL_SOCKET_IFNAME set by environment to bond0
clara10:2503642:2504220 [0] NCCL INFO NET/Socket : Using [0]bond0:172.26.10.10<0>
clara10:2503642:2504220 [0] NCCL INFO PROFILER/Plugin: Could not find: libnccl-profiler.so. 
clara10:2503642:2504220 [0] NCCL INFO Using network Socket
clara10:2503644:2504221 [2] NCCL INFO RAS client listening socket at 127.0.0.1<28028>
clara10:2503642:2504220 [0] NCCL INFO ncclCommInitRankConfig comm 0x55c90e28a2f0 rank 0 nranks 4 cudaDev 0 nvmlDev 0 busId 5000 commId 0x95f32d08ddc9c1ff - Init START
clara10:2503643:2504222 [1] NCCL INFO RAS client listening socket at 127.0.0.1<28028>
clara10:2503645:2504223 [3] NCCL INFO RAS client listening socket at 127.0.0.1<28028>
clara10:2503642:2504220 [0] NCCL INFO RAS client listening socket at 127.0.0.1<28028>
clara10:2503643:2504222 [1] NCCL INFO Bootstrap timings total 0.153401 (create 0.000041, send 0.000219, recv 0.000189, ring 0.000142, delay 0.000001)
clara10:2503645:2504223 [3] NCCL INFO Bootstrap timings total 0.051846 (create 0.000076, send 0.000372, recv 0.030750, ring 0.001263, delay 0.000001)
clara10:2503644:2504221 [2] NCCL INFO Bootstrap timings total 0.162786 (create 0.000050, send 0.000230, recv 0.111308, ring 0.030584, delay 0.000001)
clara10:2503642:2504220 [0] NCCL INFO Bootstrap timings total 0.043337 (create 0.000067, send 0.022134, recv 0.000409, ring 0.016729, delay 0.000001)
clara10:2503642:2504220 [0] NCCL INFO NCCL_P2P_DISABLE set by environment to 1
clara10:2503642:2504220 [0] NCCL INFO Setting affinity for GPU 0 to 02,00000002
clara10:2503642:2504220 [0] NCCL INFO NVLS multicast support is not available on dev 0
clara10:2503643:2504222 [1] NCCL INFO NCCL_P2P_DISABLE set by environment to 1
clara10:2503645:2504223 [3] NCCL INFO NCCL_P2P_DISABLE set by environment to 1
clara10:2503643:2504222 [1] NCCL INFO Setting affinity for GPU 1 to 430000,00430000
clara10:2503645:2504223 [3] NCCL INFO Setting affinity for GPU 3 to e1000000,e1000000
clara10:2503645:2504223 [3] NCCL INFO NVLS multicast support is not available on dev 3
clara10:2503643:2504222 [1] NCCL INFO NVLS multicast support is not available on dev 1
clara10:2503644:2504221 [2] NCCL INFO NCCL_P2P_DISABLE set by environment to 1
clara10:2503644:2504221 [2] NCCL INFO Setting affinity for GPU 2 to 430000,00430000
clara10:2503644:2504221 [2] NCCL INFO NVLS multicast support is not available on dev 2
clara10:2503643:2504222 [1] NCCL INFO comm 0x564026dc6ef0 rank 1 nRanks 4 nNodes 1 localRanks 4 localRank 1 MNNVL 0
clara10:2503643:2504222 [1] NCCL INFO Trees [0] 3/-1/-1->1->-1 [1] 3/-1/-1->1->-1
clara10:2503643:2504222 [1] NCCL INFO P2P Chunksize set to 131072
clara10:2503644:2504221 [2] NCCL INFO comm 0x557d68a073d0 rank 2 nRanks 4 nNodes 1 localRanks 4 localRank 2 MNNVL 0
clara10:2503645:2504223 [3] NCCL INFO comm 0x56396f77e780 rank 3 nRanks 4 nNodes 1 localRanks 4 localRank 3 MNNVL 0
clara10:2503644:2504221 [2] NCCL INFO Trees [0] -1/-1/-1->2->0 [1] -1/-1/-1->2->0
clara10:2503642:2504220 [0] NCCL INFO comm 0x55c90e28a2f0 rank 0 nRanks 4 nNodes 1 localRanks 4 localRank 0 MNNVL 0
clara10:2503644:2504221 [2] NCCL INFO P2P Chunksize set to 131072
clara10:2503645:2504223 [3] NCCL INFO Trees [0] 0/-1/-1->3->1 [1] 0/-1/-1->3->1
clara10:2503645:2504223 [3] NCCL INFO P2P Chunksize set to 131072
clara10:2503642:2504220 [0] NCCL INFO Channel 00/02 : 0 1 2 3
clara10:2503642:2504220 [0] NCCL INFO Channel 01/02 : 0 1 2 3
clara10:2503642:2504220 [0] NCCL INFO Trees [0] 2/-1/-1->0->3 [1] 2/-1/-1->0->3
clara10:2503642:2504220 [0] NCCL INFO P2P Chunksize set to 131072
clara10:2503642:2504220 [0] NCCL INFO Check P2P Type intraNodeP2pSupport 0 directMode 0
clara10:2503644:2504236 [2] NCCL INFO [Proxy Service UDS] Device 2 CPU core 22
clara10:2503643:2504232 [1] NCCL INFO [Proxy Service] Device 1 CPU core 54
clara10:2503642:2504235 [0] NCCL INFO [Proxy Service] Device 0 CPU core 33
clara10:2503645:2504238 [3] NCCL INFO [Proxy Service UDS] Device 3 CPU core 56
clara10:2503645:2504234 [3] NCCL INFO [Proxy Service] Device 3 CPU core 24
clara10:2503643:2504237 [1] NCCL INFO [Proxy Service UDS] Device 1 CPU core 22
clara10:2503642:2504239 [0] NCCL INFO [Proxy Service UDS] Device 0 CPU core 33
clara10:2503644:2504233 [2] NCCL INFO [Proxy Service] Device 2 CPU core 54
clara10:2503643:2504222 [1] NCCL INFO threadThresholds 8/8/64 | 32/8/64 | 512 | 512
clara10:2503643:2504222 [1] NCCL INFO 2 coll channels, 2 collnet channels, 0 nvls channels, 2 p2p channels, 2 p2p channels per peer
clara10:2503644:2504221 [2] NCCL INFO threadThresholds 8/8/64 | 32/8/64 | 512 | 512
clara10:2503644:2504221 [2] NCCL INFO 2 coll channels, 2 collnet channels, 0 nvls channels, 2 p2p channels, 2 p2p channels per peer
clara10:2503645:2504223 [3] NCCL INFO threadThresholds 8/8/64 | 32/8/64 | 512 | 512
clara10:2503645:2504223 [3] NCCL INFO 2 coll channels, 2 collnet channels, 0 nvls channels, 2 p2p channels, 2 p2p channels per peer
clara10:2503642:2504220 [0] NCCL INFO threadThresholds 8/8/64 | 32/8/64 | 512 | 512
clara10:2503642:2504220 [0] NCCL INFO 2 coll channels, 2 collnet channels, 0 nvls channels, 2 p2p channels, 2 p2p channels per peer
clara10:2503642:2504220 [0] NCCL INFO CC Off, workFifoBytes 1048576
clara10:2503645:2504223 [3] NCCL INFO TUNER/Plugin: Could not find: libnccl-tuner.so. Using internal tuner plugin.
clara10:2503645:2504223 [3] NCCL INFO ncclCommInitRankConfig comm 0x56396f77e780 rank 3 nranks 4 cudaDev 3 nvmlDev 3 busId 64000 commId 0x95f32d08ddc9c1ff - Init COMPLETE
clara10:2503645:2504223 [3] NCCL INFO Init timings - ncclCommInitRankConfig: rank 3 nranks 4 total 0.46 (kernels 0.35, alloc 0.01, bootstrap 0.05, allgathers 0.00, topo 0.03, graphs 0.00, connections 0.01, rest 0.00)
clara10:2503642:2504220 [0] NCCL INFO TUNER/Plugin: Could not find: libnccl-tuner.so. Using internal tuner plugin.
clara10:2503642:2504220 [0] NCCL INFO ncclCommInitRankConfig comm 0x55c90e28a2f0 rank 0 nranks 4 cudaDev 0 nvmlDev 0 busId 5000 commId 0x95f32d08ddc9c1ff - Init COMPLETE
clara10:2503642:2504220 [0] NCCL INFO Init timings - ncclCommInitRankConfig: rank 0 nranks 4 total 0.47 (kernels 0.37, alloc 0.01, bootstrap 0.04, allgathers 0.00, topo 0.03, graphs 0.00, connections 0.01, rest 0.00)
clara10:2503643:2504222 [1] NCCL INFO TUNER/Plugin: Could not find: libnccl-tuner.so. Using internal tuner plugin.
clara10:2503644:2504221 [2] NCCL INFO TUNER/Plugin: Could not find: libnccl-tuner.so. Using internal tuner plugin.
clara10:2503643:2504222 [1] NCCL INFO ncclCommInitRankConfig comm 0x564026dc6ef0 rank 1 nranks 4 cudaDev 1 nvmlDev 1 busId 43000 commId 0x95f32d08ddc9c1ff - Init COMPLETE
clara10:2503644:2504221 [2] NCCL INFO ncclCommInitRankConfig comm 0x557d68a073d0 rank 2 nranks 4 cudaDev 2 nvmlDev 2 busId 44000 commId 0x95f32d08ddc9c1ff - Init COMPLETE
clara10:2503644:2504221 [2] NCCL INFO Init timings - ncclCommInitRankConfig: rank 2 nranks 4 total 0.46 (kernels 0.24, alloc 0.01, bootstrap 0.16, allgathers 0.00, topo 0.03, graphs 0.00, connections 0.01, rest 0.00)
clara10:2503643:2504222 [1] NCCL INFO Init timings - ncclCommInitRankConfig: rank 1 nranks 4 total 0.46 (kernels 0.25, alloc 0.01, bootstrap 0.15, allgathers 0.00, topo 0.03, graphs 0.00, connections 0.01, rest 0.00)
clara10:2503645:2504240 [3] NCCL INFO Channel 00 : 3[3] -> 0[0] via SHM/direct/direct
clara10:2503642:2504241 [0] NCCL INFO Channel 00 : 0[0] -> 1[1] via SHM/direct/direct
clara10:2503645:2504240 [3] NCCL INFO Channel 01 : 3[3] -> 0[0] via SHM/direct/direct
clara10:2503642:2504241 [0] NCCL INFO Channel 01 : 0[0] -> 1[1] via SHM/direct/direct
clara10:2503643:2504243 [1] NCCL INFO Channel 00 : 1[1] -> 2[2] via SHM/direct/direct
clara10:2503643:2504243 [1] NCCL INFO Channel 01 : 1[1] -> 2[2] via SHM/direct/direct
clara10:2503644:2504242 [2] NCCL INFO Channel 00 : 2[2] -> 3[3] via SHM/direct/direct
clara10:2503644:2504242 [2] NCCL INFO Channel 01 : 2[2] -> 3[3] via SHM/direct/direct
clara10:2503645:2504240 [3] NCCL INFO Connected all rings, use ring PXN 0 GDR 1
clara10:2503643:2504243 [1] NCCL INFO Connected all rings, use ring PXN 0 GDR 1
clara10:2503644:2504242 [2] NCCL INFO Connected all rings, use ring PXN 0 GDR 1
clara10:2503642:2504241 [0] NCCL INFO Connected all rings, use ring PXN 0 GDR 1
