MASTER_ADDR is 172.18.62.11
PING 172.18.62.11 (172.18.62.11) 56(84) bytes of data.
64 bytes from 172.18.62.11: icmp_seq=1 ttl=64 time=0.023 ms

--- 172.18.62.11 ping statistics ---
1 packets transmitted, 1 received, 0% packet loss, time 0ms
rtt min/avg/max/mdev = 0.023/0.023/0.023/0.000 ms
W0714 22:18:49.340000 4173820 site-packages/torch/distributed/run.py:766] 
W0714 22:18:49.340000 4173820 site-packages/torch/distributed/run.py:766] *****************************************
W0714 22:18:49.340000 4173820 site-packages/torch/distributed/run.py:766] Setting OMP_NUM_THREADS environment variable for each process to be 1 in default, to avoid your system being overloaded, please further tune the variable for optimal performance in your application as needed. 
W0714 22:18:49.340000 4173820 site-packages/torch/distributed/run.py:766] *****************************************
[W714 22:18:49.300188511 socket.cpp:755] [c10d] The client socket cannot be initialized to connect to [paula11.sc.uni-leipzig.de]:19511 (errno: 97 - Address family not supported by protocol).
[W714 22:18:49.490455525 socket.cpp:755] [c10d] The client socket cannot be initialized to connect to [paula11.sc.uni-leipzig.de]:36475 (errno: 97 - Address family not supported by protocol).
[W714 22:18:53.836565128 socket.cpp:755] [c10d] The client socket cannot be initialized to connect to [paula11.sc.uni-leipzig.de]:36475 (errno: 97 - Address family not supported by protocol).
[W714 22:18:53.836668963 socket.cpp:755] [c10d] The client socket cannot be initialized to connect to [paula11.sc.uni-leipzig.de]:36475 (errno: 97 - Address family not supported by protocol).
[W714 22:18:53.836668943 socket.cpp:755] [c10d] The client socket cannot be initialized to connect to [paula11.sc.uni-leipzig.de]:36475 (errno: 97 - Address family not supported by protocol).
[W714 22:18:53.836780914 socket.cpp:755] [c10d] The client socket cannot be initialized to connect to [paula11.sc.uni-leipzig.de]:36475 (errno: 97 - Address family not supported by protocol).
wandb: Currently logged in as: coyfelix7 (coyfelix7-universit-t-leipzig) to https://api.wandb.ai. Use `wandb login --relogin` to force relogin
Using VAE-optimized preprocessing...
Using VAE-optimized preprocessing...
Using VAE-optimized preprocessing...
wandb: Tracking run with wandb version 0.21.0
wandb: Run data is saved locally in /home/sc.uni-leipzig.de/ci72buri/projects/vae/Leipzig_big_data_praktikum_gene_expression_autoencoder/wandb/run-20250714_221855-35pjmpsu
wandb: Run `wandb offline` to turn off syncing.
wandb: Syncing run still-sound-190
wandb: ⭐️ View project at https://wandb.ai/coyfelix7-universit-t-leipzig/big_data_vae
wandb: 🚀 View run at https://wandb.ai/coyfelix7-universit-t-leipzig/big_data_vae/runs/35pjmpsu
Using VAE-optimized preprocessing...
Dataset loaded: 20000 cells × 100 genes
Dataset loaded: 20000 cells × 100 genes
Dataset loaded: 20000 cells × 100 genes
/home/sc.uni-leipzig.de/ci72buri/projects/vae/Leipzig_big_data_praktikum_gene_expression_autoencoder/autoCell/data_loader.py:152: ImplicitModificationWarning: Modifying `X` on a view results in data being overridden
  self.adata.X = X
/home/sc.uni-leipzig.de/ci72buri/projects/vae/Leipzig_big_data_praktikum_gene_expression_autoencoder/autoCell/data_loader.py:152: ImplicitModificationWarning: Modifying `X` on a view results in data being overridden
  self.adata.X = X
/home/sc.uni-leipzig.de/ci72buri/projects/vae/Leipzig_big_data_praktikum_gene_expression_autoencoder/autoCell/data_loader.py:152: ImplicitModificationWarning: Modifying `X` on a view results in data being overridden
  self.adata.X = X
Dataset loaded: 20000 cells × 100 genes
/home/sc.uni-leipzig.de/ci72buri/projects/vae/Leipzig_big_data_praktikum_gene_expression_autoencoder/autoCell/data_loader.py:152: ImplicitModificationWarning: Modifying `X` on a view results in data being overridden
  self.adata.X = X
Dataset loaded: 20000 cells × 100 genes
Dataset loaded: 20000 cells × 100 genes
Dataset loaded: 20000 cells × 100 genes
Dataset loaded: 20000 cells × 100 genes
paula11:4173843:4173843 [0] NCCL INFO NCCL_SOCKET_IFNAME set by environment to bond0
paula11:4173843:4173843 [0] NCCL INFO Bootstrap: Using bond0:172.18.62.11<0>
paula11:4173843:4173843 [0] NCCL INFO cudaDriverVersion 12020
paula11:4173843:4173843 [0] NCCL INFO NCCL version 2.26.2+cuda12.2
paula11:4173843:4173843 [0] NCCL INFO Comm config Blocking set to 1
paula11:4173845:4173845 [2] NCCL INFO cudaDriverVersion 12020
paula11:4173845:4173845 [2] NCCL INFO NCCL_SOCKET_IFNAME set by environment to bond0
paula11:4173845:4173845 [2] NCCL INFO Bootstrap: Using bond0:172.18.62.11<0>
paula11:4173845:4173845 [2] NCCL INFO NCCL version 2.26.2+cuda12.2
paula11:4173846:4173846 [3] NCCL INFO cudaDriverVersion 12020
paula11:4173846:4173846 [3] NCCL INFO NCCL_SOCKET_IFNAME set by environment to bond0
paula11:4173846:4173846 [3] NCCL INFO Bootstrap: Using bond0:172.18.62.11<0>
paula11:4173846:4173846 [3] NCCL INFO NCCL version 2.26.2+cuda12.2
paula11:4173844:4173844 [1] NCCL INFO cudaDriverVersion 12020
paula11:4173844:4173844 [1] NCCL INFO NCCL_SOCKET_IFNAME set by environment to bond0
paula11:4173845:4173845 [2] NCCL INFO Comm config Blocking set to 1
paula11:4173844:4173844 [1] NCCL INFO Bootstrap: Using bond0:172.18.62.11<0>
paula11:4173844:4173844 [1] NCCL INFO NCCL version 2.26.2+cuda12.2
paula11:4173846:4173846 [3] NCCL INFO Comm config Blocking set to 1
paula11:4173844:4173844 [1] NCCL INFO Comm config Blocking set to 1
paula11:4173843:4173952 [0] NCCL INFO NET/Plugin: Could not find: libnccl-net.so. Using internal net plugin.
paula11:4173843:4173952 [0] NCCL INFO NCCL_IB_DISABLE set by environment to 1.
paula11:4173843:4173952 [0] NCCL INFO NCCL_SOCKET_IFNAME set by environment to bond0
paula11:4173843:4173952 [0] NCCL INFO NET/Socket : Using [0]bond0:172.18.62.11<0>
paula11:4173843:4173952 [0] NCCL INFO PROFILER/Plugin: Could not find: libnccl-profiler.so. 
paula11:4173843:4173952 [0] NCCL INFO Using network Socket
paula11:4173843:4173952 [0] NCCL INFO ncclCommInitRankConfig comm 0x5638f8461ff0 rank 0 nranks 4 cudaDev 0 nvmlDev 0 busId 1000 commId 0x15f56cfe0def0a73 - Init START
paula11:4173846:4173954 [3] NCCL INFO NET/Plugin: Could not find: libnccl-net.so. Using internal net plugin.
paula11:4173846:4173954 [3] NCCL INFO NCCL_IB_DISABLE set by environment to 1.
paula11:4173846:4173954 [3] NCCL INFO NCCL_SOCKET_IFNAME set by environment to bond0
paula11:4173845:4173953 [2] NCCL INFO NET/Plugin: Could not find: libnccl-net.so. Using internal net plugin.
paula11:4173845:4173953 [2] NCCL INFO NCCL_IB_DISABLE set by environment to 1.
paula11:4173845:4173953 [2] NCCL INFO NCCL_SOCKET_IFNAME set by environment to bond0
paula11:4173846:4173954 [3] NCCL INFO NET/Socket : Using [0]bond0:172.18.62.11<0>
paula11:4173844:4173955 [1] NCCL INFO NET/Plugin: Could not find: libnccl-net.so. Using internal net plugin.
paula11:4173844:4173955 [1] NCCL INFO NCCL_IB_DISABLE set by environment to 1.
paula11:4173844:4173955 [1] NCCL INFO NCCL_SOCKET_IFNAME set by environment to bond0
paula11:4173845:4173953 [2] NCCL INFO NET/Socket : Using [0]bond0:172.18.62.11<0>
paula11:4173844:4173955 [1] NCCL INFO NET/Socket : Using [0]bond0:172.18.62.11<0>
paula11:4173846:4173954 [3] NCCL INFO PROFILER/Plugin: Could not find: libnccl-profiler.so. 
paula11:4173846:4173954 [3] NCCL INFO Using network Socket
paula11:4173846:4173954 [3] NCCL INFO ncclCommInitRankConfig comm 0x55b020e41c80 rank 3 nranks 4 cudaDev 3 nvmlDev 3 busId c1000 commId 0x15f56cfe0def0a73 - Init START
paula11:4173845:4173953 [2] NCCL INFO PROFILER/Plugin: Could not find: libnccl-profiler.so. 
paula11:4173845:4173953 [2] NCCL INFO Using network Socket
paula11:4173845:4173953 [2] NCCL INFO ncclCommInitRankConfig comm 0x5560fa303a40 rank 2 nranks 4 cudaDev 2 nvmlDev 2 busId 61000 commId 0x15f56cfe0def0a73 - Init START
paula11:4173844:4173955 [1] NCCL INFO PROFILER/Plugin: Could not find: libnccl-profiler.so. 
paula11:4173844:4173955 [1] NCCL INFO Using network Socket
paula11:4173844:4173955 [1] NCCL INFO ncclCommInitRankConfig comm 0x5559c6ad86f0 rank 1 nranks 4 cudaDev 1 nvmlDev 1 busId 22000 commId 0x15f56cfe0def0a73 - Init START
paula11:4173846:4173954 [3] NCCL INFO RAS client listening socket at 127.0.0.1<28028>
paula11:4173844:4173955 [1] NCCL INFO RAS client listening socket at 127.0.0.1<28028>
paula11:4173845:4173953 [2] NCCL INFO RAS client listening socket at 127.0.0.1<28028>
paula11:4173843:4173952 [0] NCCL INFO RAS client listening socket at 127.0.0.1<28028>
paula11:4173843:4173952 [0] NCCL INFO Bootstrap timings total 0.172130 (create 0.000030, send 0.000143, recv 0.021808, ring 0.000084, delay 0.000000)
paula11:4173845:4173953 [2] NCCL INFO Bootstrap timings total 0.151616 (create 0.000022, send 0.000124, recv 0.000101, ring 0.003120, delay 0.000000)
paula11:4173846:4173954 [3] NCCL INFO Bootstrap timings total 0.152948 (create 0.000030, send 0.000139, recv 0.000137, ring 0.005090, delay 0.000000)
paula11:4173844:4173955 [1] NCCL INFO Bootstrap timings total 0.150426 (create 0.000024, send 0.000100, recv 0.000206, ring 0.005234, delay 0.000000)
paula11:4173844:4173955 [1] NCCL INFO NCCL_P2P_DISABLE set by environment to 1
paula11:4173843:4173952 [0] NCCL INFO NCCL_P2P_DISABLE set by environment to 1
paula11:4173844:4173955 [1] NCCL INFO Setting affinity for GPU 1 to 01,00000000
paula11:4173844:4173955 [1] NCCL INFO NVLS multicast support is not available on dev 1
paula11:4173845:4173953 [2] NCCL INFO NCCL_P2P_DISABLE set by environment to 1
paula11:4173843:4173952 [0] NCCL INFO Setting affinity for GPU 0 to 010000,00000000
paula11:4173843:4173952 [0] NCCL INFO NVLS multicast support is not available on dev 0
paula11:4173845:4173953 [2] NCCL INFO Setting affinity for GPU 2 to 01
paula11:4173845:4173953 [2] NCCL INFO NVLS multicast support is not available on dev 2
paula11:4173846:4173954 [3] NCCL INFO NCCL_P2P_DISABLE set by environment to 1
paula11:4173846:4173954 [3] NCCL INFO Setting affinity for GPU 3 to 1fff0000,00000000,00000000
paula11:4173846:4173954 [3] NCCL INFO NVLS multicast support is not available on dev 3
paula11:4173846:4173954 [3] NCCL INFO comm 0x55b020e41c80 rank 3 nRanks 4 nNodes 1 localRanks 4 localRank 3 MNNVL 0
paula11:4173845:4173953 [2] NCCL INFO comm 0x5560fa303a40 rank 2 nRanks 4 nNodes 1 localRanks 4 localRank 2 MNNVL 0
paula11:4173844:4173955 [1] NCCL INFO comm 0x5559c6ad86f0 rank 1 nRanks 4 nNodes 1 localRanks 4 localRank 1 MNNVL 0
paula11:4173843:4173952 [0] NCCL INFO comm 0x5638f8461ff0 rank 0 nRanks 4 nNodes 1 localRanks 4 localRank 0 MNNVL 0
paula11:4173846:4173954 [3] NCCL INFO Trees [0] -1/-1/-1->3->2 [1] -1/-1/-1->3->2
paula11:4173846:4173954 [3] NCCL INFO P2P Chunksize set to 131072
paula11:4173845:4173953 [2] NCCL INFO Trees [0] 3/-1/-1->2->1 [1] 3/-1/-1->2->1
paula11:4173844:4173955 [1] NCCL INFO Trees [0] 2/-1/-1->1->0 [1] 2/-1/-1->1->0
paula11:4173843:4173952 [0] NCCL INFO Channel 00/02 : 0 1 2 3
paula11:4173845:4173953 [2] NCCL INFO P2P Chunksize set to 131072
paula11:4173843:4173952 [0] NCCL INFO Channel 01/02 : 0 1 2 3
paula11:4173844:4173955 [1] NCCL INFO P2P Chunksize set to 131072
paula11:4173843:4173952 [0] NCCL INFO Trees [0] 1/-1/-1->0->-1 [1] 1/-1/-1->0->-1
paula11:4173843:4173952 [0] NCCL INFO P2P Chunksize set to 131072
paula11:4173843:4173952 [0] NCCL INFO Check P2P Type intraNodeP2pSupport 0 directMode 0
paula11:4173846:4173967 [3] NCCL INFO [Proxy Service] Device 3 CPU core 91
paula11:4173846:4173968 [3] NCCL INFO [Proxy Service UDS] Device 3 CPU core 90
paula11:4173846:4173954 [3] NCCL INFO threadThresholds 8/8/64 | 32/8/64 | 512 | 512
paula11:4173846:4173954 [3] NCCL INFO 2 coll channels, 2 collnet channels, 0 nvls channels, 2 p2p channels, 2 p2p channels per peer
paula11:4173845:4173953 [2] NCCL INFO threadThresholds 8/8/64 | 32/8/64 | 512 | 512
paula11:4173845:4173953 [2] NCCL INFO 2 coll channels, 2 collnet channels, 0 nvls channels, 2 p2p channels, 2 p2p channels per peer
paula11:4173844:4173955 [1] NCCL INFO threadThresholds 8/8/64 | 32/8/64 | 512 | 512
paula11:4173843:4173952 [0] NCCL INFO threadThresholds 8/8/64 | 32/8/64 | 512 | 512
paula11:4173844:4173955 [1] NCCL INFO 2 coll channels, 2 collnet channels, 0 nvls channels, 2 p2p channels, 2 p2p channels per peer
paula11:4173843:4173952 [0] NCCL INFO 2 coll channels, 2 collnet channels, 0 nvls channels, 2 p2p channels, 2 p2p channels per peer
paula11:4173843:4173952 [0] NCCL INFO CC Off, workFifoBytes 1048576
paula11:4173846:4173954 [3] NCCL INFO TUNER/Plugin: Could not find: libnccl-tuner.so. Using internal tuner plugin.
paula11:4173846:4173954 [3] NCCL INFO ncclCommInitRankConfig comm 0x55b020e41c80 rank 3 nranks 4 cudaDev 3 nvmlDev 3 busId c1000 commId 0x15f56cfe0def0a73 - Init COMPLETE
paula11:4173846:4173954 [3] NCCL INFO Init timings - ncclCommInitRankConfig: rank 3 nranks 4 total 0.35 (kernels 0.12, alloc 0.00, bootstrap 0.15, allgathers 0.00, topo 0.06, graphs 0.00, connections 0.01, rest 0.00)
paula11:4173845:4173953 [2] NCCL INFO TUNER/Plugin: Could not find: libnccl-tuner.so. Using internal tuner plugin.
paula11:4173844:4173955 [1] NCCL INFO TUNER/Plugin: Could not find: libnccl-tuner.so. Using internal tuner plugin.
paula11:4173845:4173953 [2] NCCL INFO ncclCommInitRankConfig comm 0x5560fa303a40 rank 2 nranks 4 cudaDev 2 nvmlDev 2 busId 61000 commId 0x15f56cfe0def0a73 - Init COMPLETE
paula11:4173843:4173952 [0] NCCL INFO TUNER/Plugin: Could not find: libnccl-tuner.so. Using internal tuner plugin.
paula11:4173844:4173955 [1] NCCL INFO ncclCommInitRankConfig comm 0x5559c6ad86f0 rank 1 nranks 4 cudaDev 1 nvmlDev 1 busId 22000 commId 0x15f56cfe0def0a73 - Init COMPLETE
paula11:4173845:4173953 [2] NCCL INFO Init timings - ncclCommInitRankConfig: rank 2 nranks 4 total 0.35 (kernels 0.12, alloc 0.00, bootstrap 0.15, allgathers 0.00, topo 0.06, graphs 0.00, connections 0.01, rest 0.00)
paula11:4173843:4173952 [0] NCCL INFO ncclCommInitRankConfig comm 0x5638f8461ff0 rank 0 nranks 4 cudaDev 0 nvmlDev 0 busId 1000 commId 0x15f56cfe0def0a73 - Init COMPLETE
paula11:4173844:4173955 [1] NCCL INFO Init timings - ncclCommInitRankConfig: rank 1 nranks 4 total 0.35 (kernels 0.12, alloc 0.00, bootstrap 0.15, allgathers 0.00, topo 0.06, graphs 0.00, connections 0.01, rest 0.00)
paula11:4173843:4173952 [0] NCCL INFO Init timings - ncclCommInitRankConfig: rank 0 nranks 4 total 0.37 (kernels 0.12, alloc 0.00, bootstrap 0.17, allgathers 0.00, topo 0.06, graphs 0.00, connections 0.01, rest 0.00)
paula11:4173844:4173973 [1] NCCL INFO [Proxy Service UDS] Device 1 CPU core 32
paula11:4173845:4173974 [2] NCCL INFO [Proxy Service UDS] Device 2 CPU core 0
paula11:4173843:4173971 [0] NCCL INFO [Proxy Service UDS] Device 0 CPU core 48
paula11:4173845:4173972 [2] NCCL INFO [Proxy Service] Device 2 CPU core 0
paula11:4173844:4173969 [1] NCCL INFO [Proxy Service] Device 1 CPU core 32
paula11:4173843:4173970 [0] NCCL INFO [Proxy Service] Device 0 CPU core 48
paula11:4173846:4173975 [3] NCCL INFO Channel 00 : 3[3] -> 0[0] via SHM/direct/direct
paula11:4173846:4173975 [3] NCCL INFO Channel 01 : 3[3] -> 0[0] via SHM/direct/direct
paula11:4173843:4173978 [0] NCCL INFO Channel 00 : 0[0] -> 1[1] via SHM/direct/direct
paula11:4173844:4173976 [1] NCCL INFO Channel 00 : 1[1] -> 2[2] via SHM/direct/direct
paula11:4173845:4173977 [2] NCCL INFO Channel 00 : 2[2] -> 3[3] via SHM/direct/direct
paula11:4173843:4173978 [0] NCCL INFO Channel 01 : 0[0] -> 1[1] via SHM/direct/direct
paula11:4173844:4173976 [1] NCCL INFO Channel 01 : 1[1] -> 2[2] via SHM/direct/direct
paula11:4173845:4173977 [2] NCCL INFO Channel 01 : 2[2] -> 3[3] via SHM/direct/direct
paula11:4173844:4173976 [1] NCCL INFO Connected all rings, use ring PXN 0 GDR 1
paula11:4173846:4173975 [3] NCCL INFO Connected all rings, use ring PXN 0 GDR 1
paula11:4173843:4173978 [0] NCCL INFO Connected all rings, use ring PXN 0 GDR 1
paula11:4173845:4173977 [2] NCCL INFO Connected all rings, use ring PXN 0 GDR 1
[Rank 1] Calling model forward at epoch 1, batch size: 512
[Rank 1] Model forward completed.
[Rank 0] Calling model forward at epoch 1, batch size: 512
[Rank 0] Model forward completed.
