MASTER_ADDR is 172.18.62.11
PING 172.18.62.11 (172.18.62.11) 56(84) bytes of data.
64 bytes from 172.18.62.11: icmp_seq=1 ttl=64 time=0.031 ms

--- 172.18.62.11 ping statistics ---
1 packets transmitted, 1 received, 0% packet loss, time 0ms
rtt min/avg/max/mdev = 0.031/0.031/0.031/0.000 ms
W0714 22:55:01.291000 4189097 site-packages/torch/distributed/run.py:766] 
W0714 22:55:01.291000 4189097 site-packages/torch/distributed/run.py:766] *****************************************
W0714 22:55:01.291000 4189097 site-packages/torch/distributed/run.py:766] Setting OMP_NUM_THREADS environment variable for each process to be 1 in default, to avoid your system being overloaded, please further tune the variable for optimal performance in your application as needed. 
W0714 22:55:01.291000 4189097 site-packages/torch/distributed/run.py:766] *****************************************
[W714 22:55:01.251410926 socket.cpp:755] [c10d] The client socket cannot be initialized to connect to [paula11.sc.uni-leipzig.de]:34517 (errno: 97 - Address family not supported by protocol).
[W714 22:55:01.330041580 socket.cpp:755] [c10d] The client socket cannot be initialized to connect to [paula11.sc.uni-leipzig.de]:37673 (errno: 97 - Address family not supported by protocol).
[W714 22:55:05.254917538 socket.cpp:755] [c10d] The client socket cannot be initialized to connect to [paula11.sc.uni-leipzig.de]:37673 (errno: 97 - Address family not supported by protocol).
[W714 22:55:05.255146468 socket.cpp:755] [c10d] The client socket cannot be initialized to connect to [paula11.sc.uni-leipzig.de]:37673 (errno: 97 - Address family not supported by protocol).
[W714 22:55:05.255799637 socket.cpp:755] [c10d] The client socket cannot be initialized to connect to [paula11.sc.uni-leipzig.de]:37673 (errno: 97 - Address family not supported by protocol).
[W714 22:55:05.256032074 socket.cpp:755] [c10d] The client socket cannot be initialized to connect to [paula11.sc.uni-leipzig.de]:37673 (errno: 97 - Address family not supported by protocol).
[W714 22:55:05.256431275 socket.cpp:755] [c10d] The client socket cannot be initialized to connect to [paula11.sc.uni-leipzig.de]:37673 (errno: 97 - Address family not supported by protocol).
wandb: Currently logged in as: coyfelix7 (coyfelix7-universit-t-leipzig) to https://api.wandb.ai. Use `wandb login --relogin` to force relogin
Using VAE-optimized preprocessing...
Using VAE-optimized preprocessing...
Using VAE-optimized preprocessing...
Using VAE-optimized preprocessing...
wandb: Tracking run with wandb version 0.21.0
wandb: Run data is saved locally in /home/sc.uni-leipzig.de/ci72buri/projects/vae/Leipzig_big_data_praktikum_gene_expression_autoencoder/wandb/run-20250714_225506-192bf4by
wandb: Run `wandb offline` to turn off syncing.
wandb: Syncing run pious-water-191
wandb: ⭐️ View project at https://wandb.ai/coyfelix7-universit-t-leipzig/big_data_vae
wandb: 🚀 View run at https://wandb.ai/coyfelix7-universit-t-leipzig/big_data_vae/runs/192bf4by
Dataset loaded: 5000 cells × 2000 genes
Using VAE-optimized preprocessing...
Dataset loaded: 5000 cells × 2000 genes
Dataset loaded: 5000 cells × 2000 genes
Dataset loaded: 5000 cells × 2000 genes
/home/sc.uni-leipzig.de/ci72buri/projects/vae/Leipzig_big_data_praktikum_gene_expression_autoencoder/autoCell/data_loader.py:152: ImplicitModificationWarning: Modifying `X` on a view results in data being overridden
  self.adata.X = X
/home/sc.uni-leipzig.de/ci72buri/projects/vae/Leipzig_big_data_praktikum_gene_expression_autoencoder/autoCell/data_loader.py:152: ImplicitModificationWarning: Modifying `X` on a view results in data being overridden
  self.adata.X = X
/home/sc.uni-leipzig.de/ci72buri/projects/vae/Leipzig_big_data_praktikum_gene_expression_autoencoder/autoCell/data_loader.py:152: ImplicitModificationWarning: Modifying `X` on a view results in data being overridden
  self.adata.X = X
/home/sc.uni-leipzig.de/ci72buri/projects/vae/Leipzig_big_data_praktikum_gene_expression_autoencoder/autoCell/data_loader.py:152: ImplicitModificationWarning: Modifying `X` on a view results in data being overridden
  self.adata.X = X
Dataset loaded: 5000 cells × 2000 genes
/home/sc.uni-leipzig.de/ci72buri/projects/vae/Leipzig_big_data_praktikum_gene_expression_autoencoder/autoCell/data_loader.py:152: ImplicitModificationWarning: Modifying `X` on a view results in data being overridden
  self.adata.X = X
Dataset loaded: 5000 cells × 2000 genes
Dataset loaded: 5000 cells × 2000 genes
Dataset loaded: 5000 cells × 2000 genes
Dataset loaded: 5000 cells × 2000 genes
Dataset loaded: 5000 cells × 2000 genes
paula11:4189124:4189124 [0] NCCL INFO NCCL_SOCKET_IFNAME set by environment to bond0
paula11:4189124:4189124 [0] NCCL INFO Bootstrap: Using bond0:172.18.62.11<0>
paula11:4189124:4189124 [0] NCCL INFO cudaDriverVersion 12020
paula11:4189124:4189124 [0] NCCL INFO NCCL version 2.26.2+cuda12.2
paula11:4189124:4189124 [0] NCCL INFO Comm config Blocking set to 1
paula11:4189126:4189126 [2] NCCL INFO cudaDriverVersion 12020
paula11:4189126:4189126 [2] NCCL INFO NCCL_SOCKET_IFNAME set by environment to bond0
paula11:4189126:4189126 [2] NCCL INFO Bootstrap: Using bond0:172.18.62.11<0>
paula11:4189126:4189126 [2] NCCL INFO NCCL version 2.26.2+cuda12.2
paula11:4189126:4189126 [2] NCCL INFO Comm config Blocking set to 1
paula11:4189127:4189127 [3] NCCL INFO cudaDriverVersion 12020
paula11:4189127:4189127 [3] NCCL INFO NCCL_SOCKET_IFNAME set by environment to bond0
paula11:4189127:4189127 [3] NCCL INFO Bootstrap: Using bond0:172.18.62.11<0>
paula11:4189127:4189127 [3] NCCL INFO NCCL version 2.26.2+cuda12.2
paula11:4189127:4189127 [3] NCCL INFO Comm config Blocking set to 1
paula11:4189125:4189125 [1] NCCL INFO cudaDriverVersion 12020
paula11:4189125:4189125 [1] NCCL INFO NCCL_SOCKET_IFNAME set by environment to bond0
paula11:4189125:4189125 [1] NCCL INFO Bootstrap: Using bond0:172.18.62.11<0>
paula11:4189125:4189125 [1] NCCL INFO NCCL version 2.26.2+cuda12.2
paula11:4189128:4189128 [4] NCCL INFO cudaDriverVersion 12020
paula11:4189128:4189128 [4] NCCL INFO NCCL_SOCKET_IFNAME set by environment to bond0
paula11:4189128:4189128 [4] NCCL INFO Bootstrap: Using bond0:172.18.62.11<0>
paula11:4189128:4189128 [4] NCCL INFO NCCL version 2.26.2+cuda12.2
paula11:4189125:4189125 [1] NCCL INFO Comm config Blocking set to 1
paula11:4189128:4189128 [4] NCCL INFO Comm config Blocking set to 1
paula11:4189124:4189253 [0] NCCL INFO NET/Plugin: Could not find: libnccl-net.so. Using internal net plugin.
paula11:4189124:4189253 [0] NCCL INFO NCCL_IB_DISABLE set by environment to 1.
paula11:4189124:4189253 [0] NCCL INFO NCCL_SOCKET_IFNAME set by environment to bond0
paula11:4189124:4189253 [0] NCCL INFO NET/Socket : Using [0]bond0:172.18.62.11<0>
paula11:4189124:4189253 [0] NCCL INFO PROFILER/Plugin: Could not find: libnccl-profiler.so. 
paula11:4189124:4189253 [0] NCCL INFO Using network Socket
paula11:4189124:4189253 [0] NCCL INFO ncclCommInitRankConfig comm 0x565029463160 rank 0 nranks 5 cudaDev 0 nvmlDev 0 busId 1000 commId 0x7808c1600461c662 - Init START
paula11:4189127:4189255 [3] NCCL INFO NET/Plugin: Could not find: libnccl-net.so. Using internal net plugin.
paula11:4189126:4189254 [2] NCCL INFO NET/Plugin: Could not find: libnccl-net.so. Using internal net plugin.
paula11:4189127:4189255 [3] NCCL INFO NCCL_IB_DISABLE set by environment to 1.
paula11:4189126:4189254 [2] NCCL INFO NCCL_IB_DISABLE set by environment to 1.
paula11:4189127:4189255 [3] NCCL INFO NCCL_SOCKET_IFNAME set by environment to bond0
paula11:4189126:4189254 [2] NCCL INFO NCCL_SOCKET_IFNAME set by environment to bond0
paula11:4189126:4189254 [2] NCCL INFO NET/Socket : Using [0]bond0:172.18.62.11<0>
paula11:4189127:4189255 [3] NCCL INFO NET/Socket : Using [0]bond0:172.18.62.11<0>
paula11:4189126:4189254 [2] NCCL INFO PROFILER/Plugin: Could not find: libnccl-profiler.so. 
paula11:4189126:4189254 [2] NCCL INFO Using network Socket
paula11:4189128:4189257 [4] NCCL INFO NET/Plugin: Could not find: libnccl-net.so. Using internal net plugin.
paula11:4189128:4189257 [4] NCCL INFO NCCL_IB_DISABLE set by environment to 1.
paula11:4189128:4189257 [4] NCCL INFO NCCL_SOCKET_IFNAME set by environment to bond0
paula11:4189128:4189257 [4] NCCL INFO NET/Socket : Using [0]bond0:172.18.62.11<0>
paula11:4189127:4189255 [3] NCCL INFO PROFILER/Plugin: Could not find: libnccl-profiler.so. 
paula11:4189127:4189255 [3] NCCL INFO Using network Socket
paula11:4189128:4189257 [4] NCCL INFO PROFILER/Plugin: Could not find: libnccl-profiler.so. 
paula11:4189128:4189257 [4] NCCL INFO Using network Socket
paula11:4189126:4189254 [2] NCCL INFO ncclCommInitRankConfig comm 0x556057060950 rank 2 nranks 5 cudaDev 2 nvmlDev 2 busId 61000 commId 0x7808c1600461c662 - Init START
paula11:4189127:4189255 [3] NCCL INFO ncclCommInitRankConfig comm 0x560074c0a2d0 rank 3 nranks 5 cudaDev 3 nvmlDev 3 busId a1000 commId 0x7808c1600461c662 - Init START
paula11:4189128:4189257 [4] NCCL INFO ncclCommInitRankConfig comm 0x55d690cd54d0 rank 4 nranks 5 cudaDev 4 nvmlDev 4 busId c1000 commId 0x7808c1600461c662 - Init START
paula11:4189125:4189256 [1] NCCL INFO NET/Plugin: Could not find: libnccl-net.so. Using internal net plugin.
paula11:4189125:4189256 [1] NCCL INFO NCCL_IB_DISABLE set by environment to 1.
paula11:4189125:4189256 [1] NCCL INFO NCCL_SOCKET_IFNAME set by environment to bond0
paula11:4189125:4189256 [1] NCCL INFO NET/Socket : Using [0]bond0:172.18.62.11<0>
paula11:4189125:4189256 [1] NCCL INFO PROFILER/Plugin: Could not find: libnccl-profiler.so. 
paula11:4189125:4189256 [1] NCCL INFO Using network Socket
paula11:4189125:4189256 [1] NCCL INFO ncclCommInitRankConfig comm 0x55fa40fd8bb0 rank 1 nranks 5 cudaDev 1 nvmlDev 1 busId 22000 commId 0x7808c1600461c662 - Init START
paula11:4189127:4189255 [3] NCCL INFO RAS client listening socket at 127.0.0.1<28028>
paula11:4189128:4189257 [4] NCCL INFO RAS client listening socket at 127.0.0.1<28028>
paula11:4189125:4189256 [1] NCCL INFO RAS client listening socket at 127.0.0.1<28028>
paula11:4189126:4189254 [2] NCCL INFO RAS client listening socket at 127.0.0.1<28028>
paula11:4189124:4189253 [0] NCCL INFO RAS client listening socket at 127.0.0.1<28028>
paula11:4189128:4189257 [4] NCCL INFO Bootstrap timings total 0.027818 (create 0.000033, send 0.016965, recv 0.000442, ring 0.007781, delay 0.000000)
paula11:4189126:4189254 [2] NCCL INFO Bootstrap timings total 0.030547 (create 0.000023, send 0.019649, recv 0.000181, ring 0.000523, delay 0.000000)
paula11:4189124:4189253 [0] NCCL INFO Bootstrap timings total 0.041825 (create 0.000038, send 0.000159, recv 0.038909, ring 0.000107, delay 0.000000)
paula11:4189127:4189255 [3] NCCL INFO Bootstrap timings total 0.028536 (create 0.000032, send 0.017652, recv 0.000319, ring 0.008022, delay 0.000000)
paula11:4189125:4189256 [1] NCCL INFO Bootstrap timings total 0.023623 (create 0.000024, send 0.020703, recv 0.000224, ring 0.000776, delay 0.000000)
paula11:4189126:4189254 [2] NCCL INFO NCCL_P2P_DISABLE set by environment to 1
paula11:4189125:4189256 [1] NCCL INFO NCCL_P2P_DISABLE set by environment to 1
paula11:4189127:4189255 [3] NCCL INFO NCCL_P2P_DISABLE set by environment to 1
paula11:4189126:4189254 [2] NCCL INFO Setting affinity for GPU 2 to 01
paula11:4189128:4189257 [4] NCCL INFO NCCL_P2P_DISABLE set by environment to 1
paula11:4189126:4189254 [2] NCCL INFO NVLS multicast support is not available on dev 2
paula11:4189125:4189256 [1] NCCL INFO Setting affinity for GPU 1 to 01,00000000
paula11:4189127:4189255 [3] NCCL INFO Setting affinity for GPU 3 to 01ff,00000000,00000000,00000000
paula11:4189127:4189255 [3] NCCL INFO NVLS multicast support is not available on dev 3
paula11:4189128:4189257 [4] NCCL INFO Setting affinity for GPU 4 to ff0000,00000000,00000000
paula11:4189128:4189257 [4] NCCL INFO NVLS multicast support is not available on dev 4
paula11:4189125:4189256 [1] NCCL INFO NVLS multicast support is not available on dev 1
paula11:4189124:4189253 [0] NCCL INFO NCCL_P2P_DISABLE set by environment to 1
paula11:4189124:4189253 [0] NCCL INFO Setting affinity for GPU 0 to 010000,00000000
paula11:4189124:4189253 [0] NCCL INFO NVLS multicast support is not available on dev 0
paula11:4189128:4189257 [4] NCCL INFO comm 0x55d690cd54d0 rank 4 nRanks 5 nNodes 1 localRanks 5 localRank 4 MNNVL 0
paula11:4189127:4189255 [3] NCCL INFO comm 0x560074c0a2d0 rank 3 nRanks 5 nNodes 1 localRanks 5 localRank 3 MNNVL 0
paula11:4189124:4189253 [0] NCCL INFO comm 0x565029463160 rank 0 nRanks 5 nNodes 1 localRanks 5 localRank 0 MNNVL 0
paula11:4189126:4189254 [2] NCCL INFO comm 0x556057060950 rank 2 nRanks 5 nNodes 1 localRanks 5 localRank 2 MNNVL 0
paula11:4189125:4189256 [1] NCCL INFO comm 0x55fa40fd8bb0 rank 1 nRanks 5 nNodes 1 localRanks 5 localRank 1 MNNVL 0
paula11:4189128:4189257 [4] NCCL INFO Trees [0] -1/-1/-1->4->3 [1] -1/-1/-1->4->3
paula11:4189127:4189255 [3] NCCL INFO Trees [0] 4/-1/-1->3->2 [1] 4/-1/-1->3->2
paula11:4189124:4189253 [0] NCCL INFO Channel 00/02 : 0 1 2 3 4
paula11:4189128:4189257 [4] NCCL INFO P2P Chunksize set to 131072
paula11:4189126:4189254 [2] NCCL INFO Trees [0] 3/-1/-1->2->1 [1] 3/-1/-1->2->1
paula11:4189127:4189255 [3] NCCL INFO P2P Chunksize set to 131072
paula11:4189124:4189253 [0] NCCL INFO Channel 01/02 : 0 1 2 3 4
paula11:4189125:4189256 [1] NCCL INFO Trees [0] 2/-1/-1->1->0 [1] 2/-1/-1->1->0
paula11:4189126:4189254 [2] NCCL INFO P2P Chunksize set to 131072
paula11:4189124:4189253 [0] NCCL INFO Trees [0] 1/-1/-1->0->-1 [1] 1/-1/-1->0->-1
paula11:4189125:4189256 [1] NCCL INFO P2P Chunksize set to 131072
paula11:4189124:4189253 [0] NCCL INFO P2P Chunksize set to 131072
paula11:4189124:4189253 [0] NCCL INFO Check P2P Type intraNodeP2pSupport 0 directMode 0
paula11:4189128:4189268 [4] NCCL INFO [Proxy Service] Device 4 CPU core 82
paula11:4189127:4189269 [3] NCCL INFO [Proxy Service] Device 3 CPU core 104
paula11:4189128:4189270 [4] NCCL INFO [Proxy Service UDS] Device 4 CPU core 81
paula11:4189127:4189273 [3] NCCL INFO [Proxy Service UDS] Device 3 CPU core 98
paula11:4189128:4189257 [4] NCCL INFO threadThresholds 8/8/64 | 40/8/64 | 512 | 512
paula11:4189128:4189257 [4] NCCL INFO 2 coll channels, 2 collnet channels, 0 nvls channels, 2 p2p channels, 2 p2p channels per peer
paula11:4189127:4189255 [3] NCCL INFO threadThresholds 8/8/64 | 40/8/64 | 512 | 512
paula11:4189127:4189255 [3] NCCL INFO 2 coll channels, 2 collnet channels, 0 nvls channels, 2 p2p channels, 2 p2p channels per peer
paula11:4189126:4189254 [2] NCCL INFO threadThresholds 8/8/64 | 40/8/64 | 512 | 512
paula11:4189126:4189254 [2] NCCL INFO 2 coll channels, 2 collnet channels, 0 nvls channels, 2 p2p channels, 2 p2p channels per peer
paula11:4189125:4189256 [1] NCCL INFO threadThresholds 8/8/64 | 40/8/64 | 512 | 512
paula11:4189125:4189256 [1] NCCL INFO 2 coll channels, 2 collnet channels, 0 nvls channels, 2 p2p channels, 2 p2p channels per peer
paula11:4189124:4189253 [0] NCCL INFO threadThresholds 8/8/64 | 40/8/64 | 512 | 512
paula11:4189124:4189253 [0] NCCL INFO 2 coll channels, 2 collnet channels, 0 nvls channels, 2 p2p channels, 2 p2p channels per peer
paula11:4189124:4189253 [0] NCCL INFO CC Off, workFifoBytes 1048576
paula11:4189127:4189255 [3] NCCL INFO TUNER/Plugin: Could not find: libnccl-tuner.so. Using internal tuner plugin.
paula11:4189127:4189255 [3] NCCL INFO ncclCommInitRankConfig comm 0x560074c0a2d0 rank 3 nranks 5 cudaDev 3 nvmlDev 3 busId a1000 commId 0x7808c1600461c662 - Init COMPLETE
paula11:4189127:4189255 [3] NCCL INFO Init timings - ncclCommInitRankConfig: rank 3 nranks 5 total 0.24 (kernels 0.12, alloc 0.01, bootstrap 0.03, allgathers 0.00, topo 0.08, graphs 0.00, connections 0.01, rest 0.00)
paula11:4189128:4189257 [4] NCCL INFO TUNER/Plugin: Could not find: libnccl-tuner.so. Using internal tuner plugin.
paula11:4189128:4189257 [4] NCCL INFO ncclCommInitRankConfig comm 0x55d690cd54d0 rank 4 nranks 5 cudaDev 4 nvmlDev 4 busId c1000 commId 0x7808c1600461c662 - Init COMPLETE
paula11:4189128:4189257 [4] NCCL INFO Init timings - ncclCommInitRankConfig: rank 4 nranks 5 total 0.24 (kernels 0.12, alloc 0.01, bootstrap 0.03, allgathers 0.00, topo 0.08, graphs 0.00, connections 0.01, rest 0.00)
paula11:4189125:4189256 [1] NCCL INFO TUNER/Plugin: Could not find: libnccl-tuner.so. Using internal tuner plugin.
paula11:4189126:4189254 [2] NCCL INFO TUNER/Plugin: Could not find: libnccl-tuner.so. Using internal tuner plugin.
paula11:4189125:4189256 [1] NCCL INFO ncclCommInitRankConfig comm 0x55fa40fd8bb0 rank 1 nranks 5 cudaDev 1 nvmlDev 1 busId 22000 commId 0x7808c1600461c662 - Init COMPLETE
paula11:4189126:4189254 [2] NCCL INFO ncclCommInitRankConfig comm 0x556057060950 rank 2 nranks 5 cudaDev 2 nvmlDev 2 busId 61000 commId 0x7808c1600461c662 - Init COMPLETE
paula11:4189124:4189253 [0] NCCL INFO TUNER/Plugin: Could not find: libnccl-tuner.so. Using internal tuner plugin.
paula11:4189125:4189256 [1] NCCL INFO Init timings - ncclCommInitRankConfig: rank 1 nranks 5 total 0.24 (kernels 0.12, alloc 0.00, bootstrap 0.02, allgathers 0.00, topo 0.08, graphs 0.00, connections 0.01, rest 0.00)
paula11:4189126:4189254 [2] NCCL INFO Init timings - ncclCommInitRankConfig: rank 2 nranks 5 total 0.25 (kernels 0.12, alloc 0.01, bootstrap 0.03, allgathers 0.00, topo 0.08, graphs 0.00, connections 0.01, rest 0.00)
paula11:4189124:4189253 [0] NCCL INFO ncclCommInitRankConfig comm 0x565029463160 rank 0 nranks 5 cudaDev 0 nvmlDev 0 busId 1000 commId 0x7808c1600461c662 - Init COMPLETE
paula11:4189124:4189253 [0] NCCL INFO Init timings - ncclCommInitRankConfig: rank 0 nranks 5 total 0.26 (kernels 0.12, alloc 0.00, bootstrap 0.04, allgathers 0.00, topo 0.08, graphs 0.00, connections 0.01, rest 0.00)
paula11:4189124:4189276 [0] NCCL INFO [Proxy Service UDS] Device 0 CPU core 48
paula11:4189125:4189277 [1] NCCL INFO [Proxy Service UDS] Device 1 CPU core 32
paula11:4189126:4189275 [2] NCCL INFO [Proxy Service UDS] Device 2 CPU core 0
paula11:4189124:4189274 [0] NCCL INFO [Proxy Service] Device 0 CPU core 48
paula11:4189125:4189272 [1] NCCL INFO [Proxy Service] Device 1 CPU core 32
paula11:4189126:4189271 [2] NCCL INFO [Proxy Service] Device 2 CPU core 0
paula11:4189128:4189280 [4] NCCL INFO Channel 00 : 4[4] -> 0[0] via SHM/direct/direct
paula11:4189127:4189278 [3] NCCL INFO Channel 00 : 3[3] -> 4[4] via SHM/direct/direct
paula11:4189128:4189280 [4] NCCL INFO Channel 01 : 4[4] -> 0[0] via SHM/direct/direct
paula11:4189127:4189278 [3] NCCL INFO Channel 01 : 3[3] -> 4[4] via SHM/direct/direct
paula11:4189125:4189279 [1] NCCL INFO Channel 00 : 1[1] -> 2[2] via SHM/direct/direct
paula11:4189124:4189282 [0] NCCL INFO Channel 00 : 0[0] -> 1[1] via SHM/direct/direct
paula11:4189126:4189281 [2] NCCL INFO Channel 00 : 2[2] -> 3[3] via SHM/direct/direct
paula11:4189126:4189281 [2] NCCL INFO Channel 01 : 2[2] -> 3[3] via SHM/direct/direct
paula11:4189125:4189279 [1] NCCL INFO Channel 01 : 1[1] -> 2[2] via SHM/direct/direct
paula11:4189124:4189282 [0] NCCL INFO Channel 01 : 0[0] -> 1[1] via SHM/direct/direct
paula11:4189125:4189279 [1] NCCL INFO Connected all rings, use ring PXN 0 GDR 1
paula11:4189127:4189278 [3] NCCL INFO Connected all rings, use ring PXN 0 GDR 1
paula11:4189124:4189282 [0] NCCL INFO Connected all rings, use ring PXN 0 GDR 1
paula11:4189128:4189280 [4] NCCL INFO Connected all rings, use ring PXN 0 GDR 1
paula11:4189126:4189281 [2] NCCL INFO Connected all rings, use ring PXN 0 GDR 1
[Rank 4] Calling model forward at epoch 1, batch size: 1000
[Rank 4] Model forward completed.
[Rank 2] Calling model forward at epoch 1, batch size: 1000
[Rank 2] Model forward completed.
[Rank 0] Calling model forward at epoch 1, batch size: 1000
[Rank 3] Calling model forward at epoch 1, batch size: 1000
[Rank 1] Calling model forward at epoch 1, batch size: 1000
[Rank 0] Model forward completed.
[Rank 3] Model forward completed.
[Rank 1] Model forward completed.
[Epoch 1] Time: 118.67s | Loss: 0.1320
[Rank 0] Calling model forward at epoch 2, batch size: 1000
[Rank 0] Model forward completed.
[Rank 4] Calling model forward at epoch 2, batch size: 1000
[Rank 1] Calling model forward at epoch 2, batch size: 1000
[Rank 1] Model forward completed.
[Rank 2] Calling model forward at epoch 2, batch size: 1000
[Rank 2] Model forward completed.
