MASTER_ADDR is 172.18.62.11
PING 172.18.62.11 (172.18.62.11) 56(84) bytes of data.
64 bytes from 172.18.62.11: icmp_seq=1 ttl=64 time=0.032 ms

--- 172.18.62.11 ping statistics ---
1 packets transmitted, 1 received, 0% packet loss, time 0ms
rtt min/avg/max/mdev = 0.032/0.032/0.032/0.000 ms
W0715 02:09:57.305000 97512 site-packages/torch/distributed/run.py:766] 
W0715 02:09:57.305000 97512 site-packages/torch/distributed/run.py:766] *****************************************
W0715 02:09:57.305000 97512 site-packages/torch/distributed/run.py:766] Setting OMP_NUM_THREADS environment variable for each process to be 1 in default, to avoid your system being overloaded, please further tune the variable for optimal performance in your application as needed. 
W0715 02:09:57.305000 97512 site-packages/torch/distributed/run.py:766] *****************************************
[W715 02:09:57.265594252 socket.cpp:755] [c10d] The client socket cannot be initialized to connect to [paula11.sc.uni-leipzig.de]:27118 (errno: 97 - Address family not supported by protocol).
[W715 02:09:57.425899555 socket.cpp:755] [c10d] The client socket cannot be initialized to connect to [paula11.sc.uni-leipzig.de]:36963 (errno: 97 - Address family not supported by protocol).
[W715 02:10:01.279420158 socket.cpp:755] [c10d] The client socket cannot be initialized to connect to [paula11.sc.uni-leipzig.de]:36963 (errno: 97 - Address family not supported by protocol).
[W715 02:10:01.279755509 socket.cpp:755] [c10d] The client socket cannot be initialized to connect to [paula11.sc.uni-leipzig.de]:36963 (errno: 97 - Address family not supported by protocol).
[W715 02:10:01.279810853 socket.cpp:755] [c10d] The client socket cannot be initialized to connect to [paula11.sc.uni-leipzig.de]:36963 (errno: 97 - Address family not supported by protocol).
[W715 02:10:01.280386466 socket.cpp:755] [c10d] The client socket cannot be initialized to connect to [paula11.sc.uni-leipzig.de]:36963 (errno: 97 - Address family not supported by protocol).
wandb: Currently logged in as: coyfelix7 (coyfelix7-universit-t-leipzig) to https://api.wandb.ai. Use `wandb login --relogin` to force relogin
Using VAE-optimized preprocessing...
Using VAE-optimized preprocessing...
Using VAE-optimized preprocessing...
wandb: Tracking run with wandb version 0.21.0
wandb: Run data is saved locally in /home/sc.uni-leipzig.de/ci72buri/projects/vae/Leipzig_big_data_praktikum_gene_expression_autoencoder/wandb/run-20250715_021002-802lh1dr
wandb: Run `wandb offline` to turn off syncing.
wandb: Syncing run smart-sponge-219
wandb: ⭐️ View project at https://wandb.ai/coyfelix7-universit-t-leipzig/big_data_vae
wandb: 🚀 View run at https://wandb.ai/coyfelix7-universit-t-leipzig/big_data_vae/runs/802lh1dr
Using VAE-optimized preprocessing...
Dataset loaded: 20000 cells × 200 genes
/home/sc.uni-leipzig.de/ci72buri/.conda/envs/cell-vae/lib/python3.10/site-packages/torch/utils/data/dataloader.py:626: UserWarning: This DataLoader will create 25 worker processes in total. Our suggested max number of worker in current system is 20, which is smaller than what this DataLoader is going to create. Please be aware that excessive worker creation might get DataLoader running slow or even freeze, lower the worker number to avoid potential slowness/freeze if necessary.
  warnings.warn(
Dataset loaded: 20000 cells × 200 genes
/home/sc.uni-leipzig.de/ci72buri/.conda/envs/cell-vae/lib/python3.10/site-packages/torch/utils/data/dataloader.py:626: UserWarning: This DataLoader will create 25 worker processes in total. Our suggested max number of worker in current system is 20, which is smaller than what this DataLoader is going to create. Please be aware that excessive worker creation might get DataLoader running slow or even freeze, lower the worker number to avoid potential slowness/freeze if necessary.
  warnings.warn(
[W715 02:10:06.555549228 socket.cpp:755] [c10d] The client socket cannot be initialized to connect to [paula11.sc.uni-leipzig.de]:36963 (errno: 97 - Address family not supported by protocol).
Dataset loaded: 20000 cells × 200 genes
/home/sc.uni-leipzig.de/ci72buri/.conda/envs/cell-vae/lib/python3.10/site-packages/torch/utils/data/dataloader.py:626: UserWarning: This DataLoader will create 25 worker processes in total. Our suggested max number of worker in current system is 20, which is smaller than what this DataLoader is going to create. Please be aware that excessive worker creation might get DataLoader running slow or even freeze, lower the worker number to avoid potential slowness/freeze if necessary.
  warnings.warn(
Using VAE-optimized preprocessing...
Dataset loaded: 20000 cells × 200 genes
/home/sc.uni-leipzig.de/ci72buri/.conda/envs/cell-vae/lib/python3.10/site-packages/torch/utils/data/dataloader.py:626: UserWarning: This DataLoader will create 25 worker processes in total. Our suggested max number of worker in current system is 20, which is smaller than what this DataLoader is going to create. Please be aware that excessive worker creation might get DataLoader running slow or even freeze, lower the worker number to avoid potential slowness/freeze if necessary.
  warnings.warn(
paula11:97539:97539 [0] NCCL INFO NCCL_SOCKET_IFNAME set by environment to bond0
paula11:97539:97539 [0] NCCL INFO Bootstrap: Using bond0:172.18.62.11<0>
paula11:97539:97539 [0] NCCL INFO cudaDriverVersion 12020
paula11:97539:97539 [0] NCCL INFO NCCL version 2.26.2+cuda12.2
paula11:97539:97539 [0] NCCL INFO Comm config Blocking set to 1
paula11:97542:97542 [3] NCCL INFO cudaDriverVersion 12020
paula11:97542:97542 [3] NCCL INFO NCCL_SOCKET_IFNAME set by environment to bond0
paula11:97542:97542 [3] NCCL INFO Bootstrap: Using bond0:172.18.62.11<0>
paula11:97542:97542 [3] NCCL INFO NCCL version 2.26.2+cuda12.2
paula11:97542:97542 [3] NCCL INFO Comm config Blocking set to 1
paula11:97543:97543 [4] NCCL INFO cudaDriverVersion 12020
paula11:97543:97543 [4] NCCL INFO NCCL_SOCKET_IFNAME set by environment to bond0
paula11:97543:97543 [4] NCCL INFO Bootstrap: Using bond0:172.18.62.11<0>
paula11:97543:97543 [4] NCCL INFO NCCL version 2.26.2+cuda12.2
paula11:97541:97541 [2] NCCL INFO cudaDriverVersion 12020
paula11:97541:97541 [2] NCCL INFO NCCL_SOCKET_IFNAME set by environment to bond0
paula11:97541:97541 [2] NCCL INFO Bootstrap: Using bond0:172.18.62.11<0>
paula11:97541:97541 [2] NCCL INFO NCCL version 2.26.2+cuda12.2
paula11:97543:97543 [4] NCCL INFO Comm config Blocking set to 1
paula11:97541:97541 [2] NCCL INFO Comm config Blocking set to 1
paula11:97539:97671 [0] NCCL INFO NET/Plugin: Could not find: libnccl-net.so. Using internal net plugin.
paula11:97539:97671 [0] NCCL INFO NCCL_IB_DISABLE set by environment to 1.
paula11:97539:97671 [0] NCCL INFO NCCL_SOCKET_IFNAME set by environment to bond0
paula11:97539:97671 [0] NCCL INFO NET/Socket : Using [0]bond0:172.18.62.11<0>
paula11:97539:97671 [0] NCCL INFO PROFILER/Plugin: Could not find: libnccl-profiler.so. 
paula11:97539:97671 [0] NCCL INFO Using network Socket
paula11:97539:97671 [0] NCCL INFO ncclCommInitRankConfig comm 0x5601a1d07680 rank 0 nranks 5 cudaDev 0 nvmlDev 0 busId 22000 commId 0x16aa7241bdc80c55 - Init START
paula11:97543:97673 [4] NCCL INFO NET/Plugin: Could not find: libnccl-net.so. Using internal net plugin.
paula11:97543:97673 [4] NCCL INFO NCCL_IB_DISABLE set by environment to 1.
paula11:97543:97673 [4] NCCL INFO NCCL_SOCKET_IFNAME set by environment to bond0
paula11:97543:97673 [4] NCCL INFO NET/Socket : Using [0]bond0:172.18.62.11<0>
paula11:97543:97673 [4] NCCL INFO PROFILER/Plugin: Could not find: libnccl-profiler.so. 
paula11:97543:97673 [4] NCCL INFO Using network Socket
paula11:97543:97673 [4] NCCL INFO ncclCommInitRankConfig comm 0x5641eeaf3f40 rank 4 nranks 5 cudaDev 4 nvmlDev 4 busId e1000 commId 0x16aa7241bdc80c55 - Init START
paula11:97541:97674 [2] NCCL INFO NET/Plugin: Could not find: libnccl-net.so. Using internal net plugin.
paula11:97541:97674 [2] NCCL INFO NCCL_IB_DISABLE set by environment to 1.
paula11:97541:97674 [2] NCCL INFO NCCL_SOCKET_IFNAME set by environment to bond0
paula11:97541:97674 [2] NCCL INFO NET/Socket : Using [0]bond0:172.18.62.11<0>
paula11:97541:97674 [2] NCCL INFO PROFILER/Plugin: Could not find: libnccl-profiler.so. 
paula11:97541:97674 [2] NCCL INFO Using network Socket
paula11:97541:97674 [2] NCCL INFO ncclCommInitRankConfig comm 0x55f9addb6780 rank 2 nranks 5 cudaDev 2 nvmlDev 2 busId 61000 commId 0x16aa7241bdc80c55 - Init START
paula11:97542:97672 [3] NCCL INFO NET/Plugin: Could not find: libnccl-net.so. Using internal net plugin.
paula11:97542:97672 [3] NCCL INFO NCCL_IB_DISABLE set by environment to 1.
paula11:97542:97672 [3] NCCL INFO NCCL_SOCKET_IFNAME set by environment to bond0
paula11:97542:97672 [3] NCCL INFO NET/Socket : Using [0]bond0:172.18.62.11<0>
paula11:97542:97672 [3] NCCL INFO PROFILER/Plugin: Could not find: libnccl-profiler.so. 
paula11:97542:97672 [3] NCCL INFO Using network Socket
paula11:97542:97672 [3] NCCL INFO ncclCommInitRankConfig comm 0x55dcda81ed40 rank 3 nranks 5 cudaDev 3 nvmlDev 3 busId 81000 commId 0x16aa7241bdc80c55 - Init START
paula11:97543:97673 [4] NCCL INFO RAS client listening socket at 127.0.0.1<28028>
paula11:97542:97672 [3] NCCL INFO RAS client listening socket at 127.0.0.1<28028>
Dataset loaded: 20000 cells × 200 genes
/home/sc.uni-leipzig.de/ci72buri/.conda/envs/cell-vae/lib/python3.10/site-packages/torch/utils/data/dataloader.py:626: UserWarning: This DataLoader will create 25 worker processes in total. Our suggested max number of worker in current system is 20, which is smaller than what this DataLoader is going to create. Please be aware that excessive worker creation might get DataLoader running slow or even freeze, lower the worker number to avoid potential slowness/freeze if necessary.
  warnings.warn(
paula11:97540:97540 [1] NCCL INFO cudaDriverVersion 12020
paula11:97540:97540 [1] NCCL INFO NCCL_SOCKET_IFNAME set by environment to bond0
paula11:97540:97540 [1] NCCL INFO Bootstrap: Using bond0:172.18.62.11<0>
paula11:97540:97540 [1] NCCL INFO NCCL version 2.26.2+cuda12.2
paula11:97540:97540 [1] NCCL INFO Comm config Blocking set to 1
paula11:97540:97679 [1] NCCL INFO NET/Plugin: Could not find: libnccl-net.so. Using internal net plugin.
paula11:97540:97679 [1] NCCL INFO NCCL_IB_DISABLE set by environment to 1.
paula11:97540:97679 [1] NCCL INFO NCCL_SOCKET_IFNAME set by environment to bond0
paula11:97540:97679 [1] NCCL INFO NET/Socket : Using [0]bond0:172.18.62.11<0>
paula11:97540:97679 [1] NCCL INFO PROFILER/Plugin: Could not find: libnccl-profiler.so. 
paula11:97540:97679 [1] NCCL INFO Using network Socket
paula11:97540:97679 [1] NCCL INFO ncclCommInitRankConfig comm 0x55f0665df0b0 rank 1 nranks 5 cudaDev 1 nvmlDev 1 busId 41000 commId 0x16aa7241bdc80c55 - Init START
paula11:97541:97674 [2] NCCL INFO RAS client listening socket at 127.0.0.1<28028>
paula11:97540:97679 [1] NCCL INFO RAS client listening socket at 127.0.0.1<28028>
paula11:97539:97671 [0] NCCL INFO RAS client listening socket at 127.0.0.1<28028>
paula11:97541:97674 [2] NCCL INFO Bootstrap timings total 2.802363 (create 0.000032, send 0.018112, recv 0.008128, ring 0.000174, delay 0.000000)
paula11:97539:97671 [0] NCCL INFO Bootstrap timings total 2.826570 (create 0.000034, send 0.000158, recv 2.823369, ring 0.000129, delay 0.000000)
paula11:97540:97679 [1] NCCL INFO Bootstrap timings total 0.025819 (create 0.000029, send 0.022627, recv 0.000213, ring 0.000173, delay 0.000001)
paula11:97543:97673 [4] NCCL INFO Bootstrap timings total 2.813245 (create 0.000024, send 0.019024, recv 0.000096, ring 2.773555, delay 0.000000)
paula11:97542:97672 [3] NCCL INFO Bootstrap timings total 2.798034 (create 0.000041, send 0.021784, recv 0.000200, ring 2.773297, delay 0.000000)
paula11:97540:97679 [1] NCCL INFO NCCL_P2P_DISABLE set by environment to 1
paula11:97540:97679 [1] NCCL INFO Setting affinity for GPU 1 to 010000
paula11:97540:97679 [1] NCCL INFO NVLS multicast support is not available on dev 1
paula11:97543:97673 [4] NCCL INFO NCCL_P2P_DISABLE set by environment to 1
paula11:97543:97673 [4] NCCL INFO Setting affinity for GPU 4 to 0fe1,00000000,00000000
paula11:97543:97673 [4] NCCL INFO NVLS multicast support is not available on dev 4
paula11:97539:97671 [0] NCCL INFO NCCL_P2P_DISABLE set by environment to 1
paula11:97541:97674 [2] NCCL INFO NCCL_P2P_DISABLE set by environment to 1
paula11:97542:97672 [3] NCCL INFO NCCL_P2P_DISABLE set by environment to 1
paula11:97541:97674 [2] NCCL INFO Setting affinity for GPU 2 to 01
paula11:97542:97672 [3] NCCL INFO Setting affinity for GPU 3 to 01ff0000,00000000,00000000,00000000
paula11:97539:97671 [0] NCCL INFO Setting affinity for GPU 0 to 01,00000000
paula11:97542:97672 [3] NCCL INFO NVLS multicast support is not available on dev 3
paula11:97541:97674 [2] NCCL INFO NVLS multicast support is not available on dev 2
paula11:97539:97671 [0] NCCL INFO NVLS multicast support is not available on dev 0
paula11:97543:97673 [4] NCCL INFO comm 0x5641eeaf3f40 rank 4 nRanks 5 nNodes 1 localRanks 5 localRank 4 MNNVL 0
paula11:97542:97672 [3] NCCL INFO comm 0x55dcda81ed40 rank 3 nRanks 5 nNodes 1 localRanks 5 localRank 3 MNNVL 0
paula11:97539:97671 [0] NCCL INFO comm 0x5601a1d07680 rank 0 nRanks 5 nNodes 1 localRanks 5 localRank 0 MNNVL 0
paula11:97541:97674 [2] NCCL INFO comm 0x55f9addb6780 rank 2 nRanks 5 nNodes 1 localRanks 5 localRank 2 MNNVL 0
paula11:97540:97679 [1] NCCL INFO comm 0x55f0665df0b0 rank 1 nRanks 5 nNodes 1 localRanks 5 localRank 1 MNNVL 0
paula11:97543:97673 [4] NCCL INFO Trees [0] -1/-1/-1->4->3 [1] -1/-1/-1->4->3
paula11:97542:97672 [3] NCCL INFO Trees [0] 4/-1/-1->3->2 [1] 4/-1/-1->3->2
paula11:97543:97673 [4] NCCL INFO P2P Chunksize set to 131072
paula11:97539:97671 [0] NCCL INFO Channel 00/02 : 0 1 2 3 4
paula11:97541:97674 [2] NCCL INFO Trees [0] 3/-1/-1->2->1 [1] 3/-1/-1->2->1
paula11:97542:97672 [3] NCCL INFO P2P Chunksize set to 131072
paula11:97540:97679 [1] NCCL INFO Trees [0] 2/-1/-1->1->0 [1] 2/-1/-1->1->0
paula11:97539:97671 [0] NCCL INFO Channel 01/02 : 0 1 2 3 4
paula11:97541:97674 [2] NCCL INFO P2P Chunksize set to 131072
paula11:97540:97679 [1] NCCL INFO P2P Chunksize set to 131072
paula11:97539:97671 [0] NCCL INFO Trees [0] 1/-1/-1->0->-1 [1] 1/-1/-1->0->-1
paula11:97539:97671 [0] NCCL INFO P2P Chunksize set to 131072
paula11:97539:97671 [0] NCCL INFO Check P2P Type intraNodeP2pSupport 0 directMode 0
paula11:97543:97687 [4] NCCL INFO [Proxy Service] Device 4 CPU core 73
paula11:97542:97686 [3] NCCL INFO [Proxy Service] Device 3 CPU core 116
paula11:97543:97692 [4] NCCL INFO [Proxy Service UDS] Device 4 CPU core 75
paula11:97542:97689 [3] NCCL INFO [Proxy Service UDS] Device 3 CPU core 116
paula11:97543:97673 [4] NCCL INFO threadThresholds 8/8/64 | 40/8/64 | 512 | 512
paula11:97543:97673 [4] NCCL INFO 2 coll channels, 2 collnet channels, 0 nvls channels, 2 p2p channels, 2 p2p channels per peer
paula11:97539:97671 [0] NCCL INFO threadThresholds 8/8/64 | 40/8/64 | 512 | 512
paula11:97539:97671 [0] NCCL INFO 2 coll channels, 2 collnet channels, 0 nvls channels, 2 p2p channels, 2 p2p channels per peer
paula11:97541:97674 [2] NCCL INFO threadThresholds 8/8/64 | 40/8/64 | 512 | 512
paula11:97541:97674 [2] NCCL INFO 2 coll channels, 2 collnet channels, 0 nvls channels, 2 p2p channels, 2 p2p channels per peer
paula11:97540:97679 [1] NCCL INFO threadThresholds 8/8/64 | 40/8/64 | 512 | 512
paula11:97540:97679 [1] NCCL INFO 2 coll channels, 2 collnet channels, 0 nvls channels, 2 p2p channels, 2 p2p channels per peer
paula11:97539:97671 [0] NCCL INFO CC Off, workFifoBytes 1048576
paula11:97542:97672 [3] NCCL INFO threadThresholds 8/8/64 | 40/8/64 | 512 | 512
paula11:97542:97672 [3] NCCL INFO 2 coll channels, 2 collnet channels, 0 nvls channels, 2 p2p channels, 2 p2p channels per peer
paula11:97543:97673 [4] NCCL INFO TUNER/Plugin: Could not find: libnccl-tuner.so. Using internal tuner plugin.
paula11:97543:97673 [4] NCCL INFO ncclCommInitRankConfig comm 0x5641eeaf3f40 rank 4 nranks 5 cudaDev 4 nvmlDev 4 busId e1000 commId 0x16aa7241bdc80c55 - Init COMPLETE
paula11:97543:97673 [4] NCCL INFO Init timings - ncclCommInitRankConfig: rank 4 nranks 5 total 3.03 (kernels 0.12, alloc 0.00, bootstrap 2.81, allgathers 0.00, topo 0.08, graphs 0.00, connections 0.01, rest 0.00)
paula11:97540:97679 [1] NCCL INFO TUNER/Plugin: Could not find: libnccl-tuner.so. Using internal tuner plugin.
paula11:97542:97672 [3] NCCL INFO TUNER/Plugin: Could not find: libnccl-tuner.so. Using internal tuner plugin.
paula11:97540:97679 [1] NCCL INFO ncclCommInitRankConfig comm 0x55f0665df0b0 rank 1 nranks 5 cudaDev 1 nvmlDev 1 busId 41000 commId 0x16aa7241bdc80c55 - Init COMPLETE
paula11:97542:97672 [3] NCCL INFO ncclCommInitRankConfig comm 0x55dcda81ed40 rank 3 nranks 5 cudaDev 3 nvmlDev 3 busId 81000 commId 0x16aa7241bdc80c55 - Init COMPLETE
paula11:97542:97672 [3] NCCL INFO Init timings - ncclCommInitRankConfig: rank 3 nranks 5 total 3.03 (kernels 0.14, alloc 0.00, bootstrap 2.80, allgathers 0.00, topo 0.08, graphs 0.00, connections 0.01, rest 0.00)
paula11:97540:97679 [1] NCCL INFO Init timings - ncclCommInitRankConfig: rank 1 nranks 5 total 0.24 (kernels 0.11, alloc 0.00, bootstrap 0.03, allgathers 0.00, topo 0.08, graphs 0.00, connections 0.01, rest 0.00)
paula11:97539:97671 [0] NCCL INFO TUNER/Plugin: Could not find: libnccl-tuner.so. Using internal tuner plugin.
paula11:97541:97674 [2] NCCL INFO TUNER/Plugin: Could not find: libnccl-tuner.so. Using internal tuner plugin.
paula11:97539:97671 [0] NCCL INFO ncclCommInitRankConfig comm 0x5601a1d07680 rank 0 nranks 5 cudaDev 0 nvmlDev 0 busId 22000 commId 0x16aa7241bdc80c55 - Init COMPLETE
paula11:97541:97674 [2] NCCL INFO ncclCommInitRankConfig comm 0x55f9addb6780 rank 2 nranks 5 cudaDev 2 nvmlDev 2 busId 61000 commId 0x16aa7241bdc80c55 - Init COMPLETE
paula11:97539:97671 [0] NCCL INFO Init timings - ncclCommInitRankConfig: rank 0 nranks 5 total 3.04 (kernels 0.12, alloc 0.00, bootstrap 2.83, allgathers 0.00, topo 0.08, graphs 0.00, connections 0.01, rest 0.00)
paula11:97541:97674 [2] NCCL INFO Init timings - ncclCommInitRankConfig: rank 2 nranks 5 total 3.02 (kernels 0.12, alloc 0.00, bootstrap 2.80, allgathers 0.00, topo 0.08, graphs 0.00, connections 0.01, rest 0.00)
paula11:97539:97693 [0] NCCL INFO [Proxy Service UDS] Device 0 CPU core 32
paula11:97541:97694 [2] NCCL INFO [Proxy Service UDS] Device 2 CPU core 0
paula11:97540:97695 [1] NCCL INFO [Proxy Service UDS] Device 1 CPU core 16
paula11:97539:97690 [0] NCCL INFO [Proxy Service] Device 0 CPU core 32
paula11:97541:97688 [2] NCCL INFO [Proxy Service] Device 2 CPU core 0
paula11:97540:97691 [1] NCCL INFO [Proxy Service] Device 1 CPU core 16
paula11:97543:97696 [4] NCCL INFO Channel 00 : 4[4] -> 0[0] via SHM/direct/direct
paula11:97543:97696 [4] NCCL INFO Channel 01 : 4[4] -> 0[0] via SHM/direct/direct
paula11:97542:97700 [3] NCCL INFO Channel 00 : 3[3] -> 4[4] via SHM/direct/direct
paula11:97542:97700 [3] NCCL INFO Channel 01 : 3[3] -> 4[4] via SHM/direct/direct
paula11:97541:97698 [2] NCCL INFO Channel 00 : 2[2] -> 3[3] via SHM/direct/direct
paula11:97539:97697 [0] NCCL INFO Channel 00 : 0[0] -> 1[1] via SHM/direct/direct
paula11:97540:97699 [1] NCCL INFO Channel 00 : 1[1] -> 2[2] via SHM/direct/direct
paula11:97541:97698 [2] NCCL INFO Channel 01 : 2[2] -> 3[3] via SHM/direct/direct
paula11:97539:97697 [0] NCCL INFO Channel 01 : 0[0] -> 1[1] via SHM/direct/direct
paula11:97540:97699 [1] NCCL INFO Channel 01 : 1[1] -> 2[2] via SHM/direct/direct
paula11:97540:97699 [1] NCCL INFO Connected all rings, use ring PXN 0 GDR 1
paula11:97539:97697 [0] NCCL INFO Connected all rings, use ring PXN 0 GDR 1
paula11:97543:97696 [4] NCCL INFO Connected all rings, use ring PXN 0 GDR 1
paula11:97541:97698 [2] NCCL INFO Connected all rings, use ring PXN 0 GDR 1
paula11:97542:97700 [3] NCCL INFO Connected all rings, use ring PXN 0 GDR 1
