MASTER_ADDR is 172.18.62.11
PING 172.18.62.11 (172.18.62.11) 56(84) bytes of data.
64 bytes from 172.18.62.11: icmp_seq=1 ttl=64 time=0.041 ms

--- 172.18.62.11 ping statistics ---
1 packets transmitted, 1 received, 0% packet loss, time 0ms
rtt min/avg/max/mdev = 0.041/0.041/0.041/0.000 ms
W0715 02:13:38.416000 99463 site-packages/torch/distributed/run.py:766] 
W0715 02:13:38.416000 99463 site-packages/torch/distributed/run.py:766] *****************************************
W0715 02:13:38.416000 99463 site-packages/torch/distributed/run.py:766] Setting OMP_NUM_THREADS environment variable for each process to be 1 in default, to avoid your system being overloaded, please further tune the variable for optimal performance in your application as needed. 
W0715 02:13:38.416000 99463 site-packages/torch/distributed/run.py:766] *****************************************
[W715 02:13:38.377830467 socket.cpp:755] [c10d] The client socket cannot be initialized to connect to [paula11.sc.uni-leipzig.de]:21305 (errno: 97 - Address family not supported by protocol).
[W715 02:13:38.441183921 socket.cpp:755] [c10d] The client socket cannot be initialized to connect to [paula11.sc.uni-leipzig.de]:43963 (errno: 97 - Address family not supported by protocol).
[W715 02:13:42.362371747 socket.cpp:755] [c10d] The client socket cannot be initialized to connect to [paula11.sc.uni-leipzig.de]:43963 (errno: 97 - Address family not supported by protocol).
[W715 02:13:42.362488336 socket.cpp:755] [c10d] The client socket cannot be initialized to connect to [paula11.sc.uni-leipzig.de]:43963 (errno: 97 - Address family not supported by protocol).
[W715 02:13:42.362786397 socket.cpp:755] [c10d] The client socket cannot be initialized to connect to [paula11.sc.uni-leipzig.de]:43963 (errno: 97 - Address family not supported by protocol).
[W715 02:13:42.362977827 socket.cpp:755] [c10d] The client socket cannot be initialized to connect to [paula11.sc.uni-leipzig.de]:43963 (errno: 97 - Address family not supported by protocol).
[W715 02:13:42.363666252 socket.cpp:755] [c10d] The client socket cannot be initialized to connect to [paula11.sc.uni-leipzig.de]:43963 (errno: 97 - Address family not supported by protocol).
wandb: Currently logged in as: coyfelix7 (coyfelix7-universit-t-leipzig) to https://api.wandb.ai. Use `wandb login --relogin` to force relogin
Using VAE-optimized preprocessing...
Using VAE-optimized preprocessing...
Using VAE-optimized preprocessing...
Using VAE-optimized preprocessing...
wandb: Tracking run with wandb version 0.21.0
wandb: Run data is saved locally in /home/sc.uni-leipzig.de/ci72buri/projects/vae/Leipzig_big_data_praktikum_gene_expression_autoencoder/wandb/run-20250715_021343-97oh07xl
wandb: Run `wandb offline` to turn off syncing.
wandb: Syncing run wandering-bush-220
wandb: ⭐️ View project at https://wandb.ai/coyfelix7-universit-t-leipzig/big_data_vae
wandb: 🚀 View run at https://wandb.ai/coyfelix7-universit-t-leipzig/big_data_vae/runs/97oh07xl
Using VAE-optimized preprocessing...
Dataset loaded: 20000 cells × 200 genes
/home/sc.uni-leipzig.de/ci72buri/.conda/envs/cell-vae/lib/python3.10/site-packages/torch/utils/data/dataloader.py:626: UserWarning: This DataLoader will create 25 worker processes in total. Our suggested max number of worker in current system is 20, which is smaller than what this DataLoader is going to create. Please be aware that excessive worker creation might get DataLoader running slow or even freeze, lower the worker number to avoid potential slowness/freeze if necessary.
  warnings.warn(
Dataset loaded: 20000 cells × 200 genes
/home/sc.uni-leipzig.de/ci72buri/.conda/envs/cell-vae/lib/python3.10/site-packages/torch/utils/data/dataloader.py:626: UserWarning: This DataLoader will create 25 worker processes in total. Our suggested max number of worker in current system is 20, which is smaller than what this DataLoader is going to create. Please be aware that excessive worker creation might get DataLoader running slow or even freeze, lower the worker number to avoid potential slowness/freeze if necessary.
  warnings.warn(
Dataset loaded: 20000 cells × 200 genes
/home/sc.uni-leipzig.de/ci72buri/.conda/envs/cell-vae/lib/python3.10/site-packages/torch/utils/data/dataloader.py:626: UserWarning: This DataLoader will create 25 worker processes in total. Our suggested max number of worker in current system is 20, which is smaller than what this DataLoader is going to create. Please be aware that excessive worker creation might get DataLoader running slow or even freeze, lower the worker number to avoid potential slowness/freeze if necessary.
  warnings.warn(
Dataset loaded: 20000 cells × 200 genes
/home/sc.uni-leipzig.de/ci72buri/.conda/envs/cell-vae/lib/python3.10/site-packages/torch/utils/data/dataloader.py:626: UserWarning: This DataLoader will create 25 worker processes in total. Our suggested max number of worker in current system is 20, which is smaller than what this DataLoader is going to create. Please be aware that excessive worker creation might get DataLoader running slow or even freeze, lower the worker number to avoid potential slowness/freeze if necessary.
  warnings.warn(
Dataset loaded: 20000 cells × 200 genes
/home/sc.uni-leipzig.de/ci72buri/.conda/envs/cell-vae/lib/python3.10/site-packages/torch/utils/data/dataloader.py:626: UserWarning: This DataLoader will create 25 worker processes in total. Our suggested max number of worker in current system is 20, which is smaller than what this DataLoader is going to create. Please be aware that excessive worker creation might get DataLoader running slow or even freeze, lower the worker number to avoid potential slowness/freeze if necessary.
  warnings.warn(
paula11:99490:99490 [0] NCCL INFO NCCL_SOCKET_IFNAME set by environment to bond0
paula11:99490:99490 [0] NCCL INFO Bootstrap: Using bond0:172.18.62.11<0>
paula11:99490:99490 [0] NCCL INFO cudaDriverVersion 12020
paula11:99490:99490 [0] NCCL INFO NCCL version 2.26.2+cuda12.2
paula11:99490:99490 [0] NCCL INFO Comm config Blocking set to 1
paula11:99491:99491 [1] NCCL INFO cudaDriverVersion 12020
paula11:99491:99491 [1] NCCL INFO NCCL_SOCKET_IFNAME set by environment to bond0
paula11:99491:99491 [1] NCCL INFO Bootstrap: Using bond0:172.18.62.11<0>
paula11:99491:99491 [1] NCCL INFO NCCL version 2.26.2+cuda12.2
paula11:99491:99491 [1] NCCL INFO Comm config Blocking set to 1
paula11:99492:99492 [2] NCCL INFO cudaDriverVersion 12020
paula11:99492:99492 [2] NCCL INFO NCCL_SOCKET_IFNAME set by environment to bond0
paula11:99492:99492 [2] NCCL INFO Bootstrap: Using bond0:172.18.62.11<0>
paula11:99492:99492 [2] NCCL INFO NCCL version 2.26.2+cuda12.2
paula11:99494:99494 [4] NCCL INFO cudaDriverVersion 12020
paula11:99494:99494 [4] NCCL INFO NCCL_SOCKET_IFNAME set by environment to bond0
paula11:99494:99494 [4] NCCL INFO Bootstrap: Using bond0:172.18.62.11<0>
paula11:99494:99494 [4] NCCL INFO NCCL version 2.26.2+cuda12.2
paula11:99493:99493 [3] NCCL INFO cudaDriverVersion 12020
paula11:99493:99493 [3] NCCL INFO NCCL_SOCKET_IFNAME set by environment to bond0
paula11:99492:99492 [2] NCCL INFO Comm config Blocking set to 1
paula11:99493:99493 [3] NCCL INFO Bootstrap: Using bond0:172.18.62.11<0>
paula11:99493:99493 [3] NCCL INFO NCCL version 2.26.2+cuda12.2
paula11:99494:99494 [4] NCCL INFO Comm config Blocking set to 1
paula11:99493:99493 [3] NCCL INFO Comm config Blocking set to 1
paula11:99490:99612 [0] NCCL INFO NET/Plugin: Could not find: libnccl-net.so. Using internal net plugin.
paula11:99490:99612 [0] NCCL INFO NCCL_IB_DISABLE set by environment to 1.
paula11:99490:99612 [0] NCCL INFO NCCL_SOCKET_IFNAME set by environment to bond0
paula11:99490:99612 [0] NCCL INFO NET/Socket : Using [0]bond0:172.18.62.11<0>
paula11:99490:99612 [0] NCCL INFO PROFILER/Plugin: Could not find: libnccl-profiler.so. 
paula11:99490:99612 [0] NCCL INFO Using network Socket
paula11:99490:99612 [0] NCCL INFO ncclCommInitRankConfig comm 0x555f270f30c0 rank 0 nranks 5 cudaDev 0 nvmlDev 0 busId 22000 commId 0xe1206b0079d4de72 - Init START
paula11:99491:99613 [1] NCCL INFO NET/Plugin: Could not find: libnccl-net.so. Using internal net plugin.
paula11:99491:99613 [1] NCCL INFO NCCL_IB_DISABLE set by environment to 1.
paula11:99491:99613 [1] NCCL INFO NCCL_SOCKET_IFNAME set by environment to bond0
paula11:99491:99613 [1] NCCL INFO NET/Socket : Using [0]bond0:172.18.62.11<0>
paula11:99491:99613 [1] NCCL INFO PROFILER/Plugin: Could not find: libnccl-profiler.so. 
paula11:99491:99613 [1] NCCL INFO Using network Socket
paula11:99491:99613 [1] NCCL INFO ncclCommInitRankConfig comm 0x562da7c47cc0 rank 1 nranks 5 cudaDev 1 nvmlDev 1 busId 41000 commId 0xe1206b0079d4de72 - Init START
paula11:99494:99615 [4] NCCL INFO NET/Plugin: Could not find: libnccl-net.so. Using internal net plugin.
paula11:99494:99615 [4] NCCL INFO NCCL_IB_DISABLE set by environment to 1.
paula11:99494:99615 [4] NCCL INFO NCCL_SOCKET_IFNAME set by environment to bond0
paula11:99494:99615 [4] NCCL INFO NET/Socket : Using [0]bond0:172.18.62.11<0>
paula11:99492:99614 [2] NCCL INFO NET/Plugin: Could not find: libnccl-net.so. Using internal net plugin.
paula11:99492:99614 [2] NCCL INFO NCCL_IB_DISABLE set by environment to 1.
paula11:99492:99614 [2] NCCL INFO NCCL_SOCKET_IFNAME set by environment to bond0
paula11:99492:99614 [2] NCCL INFO NET/Socket : Using [0]bond0:172.18.62.11<0>
paula11:99494:99615 [4] NCCL INFO PROFILER/Plugin: Could not find: libnccl-profiler.so. 
paula11:99494:99615 [4] NCCL INFO Using network Socket
paula11:99492:99614 [2] NCCL INFO PROFILER/Plugin: Could not find: libnccl-profiler.so. 
paula11:99492:99614 [2] NCCL INFO Using network Socket
paula11:99494:99615 [4] NCCL INFO ncclCommInitRankConfig comm 0x55c2b609b880 rank 4 nranks 5 cudaDev 4 nvmlDev 4 busId e1000 commId 0xe1206b0079d4de72 - Init START
paula11:99492:99614 [2] NCCL INFO ncclCommInitRankConfig comm 0x557165a52970 rank 2 nranks 5 cudaDev 2 nvmlDev 2 busId 61000 commId 0xe1206b0079d4de72 - Init START
paula11:99491:99613 [1] NCCL INFO RAS client listening socket at 127.0.0.1<28028>
paula11:99490:99612 [0] NCCL INFO RAS client listening socket at 127.0.0.1<28028>
paula11:99493:99616 [3] NCCL INFO NET/Plugin: Could not find: libnccl-net.so. Using internal net plugin.
paula11:99493:99616 [3] NCCL INFO NCCL_IB_DISABLE set by environment to 1.
paula11:99493:99616 [3] NCCL INFO NCCL_SOCKET_IFNAME set by environment to bond0
paula11:99493:99616 [3] NCCL INFO NET/Socket : Using [0]bond0:172.18.62.11<0>
paula11:99493:99616 [3] NCCL INFO PROFILER/Plugin: Could not find: libnccl-profiler.so. 
paula11:99493:99616 [3] NCCL INFO Using network Socket
paula11:99493:99616 [3] NCCL INFO ncclCommInitRankConfig comm 0x5593eda87bd0 rank 3 nranks 5 cudaDev 3 nvmlDev 3 busId 81000 commId 0xe1206b0079d4de72 - Init START
paula11:99494:99615 [4] NCCL INFO RAS client listening socket at 127.0.0.1<28028>
paula11:99492:99614 [2] NCCL INFO RAS client listening socket at 127.0.0.1<28028>
paula11:99493:99616 [3] NCCL INFO RAS client listening socket at 127.0.0.1<28028>
paula11:99492:99614 [2] NCCL INFO Bootstrap timings total 0.244127 (create 0.000023, send 0.025389, recv 0.214792, ring 0.001207, delay 0.000000)
paula11:99494:99615 [4] NCCL INFO Bootstrap timings total 0.245457 (create 0.000026, send 0.027672, recv 0.000129, ring 0.001479, delay 0.000001)
paula11:99491:99613 [1] NCCL INFO Bootstrap timings total 0.255989 (create 0.000045, send 0.029245, recv 0.008095, ring 0.215801, delay 0.000000)
paula11:99490:99612 [0] NCCL INFO Bootstrap timings total 0.266791 (create 0.000036, send 0.006995, recv 0.033803, ring 0.214994, delay 0.000000)
paula11:99493:99616 [3] NCCL INFO Bootstrap timings total 0.032708 (create 0.000099, send 0.028171, recv 0.000260, ring 0.000267, delay 0.000001)
paula11:99492:99614 [2] NCCL INFO NCCL_P2P_DISABLE set by environment to 1
paula11:99492:99614 [2] NCCL INFO Setting affinity for GPU 2 to 01
paula11:99491:99613 [1] NCCL INFO NCCL_P2P_DISABLE set by environment to 1
paula11:99492:99614 [2] NCCL INFO NVLS multicast support is not available on dev 2
paula11:99491:99613 [1] NCCL INFO Setting affinity for GPU 1 to 010000
paula11:99491:99613 [1] NCCL INFO NVLS multicast support is not available on dev 1
paula11:99490:99612 [0] NCCL INFO NCCL_P2P_DISABLE set by environment to 1
paula11:99490:99612 [0] NCCL INFO Setting affinity for GPU 0 to 01,00000000
paula11:99490:99612 [0] NCCL INFO NVLS multicast support is not available on dev 0
paula11:99494:99615 [4] NCCL INFO NCCL_P2P_DISABLE set by environment to 1
paula11:99493:99616 [3] NCCL INFO NCCL_P2P_DISABLE set by environment to 1
paula11:99494:99615 [4] NCCL INFO Setting affinity for GPU 4 to 0fe1,00000000,00000000
paula11:99493:99616 [3] NCCL INFO Setting affinity for GPU 3 to 01ff0000,00000000,00000000,00000000
paula11:99493:99616 [3] NCCL INFO NVLS multicast support is not available on dev 3
paula11:99494:99615 [4] NCCL INFO NVLS multicast support is not available on dev 4
paula11:99494:99615 [4] NCCL INFO comm 0x55c2b609b880 rank 4 nRanks 5 nNodes 1 localRanks 5 localRank 4 MNNVL 0
paula11:99493:99616 [3] NCCL INFO comm 0x5593eda87bd0 rank 3 nRanks 5 nNodes 1 localRanks 5 localRank 3 MNNVL 0
paula11:99490:99612 [0] NCCL INFO comm 0x555f270f30c0 rank 0 nRanks 5 nNodes 1 localRanks 5 localRank 0 MNNVL 0
paula11:99494:99615 [4] NCCL INFO Trees [0] -1/-1/-1->4->3 [1] -1/-1/-1->4->3
paula11:99493:99616 [3] NCCL INFO Trees [0] 4/-1/-1->3->2 [1] 4/-1/-1->3->2
paula11:99494:99615 [4] NCCL INFO P2P Chunksize set to 131072
paula11:99493:99616 [3] NCCL INFO P2P Chunksize set to 131072
paula11:99491:99613 [1] NCCL INFO comm 0x562da7c47cc0 rank 1 nRanks 5 nNodes 1 localRanks 5 localRank 1 MNNVL 0
paula11:99490:99612 [0] NCCL INFO Channel 00/02 : 0 1 2 3 4
paula11:99492:99614 [2] NCCL INFO comm 0x557165a52970 rank 2 nRanks 5 nNodes 1 localRanks 5 localRank 2 MNNVL 0
paula11:99490:99612 [0] NCCL INFO Channel 01/02 : 0 1 2 3 4
paula11:99490:99612 [0] NCCL INFO Trees [0] 1/-1/-1->0->-1 [1] 1/-1/-1->0->-1
paula11:99491:99613 [1] NCCL INFO Trees [0] 2/-1/-1->1->0 [1] 2/-1/-1->1->0
paula11:99490:99612 [0] NCCL INFO P2P Chunksize set to 131072
paula11:99491:99613 [1] NCCL INFO P2P Chunksize set to 131072
paula11:99492:99614 [2] NCCL INFO Trees [0] 3/-1/-1->2->1 [1] 3/-1/-1->2->1
paula11:99490:99612 [0] NCCL INFO Check P2P Type intraNodeP2pSupport 0 directMode 0
paula11:99492:99614 [2] NCCL INFO P2P Chunksize set to 131072
paula11:99493:99629 [3] NCCL INFO [Proxy Service] Device 3 CPU core 120
paula11:99494:99627 [4] NCCL INFO [Proxy Service] Device 4 CPU core 74
paula11:99493:99630 [3] NCCL INFO [Proxy Service UDS] Device 3 CPU core 115
paula11:99494:99632 [4] NCCL INFO [Proxy Service UDS] Device 4 CPU core 72
paula11:99492:99636 [2] NCCL INFO [Proxy Service UDS] Device 2 CPU core 0
paula11:99492:99634 [2] NCCL INFO [Proxy Service] Device 2 CPU core 0
paula11:99493:99616 [3] NCCL INFO threadThresholds 8/8/64 | 40/8/64 | 512 | 512
paula11:99493:99616 [3] NCCL INFO 2 coll channels, 2 collnet channels, 0 nvls channels, 2 p2p channels, 2 p2p channels per peer
paula11:99494:99615 [4] NCCL INFO threadThresholds 8/8/64 | 40/8/64 | 512 | 512
paula11:99494:99615 [4] NCCL INFO 2 coll channels, 2 collnet channels, 0 nvls channels, 2 p2p channels, 2 p2p channels per peer
paula11:99491:99635 [1] NCCL INFO [Proxy Service UDS] Device 1 CPU core 16
paula11:99491:99631 [1] NCCL INFO [Proxy Service] Device 1 CPU core 16
paula11:99490:99612 [0] NCCL INFO threadThresholds 8/8/64 | 40/8/64 | 512 | 512
paula11:99490:99612 [0] NCCL INFO 2 coll channels, 2 collnet channels, 0 nvls channels, 2 p2p channels, 2 p2p channels per peer
paula11:99491:99613 [1] NCCL INFO threadThresholds 8/8/64 | 40/8/64 | 512 | 512
paula11:99491:99613 [1] NCCL INFO 2 coll channels, 2 collnet channels, 0 nvls channels, 2 p2p channels, 2 p2p channels per peer
paula11:99492:99614 [2] NCCL INFO threadThresholds 8/8/64 | 40/8/64 | 512 | 512
paula11:99492:99614 [2] NCCL INFO 2 coll channels, 2 collnet channels, 0 nvls channels, 2 p2p channels, 2 p2p channels per peer
paula11:99490:99633 [0] NCCL INFO [Proxy Service UDS] Device 0 CPU core 32
paula11:99490:99612 [0] NCCL INFO CC Off, workFifoBytes 1048576
paula11:99493:99616 [3] NCCL INFO TUNER/Plugin: Could not find: libnccl-tuner.so. Using internal tuner plugin.
paula11:99493:99616 [3] NCCL INFO ncclCommInitRankConfig comm 0x5593eda87bd0 rank 3 nranks 5 cudaDev 3 nvmlDev 3 busId 81000 commId 0xe1206b0079d4de72 - Init COMPLETE
paula11:99493:99616 [3] NCCL INFO Init timings - ncclCommInitRankConfig: rank 3 nranks 5 total 0.49 (kernels 0.33, alloc 0.01, bootstrap 0.03, allgathers 0.00, topo 0.11, graphs 0.00, connections 0.01, rest 0.00)
paula11:99494:99615 [4] NCCL INFO TUNER/Plugin: Could not find: libnccl-tuner.so. Using internal tuner plugin.
paula11:99494:99615 [4] NCCL INFO ncclCommInitRankConfig comm 0x55c2b609b880 rank 4 nranks 5 cudaDev 4 nvmlDev 4 busId e1000 commId 0xe1206b0079d4de72 - Init COMPLETE
paula11:99494:99615 [4] NCCL INFO Init timings - ncclCommInitRankConfig: rank 4 nranks 5 total 0.49 (kernels 0.12, alloc 0.00, bootstrap 0.25, allgathers 0.00, topo 0.11, graphs 0.00, connections 0.01, rest 0.00)
paula11:99490:99612 [0] NCCL INFO TUNER/Plugin: Could not find: libnccl-tuner.so. Using internal tuner plugin.
paula11:99490:99612 [0] NCCL INFO ncclCommInitRankConfig comm 0x555f270f30c0 rank 0 nranks 5 cudaDev 0 nvmlDev 0 busId 22000 commId 0xe1206b0079d4de72 - Init COMPLETE
paula11:99490:99612 [0] NCCL INFO Init timings - ncclCommInitRankConfig: rank 0 nranks 5 total 0.51 (kernels 0.12, alloc 0.00, bootstrap 0.27, allgathers 0.00, topo 0.11, graphs 0.00, connections 0.01, rest 0.00)
paula11:99490:99628 [0] NCCL INFO [Proxy Service] Device 0 CPU core 32
paula11:99492:99614 [2] NCCL INFO TUNER/Plugin: Could not find: libnccl-tuner.so. Using internal tuner plugin.
paula11:99492:99614 [2] NCCL INFO ncclCommInitRankConfig comm 0x557165a52970 rank 2 nranks 5 cudaDev 2 nvmlDev 2 busId 61000 commId 0xe1206b0079d4de72 - Init COMPLETE
paula11:99492:99614 [2] NCCL INFO Init timings - ncclCommInitRankConfig: rank 2 nranks 5 total 0.50 (kernels 0.12, alloc 0.00, bootstrap 0.24, allgathers 0.00, topo 0.11, graphs 0.00, connections 0.01, rest 0.00)
paula11:99491:99613 [1] NCCL INFO TUNER/Plugin: Could not find: libnccl-tuner.so. Using internal tuner plugin.
paula11:99491:99613 [1] NCCL INFO ncclCommInitRankConfig comm 0x562da7c47cc0 rank 1 nranks 5 cudaDev 1 nvmlDev 1 busId 41000 commId 0xe1206b0079d4de72 - Init COMPLETE
paula11:99491:99613 [1] NCCL INFO Init timings - ncclCommInitRankConfig: rank 1 nranks 5 total 0.50 (kernels 0.11, alloc 0.01, bootstrap 0.26, allgathers 0.00, topo 0.11, graphs 0.00, connections 0.01, rest 0.00)
paula11:99494:99637 [4] NCCL INFO Channel 00 : 4[4] -> 0[0] via SHM/direct/direct
paula11:99494:99637 [4] NCCL INFO Channel 01 : 4[4] -> 0[0] via SHM/direct/direct
paula11:99493:99638 [3] NCCL INFO Channel 00 : 3[3] -> 4[4] via SHM/direct/direct
paula11:99493:99638 [3] NCCL INFO Channel 01 : 3[3] -> 4[4] via SHM/direct/direct
paula11:99490:99639 [0] NCCL INFO Channel 00 : 0[0] -> 1[1] via SHM/direct/direct
paula11:99491:99641 [1] NCCL INFO Channel 00 : 1[1] -> 2[2] via SHM/direct/direct
paula11:99492:99640 [2] NCCL INFO Channel 00 : 2[2] -> 3[3] via SHM/direct/direct
paula11:99490:99639 [0] NCCL INFO Channel 01 : 0[0] -> 1[1] via SHM/direct/direct
paula11:99491:99641 [1] NCCL INFO Channel 01 : 1[1] -> 2[2] via SHM/direct/direct
paula11:99492:99640 [2] NCCL INFO Channel 01 : 2[2] -> 3[3] via SHM/direct/direct
paula11:99494:99637 [4] NCCL INFO Connected all rings, use ring PXN 0 GDR 1
paula11:99493:99638 [3] NCCL INFO Connected all rings, use ring PXN 0 GDR 1
paula11:99491:99641 [1] NCCL INFO Connected all rings, use ring PXN 0 GDR 1
paula11:99490:99639 [0] NCCL INFO Connected all rings, use ring PXN 0 GDR 1
paula11:99492:99640 [2] NCCL INFO Connected all rings, use ring PXN 0 GDR 1
/home/sc.uni-leipzig.de/ci72buri/.conda/envs/cell-vae/lib/python3.10/site-packages/torch/utils/data/dataloader.py:626: UserWarning: This DataLoader will create 25 worker processes in total. Our suggested max number of worker in current system is 20, which is smaller than what this DataLoader is going to create. Please be aware that excessive worker creation might get DataLoader running slow or even freeze, lower the worker number to avoid potential slowness/freeze if necessary.
  warnings.warn(
/home/sc.uni-leipzig.de/ci72buri/.conda/envs/cell-vae/lib/python3.10/site-packages/torch/utils/data/dataloader.py:626: UserWarning: This DataLoader will create 25 worker processes in total. Our suggested max number of worker in current system is 20, which is smaller than what this DataLoader is going to create. Please be aware that excessive worker creation might get DataLoader running slow or even freeze, lower the worker number to avoid potential slowness/freeze if necessary.
  warnings.warn(
/home/sc.uni-leipzig.de/ci72buri/.conda/envs/cell-vae/lib/python3.10/site-packages/torch/utils/data/dataloader.py:626: UserWarning: This DataLoader will create 25 worker processes in total. Our suggested max number of worker in current system is 20, which is smaller than what this DataLoader is going to create. Please be aware that excessive worker creation might get DataLoader running slow or even freeze, lower the worker number to avoid potential slowness/freeze if necessary.
  warnings.warn(
/home/sc.uni-leipzig.de/ci72buri/.conda/envs/cell-vae/lib/python3.10/site-packages/torch/utils/data/dataloader.py:626: UserWarning: This DataLoader will create 25 worker processes in total. Our suggested max number of worker in current system is 20, which is smaller than what this DataLoader is going to create. Please be aware that excessive worker creation might get DataLoader running slow or even freeze, lower the worker number to avoid potential slowness/freeze if necessary.
  warnings.warn(
/home/sc.uni-leipzig.de/ci72buri/.conda/envs/cell-vae/lib/python3.10/site-packages/torch/utils/data/dataloader.py:626: UserWarning: This DataLoader will create 25 worker processes in total. Our suggested max number of worker in current system is 20, which is smaller than what this DataLoader is going to create. Please be aware that excessive worker creation might get DataLoader running slow or even freeze, lower the worker number to avoid potential slowness/freeze if necessary.
  warnings.warn(
[rank4]: Traceback (most recent call last):
[rank4]:   File "/home/sc.uni-leipzig.de/ci72buri/projects/vae/Leipzig_big_data_praktikum_gene_expression_autoencoder/train_vae.py", line 229, in <module>
[rank4]:     train()
[rank4]:   File "/home/sc.uni-leipzig.de/ci72buri/projects/vae/Leipzig_big_data_praktikum_gene_expression_autoencoder/train_vae.py", line 169, in train
[rank4]:     loss, value_rmse, sparsity_loss, KLD, sparsity_accuracy = model.module.loss_function(
[rank4]: ValueError: not enough values to unpack (expected 5, got 4)
[rank2]: Traceback (most recent call last):
[rank2]:   File "/home/sc.uni-leipzig.de/ci72buri/projects/vae/Leipzig_big_data_praktikum_gene_expression_autoencoder/train_vae.py", line 229, in <module>
[rank2]:     train()
[rank2]:   File "/home/sc.uni-leipzig.de/ci72buri/projects/vae/Leipzig_big_data_praktikum_gene_expression_autoencoder/train_vae.py", line 169, in train
[rank2]:     loss, value_rmse, sparsity_loss, KLD, sparsity_accuracy = model.module.loss_function(
[rank2]: ValueError: not enough values to unpack (expected 5, got 4)
Traceback (most recent call last):
  File "/home/sc.uni-leipzig.de/ci72buri/projects/vae/Leipzig_big_data_praktikum_gene_expression_autoencoder/train_vae.py", line 229, in <module>
    train()
  File "/home/sc.uni-leipzig.de/ci72buri/projects/vae/Leipzig_big_data_praktikum_gene_expression_autoencoder/train_vae.py", line 169, in train
    loss, value_rmse, sparsity_loss, KLD, sparsity_accuracy = model.module.loss_function(
ValueError: not enough values to unpack (expected 5, got 4)
[rank0]: Traceback (most recent call last):
[rank0]:   File "/home/sc.uni-leipzig.de/ci72buri/projects/vae/Leipzig_big_data_praktikum_gene_expression_autoencoder/train_vae.py", line 229, in <module>
[rank0]:     train()
[rank0]:   File "/home/sc.uni-leipzig.de/ci72buri/projects/vae/Leipzig_big_data_praktikum_gene_expression_autoencoder/train_vae.py", line 169, in train
[rank0]:     loss, value_rmse, sparsity_loss, KLD, sparsity_accuracy = model.module.loss_function(
[rank0]: ValueError: not enough values to unpack (expected 5, got 4)
[rank1]: Traceback (most recent call last):
[rank1]:   File "/home/sc.uni-leipzig.de/ci72buri/projects/vae/Leipzig_big_data_praktikum_gene_expression_autoencoder/train_vae.py", line 229, in <module>
[rank1]:     train()
[rank1]:   File "/home/sc.uni-leipzig.de/ci72buri/projects/vae/Leipzig_big_data_praktikum_gene_expression_autoencoder/train_vae.py", line 169, in train
[rank1]:     loss, value_rmse, sparsity_loss, KLD, sparsity_accuracy = model.module.loss_function(
[rank1]: ValueError: not enough values to unpack (expected 5, got 4)
[rank3]: Traceback (most recent call last):
[rank3]:   File "/home/sc.uni-leipzig.de/ci72buri/projects/vae/Leipzig_big_data_praktikum_gene_expression_autoencoder/train_vae.py", line 229, in <module>
[rank3]:     train()
[rank3]:   File "/home/sc.uni-leipzig.de/ci72buri/projects/vae/Leipzig_big_data_praktikum_gene_expression_autoencoder/train_vae.py", line 169, in train
[rank3]:     loss, value_rmse, sparsity_loss, KLD, sparsity_accuracy = model.module.loss_function(
[rank3]: ValueError: not enough values to unpack (expected 5, got 4)
paula11:99492:100629 [2] NCCL INFO misc/socket.cc:64 -> 3
paula11:99492:100629 [2] NCCL INFO misc/socket.cc:80 -> 3
paula11:99492:99634 [2] NCCL INFO misc/socket.cc:881 -> 3
paula11:99492:100629 [2] NCCL INFO misc/socket.cc:829 -> 3
paula11:99494:100631 [4] NCCL INFO misc/socket.cc:64 -> 3
paula11:99494:100631 [4] NCCL INFO misc/socket.cc:80 -> 3
paula11:99494:100631 [4] NCCL INFO misc/socket.cc:829 -> 3
paula11:99494:99627 [4] NCCL INFO misc/socket.cc:881 -> 3
paula11:99491:100633 [1] NCCL INFO misc/socket.cc:64 -> 3
paula11:99491:100633 [1] NCCL INFO misc/socket.cc:80 -> 3
paula11:99491:100633 [1] NCCL INFO misc/socket.cc:829 -> 3
paula11:99491:99631 [1] NCCL INFO misc/socket.cc:881 -> 3
paula11:99493:100635 [3] NCCL INFO misc/socket.cc:64 -> 3
paula11:99493:100635 [3] NCCL INFO misc/socket.cc:80 -> 3
paula11:99493:100635 [3] NCCL INFO misc/socket.cc:829 -> 3
paula11:99493:99629 [3] NCCL INFO misc/socket.cc:881 -> 3
paula11:99492:100629 [2] NCCL INFO comm 0x557165a52970 rank 2 nranks 5 cudaDev 2 busId 61000 - Abort COMPLETE
paula11:99494:100631 [4] NCCL INFO comm 0x55c2b609b880 rank 4 nranks 5 cudaDev 4 busId e1000 - Abort COMPLETE
[1;34mwandb[0m: 
[1;34mwandb[0m: 🚀 View run [33mwandering-bush-220[0m at: [34mhttps://wandb.ai/coyfelix7-universit-t-leipzig/big_data_vae/runs/97oh07xl[0m
[1;34mwandb[0m: Find logs at: [1;35mwandb/run-20250715_021343-97oh07xl/logs[0m
paula11:99491:100633 [1] NCCL INFO comm 0x562da7c47cc0 rank 1 nranks 5 cudaDev 1 busId 41000 - Abort COMPLETE
paula11:99493:100635 [3] NCCL INFO comm 0x5593eda87bd0 rank 3 nranks 5 cudaDev 3 busId 81000 - Abort COMPLETE
W0715 02:16:00.056000 99463 site-packages/torch/distributed/elastic/multiprocessing/api.py:900] Sending process 99490 closing signal SIGTERM
W0715 02:16:00.057000 99463 site-packages/torch/distributed/elastic/multiprocessing/api.py:900] Sending process 99491 closing signal SIGTERM
W0715 02:16:00.057000 99463 site-packages/torch/distributed/elastic/multiprocessing/api.py:900] Sending process 99493 closing signal SIGTERM
E0715 02:16:00.672000 99463 site-packages/torch/distributed/elastic/multiprocessing/api.py:874] failed (exitcode: 1) local_rank: 2 (pid: 99492) of binary: /home/sc.uni-leipzig.de/ci72buri/.conda/envs/cell-vae/bin/python3.10
Traceback (most recent call last):
  File "/home/sc.uni-leipzig.de/ci72buri/.conda/envs/cell-vae/bin/torchrun", line 8, in <module>
    sys.exit(main())
  File "/home/sc.uni-leipzig.de/ci72buri/.conda/envs/cell-vae/lib/python3.10/site-packages/torch/distributed/elastic/multiprocessing/errors/__init__.py", line 355, in wrapper
    return f(*args, **kwargs)
  File "/home/sc.uni-leipzig.de/ci72buri/.conda/envs/cell-vae/lib/python3.10/site-packages/torch/distributed/run.py", line 892, in main
    run(args)
  File "/home/sc.uni-leipzig.de/ci72buri/.conda/envs/cell-vae/lib/python3.10/site-packages/torch/distributed/run.py", line 883, in run
    elastic_launch(
  File "/home/sc.uni-leipzig.de/ci72buri/.conda/envs/cell-vae/lib/python3.10/site-packages/torch/distributed/launcher/api.py", line 139, in __call__
    return launch_agent(self._config, self._entrypoint, list(args))
  File "/home/sc.uni-leipzig.de/ci72buri/.conda/envs/cell-vae/lib/python3.10/site-packages/torch/distributed/launcher/api.py", line 270, in launch_agent
    raise ChildFailedError(
torch.distributed.elastic.multiprocessing.errors.ChildFailedError: 
============================================================
train_vae.py FAILED
------------------------------------------------------------
Failures:
[1]:
  time      : 2025-07-15_02:16:00
  host      : paula11.sc.uni-leipzig.de
  rank      : 4 (local_rank: 4)
  exitcode  : 1 (pid: 99494)
  error_file: <N/A>
  traceback : To enable traceback see: https://pytorch.org/docs/stable/elastic/errors.html
------------------------------------------------------------
Root Cause (first observed failure):
[0]:
  time      : 2025-07-15_02:16:00
  host      : paula11.sc.uni-leipzig.de
  rank      : 2 (local_rank: 2)
  exitcode  : 1 (pid: 99492)
  error_file: <N/A>
  traceback : To enable traceback see: https://pytorch.org/docs/stable/elastic/errors.html
============================================================
