MASTER_ADDR is 172.18.62.11
PING 172.18.62.11 (172.18.62.11) 56(84) bytes of data.
64 bytes from 172.18.62.11: icmp_seq=1 ttl=64 time=0.032 ms

--- 172.18.62.11 ping statistics ---
1 packets transmitted, 1 received, 0% packet loss, time 0ms
rtt min/avg/max/mdev = 0.032/0.032/0.032/0.000 ms
W0715 01:44:13.060000 83327 site-packages/torch/distributed/run.py:766] 
W0715 01:44:13.060000 83327 site-packages/torch/distributed/run.py:766] *****************************************
W0715 01:44:13.060000 83327 site-packages/torch/distributed/run.py:766] Setting OMP_NUM_THREADS environment variable for each process to be 1 in default, to avoid your system being overloaded, please further tune the variable for optimal performance in your application as needed. 
W0715 01:44:13.060000 83327 site-packages/torch/distributed/run.py:766] *****************************************
[W715 01:44:13.020315449 socket.cpp:755] [c10d] The client socket cannot be initialized to connect to [paula11.sc.uni-leipzig.de]:57544 (errno: 97 - Address family not supported by protocol).
[W715 01:44:13.302924279 socket.cpp:755] [c10d] The client socket cannot be initialized to connect to [paula11.sc.uni-leipzig.de]:45955 (errno: 97 - Address family not supported by protocol).
[W715 01:44:17.290552852 socket.cpp:755] [c10d] The client socket cannot be initialized to connect to [paula11.sc.uni-leipzig.de]:45955 (errno: 97 - Address family not supported by protocol).
[W715 01:44:17.290562310 socket.cpp:755] [c10d] The client socket cannot be initialized to connect to [paula11.sc.uni-leipzig.de]:45955 (errno: 97 - Address family not supported by protocol).
[W715 01:44:17.290811799 socket.cpp:755] [c10d] The client socket cannot be initialized to connect to [paula11.sc.uni-leipzig.de]:45955 (errno: 97 - Address family not supported by protocol).
[W715 01:44:17.292073552 socket.cpp:755] [c10d] The client socket cannot be initialized to connect to [paula11.sc.uni-leipzig.de]:45955 (errno: 97 - Address family not supported by protocol).
[W715 01:44:17.362864899 socket.cpp:755] [c10d] The client socket cannot be initialized to connect to [paula11.sc.uni-leipzig.de]:45955 (errno: 97 - Address family not supported by protocol).
wandb: Currently logged in as: coyfelix7 (coyfelix7-universit-t-leipzig) to https://api.wandb.ai. Use `wandb login --relogin` to force relogin
Using VAE-optimized preprocessing...
Using VAE-optimized preprocessing...
Using VAE-optimized preprocessing...
Using VAE-optimized preprocessing...
wandb: Tracking run with wandb version 0.21.0
wandb: Run data is saved locally in /home/sc.uni-leipzig.de/ci72buri/projects/vae/Leipzig_big_data_praktikum_gene_expression_autoencoder/wandb/run-20250715_014419-ontx5ord
wandb: Run `wandb offline` to turn off syncing.
wandb: Syncing run polished-energy-214
wandb: ⭐️ View project at https://wandb.ai/coyfelix7-universit-t-leipzig/big_data_vae
wandb: 🚀 View run at https://wandb.ai/coyfelix7-universit-t-leipzig/big_data_vae/runs/ontx5ord
Using VAE-optimized preprocessing...
Dataset loaded: 20000 cells × 200 genes
/home/sc.uni-leipzig.de/ci72buri/.conda/envs/cell-vae/lib/python3.10/site-packages/torch/utils/data/dataloader.py:626: UserWarning: This DataLoader will create 25 worker processes in total. Our suggested max number of worker in current system is 20, which is smaller than what this DataLoader is going to create. Please be aware that excessive worker creation might get DataLoader running slow or even freeze, lower the worker number to avoid potential slowness/freeze if necessary.
  warnings.warn(
paula11:83525:83525 [0] NCCL INFO NCCL_SOCKET_IFNAME set by environment to bond0
paula11:83525:83525 [0] NCCL INFO Bootstrap: Using bond0:172.18.62.11<0>
paula11:83525:83525 [0] NCCL INFO cudaDriverVersion 12020
paula11:83525:83525 [0] NCCL INFO NCCL version 2.26.2+cuda12.2
paula11:83525:83525 [0] NCCL INFO Comm config Blocking set to 1
paula11:83525:83871 [0] NCCL INFO NET/Plugin: Could not find: libnccl-net.so. Using internal net plugin.
paula11:83525:83871 [0] NCCL INFO NCCL_IB_DISABLE set by environment to 1.
paula11:83525:83871 [0] NCCL INFO NCCL_SOCKET_IFNAME set by environment to bond0
paula11:83525:83871 [0] NCCL INFO NET/Socket : Using [0]bond0:172.18.62.11<0>
paula11:83525:83871 [0] NCCL INFO PROFILER/Plugin: Could not find: libnccl-profiler.so. 
paula11:83525:83871 [0] NCCL INFO Using network Socket
paula11:83525:83871 [0] NCCL INFO ncclCommInitRankConfig comm 0x56119daecf00 rank 0 nranks 5 cudaDev 0 nvmlDev 0 busId 22000 commId 0x36901b114bb046c7 - Init START
Dataset loaded: 20000 cells × 200 genes
/home/sc.uni-leipzig.de/ci72buri/.conda/envs/cell-vae/lib/python3.10/site-packages/torch/utils/data/dataloader.py:626: UserWarning: This DataLoader will create 25 worker processes in total. Our suggested max number of worker in current system is 20, which is smaller than what this DataLoader is going to create. Please be aware that excessive worker creation might get DataLoader running slow or even freeze, lower the worker number to avoid potential slowness/freeze if necessary.
  warnings.warn(
paula11:83528:83528 [3] NCCL INFO cudaDriverVersion 12020
paula11:83528:83528 [3] NCCL INFO NCCL_SOCKET_IFNAME set by environment to bond0
paula11:83528:83528 [3] NCCL INFO Bootstrap: Using bond0:172.18.62.11<0>
paula11:83528:83528 [3] NCCL INFO NCCL version 2.26.2+cuda12.2
paula11:83528:83528 [3] NCCL INFO Comm config Blocking set to 1
paula11:83528:83872 [3] NCCL INFO NET/Plugin: Could not find: libnccl-net.so. Using internal net plugin.
paula11:83528:83872 [3] NCCL INFO NCCL_IB_DISABLE set by environment to 1.
paula11:83528:83872 [3] NCCL INFO NCCL_SOCKET_IFNAME set by environment to bond0
paula11:83528:83872 [3] NCCL INFO NET/Socket : Using [0]bond0:172.18.62.11<0>
paula11:83528:83872 [3] NCCL INFO PROFILER/Plugin: Could not find: libnccl-profiler.so. 
paula11:83528:83872 [3] NCCL INFO Using network Socket
paula11:83528:83872 [3] NCCL INFO ncclCommInitRankConfig comm 0x55f8e8e26fc0 rank 3 nranks 5 cudaDev 3 nvmlDev 3 busId 81000 commId 0x36901b114bb046c7 - Init START
Dataset loaded: 20000 cells × 200 genes
/home/sc.uni-leipzig.de/ci72buri/.conda/envs/cell-vae/lib/python3.10/site-packages/torch/utils/data/dataloader.py:626: UserWarning: This DataLoader will create 25 worker processes in total. Our suggested max number of worker in current system is 20, which is smaller than what this DataLoader is going to create. Please be aware that excessive worker creation might get DataLoader running slow or even freeze, lower the worker number to avoid potential slowness/freeze if necessary.
  warnings.warn(
paula11:83529:83529 [4] NCCL INFO cudaDriverVersion 12020
paula11:83529:83529 [4] NCCL INFO NCCL_SOCKET_IFNAME set by environment to bond0
paula11:83529:83529 [4] NCCL INFO Bootstrap: Using bond0:172.18.62.11<0>
paula11:83529:83529 [4] NCCL INFO NCCL version 2.26.2+cuda12.2
paula11:83529:83529 [4] NCCL INFO Comm config Blocking set to 1
Dataset loaded: 20000 cells × 200 genes
Dataset loaded: 20000 cells × 200 genes
/home/sc.uni-leipzig.de/ci72buri/.conda/envs/cell-vae/lib/python3.10/site-packages/torch/utils/data/dataloader.py:626: UserWarning: This DataLoader will create 25 worker processes in total. Our suggested max number of worker in current system is 20, which is smaller than what this DataLoader is going to create. Please be aware that excessive worker creation might get DataLoader running slow or even freeze, lower the worker number to avoid potential slowness/freeze if necessary.
  warnings.warn(
/home/sc.uni-leipzig.de/ci72buri/.conda/envs/cell-vae/lib/python3.10/site-packages/torch/utils/data/dataloader.py:626: UserWarning: This DataLoader will create 25 worker processes in total. Our suggested max number of worker in current system is 20, which is smaller than what this DataLoader is going to create. Please be aware that excessive worker creation might get DataLoader running slow or even freeze, lower the worker number to avoid potential slowness/freeze if necessary.
  warnings.warn(
paula11:83526:83526 [1] NCCL INFO cudaDriverVersion 12020
paula11:83526:83526 [1] NCCL INFO NCCL_SOCKET_IFNAME set by environment to bond0
paula11:83526:83526 [1] NCCL INFO Bootstrap: Using bond0:172.18.62.11<0>
paula11:83526:83526 [1] NCCL INFO NCCL version 2.26.2+cuda12.2
paula11:83527:83527 [2] NCCL INFO cudaDriverVersion 12020
paula11:83527:83527 [2] NCCL INFO NCCL_SOCKET_IFNAME set by environment to bond0
paula11:83527:83527 [2] NCCL INFO Bootstrap: Using bond0:172.18.62.11<0>
paula11:83527:83527 [2] NCCL INFO NCCL version 2.26.2+cuda12.2
paula11:83526:83526 [1] NCCL INFO Comm config Blocking set to 1
paula11:83527:83527 [2] NCCL INFO Comm config Blocking set to 1
paula11:83529:83874 [4] NCCL INFO NET/Plugin: Could not find: libnccl-net.so. Using internal net plugin.
paula11:83529:83874 [4] NCCL INFO NCCL_IB_DISABLE set by environment to 1.
paula11:83529:83874 [4] NCCL INFO NCCL_SOCKET_IFNAME set by environment to bond0
paula11:83529:83874 [4] NCCL INFO NET/Socket : Using [0]bond0:172.18.62.11<0>
paula11:83529:83874 [4] NCCL INFO PROFILER/Plugin: Could not find: libnccl-profiler.so. 
paula11:83529:83874 [4] NCCL INFO Using network Socket
paula11:83529:83874 [4] NCCL INFO ncclCommInitRankConfig comm 0x555802659a40 rank 4 nranks 5 cudaDev 4 nvmlDev 4 busId e1000 commId 0x36901b114bb046c7 - Init START
paula11:83526:83875 [1] NCCL INFO NET/Plugin: Could not find: libnccl-net.so. Using internal net plugin.
paula11:83526:83875 [1] NCCL INFO NCCL_IB_DISABLE set by environment to 1.
paula11:83526:83875 [1] NCCL INFO NCCL_SOCKET_IFNAME set by environment to bond0
paula11:83526:83875 [1] NCCL INFO NET/Socket : Using [0]bond0:172.18.62.11<0>
paula11:83526:83875 [1] NCCL INFO PROFILER/Plugin: Could not find: libnccl-profiler.so. 
paula11:83526:83875 [1] NCCL INFO Using network Socket
paula11:83526:83875 [1] NCCL INFO ncclCommInitRankConfig comm 0x55abe115ea00 rank 1 nranks 5 cudaDev 1 nvmlDev 1 busId 41000 commId 0x36901b114bb046c7 - Init START
paula11:83529:83874 [4] NCCL INFO RAS client listening socket at 127.0.0.1<28028>
paula11:83525:83871 [0] NCCL INFO RAS client listening socket at 127.0.0.1<28028>
paula11:83527:83876 [2] NCCL INFO NET/Plugin: Could not find: libnccl-net.so. Using internal net plugin.
paula11:83527:83876 [2] NCCL INFO NCCL_IB_DISABLE set by environment to 1.
paula11:83527:83876 [2] NCCL INFO NCCL_SOCKET_IFNAME set by environment to bond0
paula11:83527:83876 [2] NCCL INFO NET/Socket : Using [0]bond0:172.18.62.11<0>
paula11:83527:83876 [2] NCCL INFO PROFILER/Plugin: Could not find: libnccl-profiler.so. 
paula11:83527:83876 [2] NCCL INFO Using network Socket
paula11:83527:83876 [2] NCCL INFO ncclCommInitRankConfig comm 0x558bae52f610 rank 2 nranks 5 cudaDev 2 nvmlDev 2 busId 61000 commId 0x36901b114bb046c7 - Init START
paula11:83526:83875 [1] NCCL INFO RAS client listening socket at 127.0.0.1<28028>
paula11:83527:83876 [2] NCCL INFO RAS client listening socket at 127.0.0.1<28028>
paula11:83528:83872 [3] NCCL INFO RAS client listening socket at 127.0.0.1<28028>
paula11:83528:83872 [3] NCCL INFO Bootstrap timings total 0.457044 (create 0.000031, send 0.017517, recv 0.332739, ring 0.000113, delay 0.000000)
paula11:83527:83876 [2] NCCL INFO Bootstrap timings total 0.026333 (create 0.000052, send 0.022464, recv 0.000381, ring 0.001176, delay 0.000001)
paula11:83526:83875 [1] NCCL INFO Bootstrap timings total 0.103488 (create 0.000022, send 0.020911, recv 0.078943, ring 0.001410, delay 0.000000)
paula11:83529:83874 [4] NCCL INFO Bootstrap timings total 0.135039 (create 0.000032, send 0.028089, recv 0.000211, ring 0.103094, delay 0.000000)
paula11:83525:83871 [0] NCCL INFO Bootstrap timings total 1.638443 (create 0.000035, send 0.000140, recv 1.555901, ring 0.080478, delay 0.000000)
paula11:83529:83874 [4] NCCL INFO NCCL_P2P_DISABLE set by environment to 1
paula11:83525:83871 [0] NCCL INFO NCCL_P2P_DISABLE set by environment to 1
paula11:83528:83872 [3] NCCL INFO NCCL_P2P_DISABLE set by environment to 1
paula11:83526:83875 [1] NCCL INFO NCCL_P2P_DISABLE set by environment to 1
paula11:83528:83872 [3] NCCL INFO Setting affinity for GPU 3 to 01ff0000,00000000,00000000,00000000
paula11:83529:83874 [4] NCCL INFO Setting affinity for GPU 4 to 0fe1,00000000,00000000
paula11:83525:83871 [0] NCCL INFO Setting affinity for GPU 0 to 01,00000000
paula11:83528:83872 [3] NCCL INFO NVLS multicast support is not available on dev 3
paula11:83529:83874 [4] NCCL INFO NVLS multicast support is not available on dev 4
paula11:83526:83875 [1] NCCL INFO Setting affinity for GPU 1 to 010000
paula11:83525:83871 [0] NCCL INFO NVLS multicast support is not available on dev 0
paula11:83526:83875 [1] NCCL INFO NVLS multicast support is not available on dev 1
paula11:83527:83876 [2] NCCL INFO NCCL_P2P_DISABLE set by environment to 1
paula11:83527:83876 [2] NCCL INFO Setting affinity for GPU 2 to 01
paula11:83527:83876 [2] NCCL INFO NVLS multicast support is not available on dev 2
paula11:83529:83874 [4] NCCL INFO comm 0x555802659a40 rank 4 nRanks 5 nNodes 1 localRanks 5 localRank 4 MNNVL 0
paula11:83528:83872 [3] NCCL INFO comm 0x55f8e8e26fc0 rank 3 nRanks 5 nNodes 1 localRanks 5 localRank 3 MNNVL 0
paula11:83525:83871 [0] NCCL INFO comm 0x56119daecf00 rank 0 nRanks 5 nNodes 1 localRanks 5 localRank 0 MNNVL 0
paula11:83526:83875 [1] NCCL INFO comm 0x55abe115ea00 rank 1 nRanks 5 nNodes 1 localRanks 5 localRank 1 MNNVL 0
paula11:83527:83876 [2] NCCL INFO comm 0x558bae52f610 rank 2 nRanks 5 nNodes 1 localRanks 5 localRank 2 MNNVL 0
paula11:83529:83874 [4] NCCL INFO Trees [0] -1/-1/-1->4->3 [1] -1/-1/-1->4->3
paula11:83528:83872 [3] NCCL INFO Trees [0] 4/-1/-1->3->2 [1] 4/-1/-1->3->2
paula11:83529:83874 [4] NCCL INFO P2P Chunksize set to 131072
paula11:83525:83871 [0] NCCL INFO Channel 00/02 : 0 1 2 3 4
paula11:83526:83875 [1] NCCL INFO Trees [0] 2/-1/-1->1->0 [1] 2/-1/-1->1->0
paula11:83528:83872 [3] NCCL INFO P2P Chunksize set to 131072
paula11:83527:83876 [2] NCCL INFO Trees [0] 3/-1/-1->2->1 [1] 3/-1/-1->2->1
paula11:83525:83871 [0] NCCL INFO Channel 01/02 : 0 1 2 3 4
paula11:83526:83875 [1] NCCL INFO P2P Chunksize set to 131072
paula11:83527:83876 [2] NCCL INFO P2P Chunksize set to 131072
paula11:83525:83871 [0] NCCL INFO Trees [0] 1/-1/-1->0->-1 [1] 1/-1/-1->0->-1
paula11:83525:83871 [0] NCCL INFO P2P Chunksize set to 131072
paula11:83525:83871 [0] NCCL INFO Check P2P Type intraNodeP2pSupport 0 directMode 0
paula11:83528:83888 [3] NCCL INFO [Proxy Service] Device 3 CPU core 112
paula11:83529:83891 [4] NCCL INFO [Proxy Service UDS] Device 4 CPU core 74
paula11:83529:83887 [4] NCCL INFO [Proxy Service] Device 4 CPU core 73
paula11:83528:83890 [3] NCCL INFO [Proxy Service UDS] Device 3 CPU core 113
paula11:83528:83872 [3] NCCL INFO threadThresholds 8/8/64 | 40/8/64 | 512 | 512
paula11:83528:83872 [3] NCCL INFO 2 coll channels, 2 collnet channels, 0 nvls channels, 2 p2p channels, 2 p2p channels per peer
paula11:83529:83874 [4] NCCL INFO threadThresholds 8/8/64 | 40/8/64 | 512 | 512
paula11:83529:83874 [4] NCCL INFO 2 coll channels, 2 collnet channels, 0 nvls channels, 2 p2p channels, 2 p2p channels per peer
paula11:83525:83871 [0] NCCL INFO threadThresholds 8/8/64 | 40/8/64 | 512 | 512
paula11:83525:83871 [0] NCCL INFO 2 coll channels, 2 collnet channels, 0 nvls channels, 2 p2p channels, 2 p2p channels per peer
paula11:83527:83876 [2] NCCL INFO threadThresholds 8/8/64 | 40/8/64 | 512 | 512
paula11:83527:83876 [2] NCCL INFO 2 coll channels, 2 collnet channels, 0 nvls channels, 2 p2p channels, 2 p2p channels per peer
paula11:83526:83875 [1] NCCL INFO threadThresholds 8/8/64 | 40/8/64 | 512 | 512
paula11:83526:83875 [1] NCCL INFO 2 coll channels, 2 collnet channels, 0 nvls channels, 2 p2p channels, 2 p2p channels per peer
paula11:83525:83871 [0] NCCL INFO CC Off, workFifoBytes 1048576
paula11:83528:83872 [3] NCCL INFO TUNER/Plugin: Could not find: libnccl-tuner.so. Using internal tuner plugin.
paula11:83528:83872 [3] NCCL INFO ncclCommInitRankConfig comm 0x55f8e8e26fc0 rank 3 nranks 5 cudaDev 3 nvmlDev 3 busId 81000 commId 0x36901b114bb046c7 - Init COMPLETE
paula11:83528:83872 [3] NCCL INFO Init timings - ncclCommInitRankConfig: rank 3 nranks 5 total 0.67 (kernels 0.11, alloc 0.00, bootstrap 0.46, allgathers 0.00, topo 0.08, graphs 0.00, connections 0.01, rest 0.00)
paula11:83529:83874 [4] NCCL INFO TUNER/Plugin: Could not find: libnccl-tuner.so. Using internal tuner plugin.
paula11:83529:83874 [4] NCCL INFO ncclCommInitRankConfig comm 0x555802659a40 rank 4 nranks 5 cudaDev 4 nvmlDev 4 busId e1000 commId 0x36901b114bb046c7 - Init COMPLETE
paula11:83529:83874 [4] NCCL INFO Init timings - ncclCommInitRankConfig: rank 4 nranks 5 total 0.35 (kernels 0.11, alloc 0.00, bootstrap 0.14, allgathers 0.00, topo 0.08, graphs 0.00, connections 0.01, rest 0.00)
paula11:83525:83871 [0] NCCL INFO TUNER/Plugin: Could not find: libnccl-tuner.so. Using internal tuner plugin.
paula11:83525:83871 [0] NCCL INFO ncclCommInitRankConfig comm 0x56119daecf00 rank 0 nranks 5 cudaDev 0 nvmlDev 0 busId 22000 commId 0x36901b114bb046c7 - Init COMPLETE
paula11:83525:83871 [0] NCCL INFO Init timings - ncclCommInitRankConfig: rank 0 nranks 5 total 1.85 (kernels 0.12, alloc 0.00, bootstrap 1.64, allgathers 0.00, topo 0.08, graphs 0.00, connections 0.01, rest 0.00)
paula11:83527:83876 [2] NCCL INFO TUNER/Plugin: Could not find: libnccl-tuner.so. Using internal tuner plugin.
paula11:83527:83876 [2] NCCL INFO ncclCommInitRankConfig comm 0x558bae52f610 rank 2 nranks 5 cudaDev 2 nvmlDev 2 busId 61000 commId 0x36901b114bb046c7 - Init COMPLETE
paula11:83526:83875 [1] NCCL INFO TUNER/Plugin: Could not find: libnccl-tuner.so. Using internal tuner plugin.
paula11:83527:83876 [2] NCCL INFO Init timings - ncclCommInitRankConfig: rank 2 nranks 5 total 0.31 (kernels 0.18, alloc 0.01, bootstrap 0.03, allgathers 0.00, topo 0.09, graphs 0.00, connections 0.01, rest 0.00)
paula11:83526:83875 [1] NCCL INFO ncclCommInitRankConfig comm 0x55abe115ea00 rank 1 nranks 5 cudaDev 1 nvmlDev 1 busId 41000 commId 0x36901b114bb046c7 - Init COMPLETE
paula11:83526:83875 [1] NCCL INFO Init timings - ncclCommInitRankConfig: rank 1 nranks 5 total 0.32 (kernels 0.11, alloc 0.00, bootstrap 0.10, allgathers 0.00, topo 0.09, graphs 0.00, connections 0.01, rest 0.00)
paula11:83525:83894 [0] NCCL INFO [Proxy Service UDS] Device 0 CPU core 32
paula11:83525:83889 [0] NCCL INFO [Proxy Service] Device 0 CPU core 32
paula11:83527:83895 [2] NCCL INFO [Proxy Service UDS] Device 2 CPU core 0
paula11:83526:83896 [1] NCCL INFO [Proxy Service UDS] Device 1 CPU core 16
paula11:83527:83892 [2] NCCL INFO [Proxy Service] Device 2 CPU core 0
paula11:83526:83893 [1] NCCL INFO [Proxy Service] Device 1 CPU core 16
paula11:83529:83897 [4] NCCL INFO Channel 00 : 4[4] -> 0[0] via SHM/direct/direct
paula11:83528:83898 [3] NCCL INFO Channel 00 : 3[3] -> 4[4] via SHM/direct/direct
paula11:83529:83897 [4] NCCL INFO Channel 01 : 4[4] -> 0[0] via SHM/direct/direct
paula11:83528:83898 [3] NCCL INFO Channel 01 : 3[3] -> 4[4] via SHM/direct/direct
paula11:83527:83901 [2] NCCL INFO Channel 00 : 2[2] -> 3[3] via SHM/direct/direct
paula11:83525:83899 [0] NCCL INFO Channel 00 : 0[0] -> 1[1] via SHM/direct/direct
paula11:83526:83900 [1] NCCL INFO Channel 00 : 1[1] -> 2[2] via SHM/direct/direct
paula11:83527:83901 [2] NCCL INFO Channel 01 : 2[2] -> 3[3] via SHM/direct/direct
paula11:83525:83899 [0] NCCL INFO Channel 01 : 0[0] -> 1[1] via SHM/direct/direct
paula11:83526:83900 [1] NCCL INFO Channel 01 : 1[1] -> 2[2] via SHM/direct/direct
paula11:83529:83897 [4] NCCL INFO Connected all rings, use ring PXN 0 GDR 1
paula11:83525:83899 [0] NCCL INFO Connected all rings, use ring PXN 0 GDR 1
paula11:83528:83898 [3] NCCL INFO Connected all rings, use ring PXN 0 GDR 1
paula11:83526:83900 [1] NCCL INFO Connected all rings, use ring PXN 0 GDR 1
paula11:83527:83901 [2] NCCL INFO Connected all rings, use ring PXN 0 GDR 1
/home/sc.uni-leipzig.de/ci72buri/.conda/envs/cell-vae/lib/python3.10/site-packages/torch/utils/data/dataloader.py:626: UserWarning: This DataLoader will create 25 worker processes in total. Our suggested max number of worker in current system is 20, which is smaller than what this DataLoader is going to create. Please be aware that excessive worker creation might get DataLoader running slow or even freeze, lower the worker number to avoid potential slowness/freeze if necessary.
  warnings.warn(
/home/sc.uni-leipzig.de/ci72buri/.conda/envs/cell-vae/lib/python3.10/site-packages/torch/utils/data/dataloader.py:626: UserWarning: This DataLoader will create 25 worker processes in total. Our suggested max number of worker in current system is 20, which is smaller than what this DataLoader is going to create. Please be aware that excessive worker creation might get DataLoader running slow or even freeze, lower the worker number to avoid potential slowness/freeze if necessary.
  warnings.warn(
/home/sc.uni-leipzig.de/ci72buri/.conda/envs/cell-vae/lib/python3.10/site-packages/torch/utils/data/dataloader.py:626: UserWarning: This DataLoader will create 25 worker processes in total. Our suggested max number of worker in current system is 20, which is smaller than what this DataLoader is going to create. Please be aware that excessive worker creation might get DataLoader running slow or even freeze, lower the worker number to avoid potential slowness/freeze if necessary.
  warnings.warn(
/home/sc.uni-leipzig.de/ci72buri/.conda/envs/cell-vae/lib/python3.10/site-packages/torch/utils/data/dataloader.py:626: UserWarning: This DataLoader will create 25 worker processes in total. Our suggested max number of worker in current system is 20, which is smaller than what this DataLoader is going to create. Please be aware that excessive worker creation might get DataLoader running slow or even freeze, lower the worker number to avoid potential slowness/freeze if necessary.
  warnings.warn(
/home/sc.uni-leipzig.de/ci72buri/.conda/envs/cell-vae/lib/python3.10/site-packages/torch/utils/data/dataloader.py:626: UserWarning: This DataLoader will create 25 worker processes in total. Our suggested max number of worker in current system is 20, which is smaller than what this DataLoader is going to create. Please be aware that excessive worker creation might get DataLoader running slow or even freeze, lower the worker number to avoid potential slowness/freeze if necessary.
  warnings.warn(
[rank3]: Traceback (most recent call last):
[rank3]:   File "/home/sc.uni-leipzig.de/ci72buri/projects/vae/Leipzig_big_data_praktikum_gene_expression_autoencoder/train_vae.py", line 224, in <module>
[rank3]:     train()
[rank3]:   File "/home/sc.uni-leipzig.de/ci72buri/projects/vae/Leipzig_big_data_praktikum_gene_expression_autoencoder/train_vae.py", line 169, in train
[rank3]:     loss, value_rmse, sparsity_loss, KLD, sparsity_accuracy = model.module.loss_function(
[rank3]:   File "/home/sc.uni-leipzig.de/ci72buri/projects/vae/Leipzig_big_data_praktikum_gene_expression_autoencoder/src/vae.py", line 95, in loss_function
[rank3]:     sparsity_loss = F.binary_cross_entropy_with_logits(sparsity_logits, is_nonzero, reduction='mean')
[rank3]:   File "/home/sc.uni-leipzig.de/ci72buri/.conda/envs/cell-vae/lib/python3.10/site-packages/torch/nn/functional.py", line 3638, in binary_cross_entropy_with_logits
[rank3]:     if not (target.size() == input.size()):
[rank3]: AttributeError: 'NoneType' object has no attribute 'size'
Traceback (most recent call last):
  File "/home/sc.uni-leipzig.de/ci72buri/projects/vae/Leipzig_big_data_praktikum_gene_expression_autoencoder/train_vae.py", line 224, in <module>
    train()
  File "/home/sc.uni-leipzig.de/ci72buri/projects/vae/Leipzig_big_data_praktikum_gene_expression_autoencoder/train_vae.py", line 169, in train
    loss, value_rmse, sparsity_loss, KLD, sparsity_accuracy = model.module.loss_function(
  File "/home/sc.uni-leipzig.de/ci72buri/projects/vae/Leipzig_big_data_praktikum_gene_expression_autoencoder/src/vae.py", line 95, in loss_function
    sparsity_loss = F.binary_cross_entropy_with_logits(sparsity_logits, is_nonzero, reduction='mean')
  File "/home/sc.uni-leipzig.de/ci72buri/.conda/envs/cell-vae/lib/python3.10/site-packages/torch/nn/functional.py", line 3638, in binary_cross_entropy_with_logits
    if not (target.size() == input.size()):
AttributeError: 'NoneType' object has no attribute 'size'
[rank0]: Traceback (most recent call last):
[rank0]:   File "/home/sc.uni-leipzig.de/ci72buri/projects/vae/Leipzig_big_data_praktikum_gene_expression_autoencoder/train_vae.py", line 224, in <module>
[rank0]:     train()
[rank0]:   File "/home/sc.uni-leipzig.de/ci72buri/projects/vae/Leipzig_big_data_praktikum_gene_expression_autoencoder/train_vae.py", line 169, in train
[rank0]:     loss, value_rmse, sparsity_loss, KLD, sparsity_accuracy = model.module.loss_function(
[rank0]:   File "/home/sc.uni-leipzig.de/ci72buri/projects/vae/Leipzig_big_data_praktikum_gene_expression_autoencoder/src/vae.py", line 95, in loss_function
[rank0]:     sparsity_loss = F.binary_cross_entropy_with_logits(sparsity_logits, is_nonzero, reduction='mean')
[rank0]:   File "/home/sc.uni-leipzig.de/ci72buri/.conda/envs/cell-vae/lib/python3.10/site-packages/torch/nn/functional.py", line 3638, in binary_cross_entropy_with_logits
[rank0]:     if not (target.size() == input.size()):
[rank0]: AttributeError: 'NoneType' object has no attribute 'size'
[rank1]: Traceback (most recent call last):
[rank1]:   File "/home/sc.uni-leipzig.de/ci72buri/projects/vae/Leipzig_big_data_praktikum_gene_expression_autoencoder/train_vae.py", line 224, in <module>
[rank1]:     train()
[rank1]:   File "/home/sc.uni-leipzig.de/ci72buri/projects/vae/Leipzig_big_data_praktikum_gene_expression_autoencoder/train_vae.py", line 169, in train
[rank1]:     loss, value_rmse, sparsity_loss, KLD, sparsity_accuracy = model.module.loss_function(
[rank1]:   File "/home/sc.uni-leipzig.de/ci72buri/projects/vae/Leipzig_big_data_praktikum_gene_expression_autoencoder/src/vae.py", line 95, in loss_function
[rank1]:     sparsity_loss = F.binary_cross_entropy_with_logits(sparsity_logits, is_nonzero, reduction='mean')
[rank1]:   File "/home/sc.uni-leipzig.de/ci72buri/.conda/envs/cell-vae/lib/python3.10/site-packages/torch/nn/functional.py", line 3638, in binary_cross_entropy_with_logits
[rank1]:     if not (target.size() == input.size()):
[rank1]: AttributeError: 'NoneType' object has no attribute 'size'
[rank2]: Traceback (most recent call last):
[rank2]:   File "/home/sc.uni-leipzig.de/ci72buri/projects/vae/Leipzig_big_data_praktikum_gene_expression_autoencoder/train_vae.py", line 224, in <module>
[rank2]:     train()
[rank2]:   File "/home/sc.uni-leipzig.de/ci72buri/projects/vae/Leipzig_big_data_praktikum_gene_expression_autoencoder/train_vae.py", line 169, in train
[rank2]:     loss, value_rmse, sparsity_loss, KLD, sparsity_accuracy = model.module.loss_function(
[rank2]:   File "/home/sc.uni-leipzig.de/ci72buri/projects/vae/Leipzig_big_data_praktikum_gene_expression_autoencoder/src/vae.py", line 95, in loss_function
[rank2]:     sparsity_loss = F.binary_cross_entropy_with_logits(sparsity_logits, is_nonzero, reduction='mean')
[rank2]:   File "/home/sc.uni-leipzig.de/ci72buri/.conda/envs/cell-vae/lib/python3.10/site-packages/torch/nn/functional.py", line 3638, in binary_cross_entropy_with_logits
[rank2]:     if not (target.size() == input.size()):
[rank2]: AttributeError: 'NoneType' object has no attribute 'size'
[rank4]: Traceback (most recent call last):
[rank4]:   File "/home/sc.uni-leipzig.de/ci72buri/projects/vae/Leipzig_big_data_praktikum_gene_expression_autoencoder/train_vae.py", line 224, in <module>
[rank4]:     train()
[rank4]:   File "/home/sc.uni-leipzig.de/ci72buri/projects/vae/Leipzig_big_data_praktikum_gene_expression_autoencoder/train_vae.py", line 169, in train
[rank4]:     loss, value_rmse, sparsity_loss, KLD, sparsity_accuracy = model.module.loss_function(
[rank4]:   File "/home/sc.uni-leipzig.de/ci72buri/projects/vae/Leipzig_big_data_praktikum_gene_expression_autoencoder/src/vae.py", line 95, in loss_function
[rank4]:     sparsity_loss = F.binary_cross_entropy_with_logits(sparsity_logits, is_nonzero, reduction='mean')
[rank4]:   File "/home/sc.uni-leipzig.de/ci72buri/.conda/envs/cell-vae/lib/python3.10/site-packages/torch/nn/functional.py", line 3638, in binary_cross_entropy_with_logits
[rank4]:     if not (target.size() == input.size()):
[rank4]: AttributeError: 'NoneType' object has no attribute 'size'
paula11:83527:84897 [2] NCCL INFO misc/socket.cc:64 -> 3
paula11:83527:84897 [2] NCCL INFO misc/socket.cc:80 -> 3
paula11:83527:84897 [2] NCCL INFO misc/socket.cc:829 -> 3
paula11:83527:83892 [2] NCCL INFO misc/socket.cc:881 -> 3
paula11:83528:84899 [3] NCCL INFO misc/socket.cc:64 -> 3
paula11:83528:84899 [3] NCCL INFO misc/socket.cc:80 -> 3
paula11:83528:84899 [3] NCCL INFO misc/socket.cc:829 -> 3
paula11:83528:83888 [3] NCCL INFO misc/socket.cc:881 -> 3
paula11:83526:84901 [1] NCCL INFO misc/socket.cc:64 -> 3
paula11:83526:84901 [1] NCCL INFO misc/socket.cc:80 -> 3
paula11:83526:84901 [1] NCCL INFO misc/socket.cc:829 -> 3
paula11:83526:83893 [1] NCCL INFO misc/socket.cc:881 -> 3
paula11:83529:84903 [4] NCCL INFO misc/socket.cc:64 -> 3
paula11:83529:84903 [4] NCCL INFO misc/socket.cc:80 -> 3
paula11:83529:84903 [4] NCCL INFO misc/socket.cc:829 -> 3
paula11:83529:83887 [4] NCCL INFO misc/socket.cc:881 -> 3
paula11:83527:84897 [2] NCCL INFO comm 0x558bae52f610 rank 2 nranks 5 cudaDev 2 busId 61000 - Abort COMPLETE
paula11:83528:84899 [3] NCCL INFO comm 0x55f8e8e26fc0 rank 3 nranks 5 cudaDev 3 busId 81000 - Abort COMPLETE
paula11:83526:84901 [1] NCCL INFO comm 0x55abe115ea00 rank 1 nranks 5 cudaDev 1 busId 41000 - Abort COMPLETE
paula11:83529:84903 [4] NCCL INFO comm 0x555802659a40 rank 4 nranks 5 cudaDev 4 busId e1000 - Abort COMPLETE
[1;34mwandb[0m: 
[1;34mwandb[0m: 🚀 View run [33mpolished-energy-214[0m at: [34mhttps://wandb.ai/coyfelix7-universit-t-leipzig/big_data_vae/runs/ontx5ord[0m
[1;34mwandb[0m: Find logs at: [1;35mwandb/run-20250715_014419-ontx5ord/logs[0m
W0715 01:46:34.607000 83327 site-packages/torch/distributed/elastic/multiprocessing/api.py:900] Sending process 83525 closing signal SIGTERM
W0715 01:46:34.608000 83327 site-packages/torch/distributed/elastic/multiprocessing/api.py:900] Sending process 83526 closing signal SIGTERM
W0715 01:46:34.609000 83327 site-packages/torch/distributed/elastic/multiprocessing/api.py:900] Sending process 83528 closing signal SIGTERM
W0715 01:46:34.609000 83327 site-packages/torch/distributed/elastic/multiprocessing/api.py:900] Sending process 83529 closing signal SIGTERM
E0715 01:46:35.324000 83327 site-packages/torch/distributed/elastic/multiprocessing/api.py:874] failed (exitcode: 1) local_rank: 2 (pid: 83527) of binary: /home/sc.uni-leipzig.de/ci72buri/.conda/envs/cell-vae/bin/python3.10
Traceback (most recent call last):
  File "/home/sc.uni-leipzig.de/ci72buri/.conda/envs/cell-vae/bin/torchrun", line 8, in <module>
    sys.exit(main())
  File "/home/sc.uni-leipzig.de/ci72buri/.conda/envs/cell-vae/lib/python3.10/site-packages/torch/distributed/elastic/multiprocessing/errors/__init__.py", line 355, in wrapper
    return f(*args, **kwargs)
  File "/home/sc.uni-leipzig.de/ci72buri/.conda/envs/cell-vae/lib/python3.10/site-packages/torch/distributed/run.py", line 892, in main
    run(args)
  File "/home/sc.uni-leipzig.de/ci72buri/.conda/envs/cell-vae/lib/python3.10/site-packages/torch/distributed/run.py", line 883, in run
    elastic_launch(
  File "/home/sc.uni-leipzig.de/ci72buri/.conda/envs/cell-vae/lib/python3.10/site-packages/torch/distributed/launcher/api.py", line 139, in __call__
    return launch_agent(self._config, self._entrypoint, list(args))
  File "/home/sc.uni-leipzig.de/ci72buri/.conda/envs/cell-vae/lib/python3.10/site-packages/torch/distributed/launcher/api.py", line 270, in launch_agent
    raise ChildFailedError(
torch.distributed.elastic.multiprocessing.errors.ChildFailedError: 
============================================================
train_vae.py FAILED
------------------------------------------------------------
Failures:
  <NO_OTHER_FAILURES>
------------------------------------------------------------
Root Cause (first observed failure):
[0]:
  time      : 2025-07-15_01:46:34
  host      : paula11.sc.uni-leipzig.de
  rank      : 2 (local_rank: 2)
  exitcode  : 1 (pid: 83527)
  error_file: <N/A>
  traceback : To enable traceback see: https://pytorch.org/docs/stable/elastic/errors.html
============================================================
