MASTER_ADDR is 172.18.62.11
PING 172.18.62.11 (172.18.62.11) 56(84) bytes of data.
64 bytes from 172.18.62.11: icmp_seq=1 ttl=64 time=0.038 ms

--- 172.18.62.11 ping statistics ---
1 packets transmitted, 1 received, 0% packet loss, time 0ms
rtt min/avg/max/mdev = 0.038/0.038/0.038/0.000 ms
W0714 21:47:36.083000 4159981 site-packages/torch/distributed/run.py:766] 
W0714 21:47:36.083000 4159981 site-packages/torch/distributed/run.py:766] *****************************************
W0714 21:47:36.083000 4159981 site-packages/torch/distributed/run.py:766] Setting OMP_NUM_THREADS environment variable for each process to be 1 in default, to avoid your system being overloaded, please further tune the variable for optimal performance in your application as needed. 
W0714 21:47:36.083000 4159981 site-packages/torch/distributed/run.py:766] *****************************************
[W714 21:47:36.107428258 socket.cpp:755] [c10d] The client socket cannot be initialized to connect to [paula11.sc.uni-leipzig.de]:41188 (errno: 97 - Address family not supported by protocol).
[W714 21:47:36.286591404 socket.cpp:755] [c10d] The client socket cannot be initialized to connect to [paula11.sc.uni-leipzig.de]:42473 (errno: 97 - Address family not supported by protocol).
[W714 21:47:47.039555883 socket.cpp:755] [c10d] The client socket cannot be initialized to connect to [paula11.sc.uni-leipzig.de]:42473 (errno: 97 - Address family not supported by protocol).
[W714 21:47:47.039573977 socket.cpp:755] [c10d] The client socket cannot be initialized to connect to [paula11.sc.uni-leipzig.de]:42473 (errno: 97 - Address family not supported by protocol).
[W714 21:47:47.039588174 socket.cpp:755] [c10d] The client socket cannot be initialized to connect to [paula11.sc.uni-leipzig.de]:42473 (errno: 97 - Address family not supported by protocol).
[W714 21:47:47.040579007 socket.cpp:755] [c10d] The client socket cannot be initialized to connect to [paula11.sc.uni-leipzig.de]:42473 (errno: 97 - Address family not supported by protocol).
wandb: Currently logged in as: coyfelix7 (coyfelix7-universit-t-leipzig) to https://api.wandb.ai. Use `wandb login --relogin` to force relogin
wandb: Tracking run with wandb version 0.21.0
wandb: Run data is saved locally in /home/sc.uni-leipzig.de/ci72buri/projects/vae/Leipzig_big_data_praktikum_gene_expression_autoencoder/wandb/run-20250714_214748-bbn03fc1
wandb: Run `wandb offline` to turn off syncing.
wandb: Syncing run lucky-capybara-188
wandb: ⭐️ View project at https://wandb.ai/coyfelix7-universit-t-leipzig/big_data_vae
wandb: 🚀 View run at https://wandb.ai/coyfelix7-universit-t-leipzig/big_data_vae/runs/bbn03fc1
Using VAE-optimized preprocessing...Using VAE-optimized preprocessing...

Using VAE-optimized preprocessing...Using VAE-optimized preprocessing...

Dataset loaded: 20000 cells × 100 genes
Dataset loaded: 20000 cells × 100 genes
Dataset loaded: 20000 cells × 100 genes
Dataset loaded: 20000 cells × 100 genes
/home/sc.uni-leipzig.de/ci72buri/projects/vae/Leipzig_big_data_praktikum_gene_expression_autoencoder/autoCell/data_loader.py:152: ImplicitModificationWarning: Modifying `X` on a view results in data being overridden
  self.adata.X = X
/home/sc.uni-leipzig.de/ci72buri/projects/vae/Leipzig_big_data_praktikum_gene_expression_autoencoder/autoCell/data_loader.py:152: ImplicitModificationWarning: Modifying `X` on a view results in data being overridden
  self.adata.X = X
/home/sc.uni-leipzig.de/ci72buri/projects/vae/Leipzig_big_data_praktikum_gene_expression_autoencoder/autoCell/data_loader.py:152: ImplicitModificationWarning: Modifying `X` on a view results in data being overridden
  self.adata.X = X
/home/sc.uni-leipzig.de/ci72buri/projects/vae/Leipzig_big_data_praktikum_gene_expression_autoencoder/autoCell/data_loader.py:152: ImplicitModificationWarning: Modifying `X` on a view results in data being overridden
  self.adata.X = X
Dataset loaded: 20000 cells × 100 genes
Dataset loaded: 20000 cells × 100 genes
paula11:4160221:4160221 [0] NCCL INFO NCCL_SOCKET_IFNAME set by environment to bond0
paula11:4160221:4160221 [0] NCCL INFO Bootstrap: Using bond0:172.18.62.11<0>
paula11:4160221:4160221 [0] NCCL INFO cudaDriverVersion 12020
paula11:4160221:4160221 [0] NCCL INFO NCCL version 2.26.2+cuda12.2
paula11:4160221:4160221 [0] NCCL INFO Comm config Blocking set to 1
paula11:4160222:4160222 [1] NCCL INFO cudaDriverVersion 12020
paula11:4160222:4160222 [1] NCCL INFO NCCL_SOCKET_IFNAME set by environment to bond0
paula11:4160222:4160222 [1] NCCL INFO Bootstrap: Using bond0:172.18.62.11<0>
paula11:4160222:4160222 [1] NCCL INFO NCCL version 2.26.2+cuda12.2
paula11:4160222:4160222 [1] NCCL INFO Comm config Blocking set to 1
Dataset loaded: 20000 cells × 100 genes
paula11:4160223:4160223 [2] NCCL INFO cudaDriverVersion 12020
paula11:4160223:4160223 [2] NCCL INFO NCCL_SOCKET_IFNAME set by environment to bond0
paula11:4160223:4160223 [2] NCCL INFO Bootstrap: Using bond0:172.18.62.11<0>
paula11:4160223:4160223 [2] NCCL INFO NCCL version 2.26.2+cuda12.2
Dataset loaded: 20000 cells × 100 genes
paula11:4160223:4160223 [2] NCCL INFO Comm config Blocking set to 1
paula11:4160224:4160224 [3] NCCL INFO cudaDriverVersion 12020
paula11:4160224:4160224 [3] NCCL INFO NCCL_SOCKET_IFNAME set by environment to bond0
paula11:4160224:4160224 [3] NCCL INFO Bootstrap: Using bond0:172.18.62.11<0>
paula11:4160224:4160224 [3] NCCL INFO NCCL version 2.26.2+cuda12.2
paula11:4160224:4160224 [3] NCCL INFO Comm config Blocking set to 1
paula11:4160222:4160640 [1] NCCL INFO NET/Plugin: Could not find: libnccl-net.so. Using internal net plugin.
paula11:4160222:4160640 [1] NCCL INFO NCCL_IB_DISABLE set by environment to 1.
paula11:4160222:4160640 [1] NCCL INFO NCCL_SOCKET_IFNAME set by environment to bond0
paula11:4160222:4160640 [1] NCCL INFO NET/Socket : Using [0]bond0:172.18.62.11<0>
paula11:4160222:4160640 [1] NCCL INFO PROFILER/Plugin: Could not find: libnccl-profiler.so. 
paula11:4160222:4160640 [1] NCCL INFO Using network Socket
paula11:4160222:4160640 [1] NCCL INFO ncclCommInitRankConfig comm 0x55a3ba979030 rank 1 nranks 4 cudaDev 1 nvmlDev 1 busId 22000 commId 0xfcdd89e7720e2781 - Init START
paula11:4160223:4160641 [2] NCCL INFO NET/Plugin: Could not find: libnccl-net.so. Using internal net plugin.
paula11:4160223:4160641 [2] NCCL INFO NCCL_IB_DISABLE set by environment to 1.
paula11:4160223:4160641 [2] NCCL INFO NCCL_SOCKET_IFNAME set by environment to bond0
paula11:4160223:4160641 [2] NCCL INFO NET/Socket : Using [0]bond0:172.18.62.11<0>
paula11:4160223:4160641 [2] NCCL INFO PROFILER/Plugin: Could not find: libnccl-profiler.so. 
paula11:4160223:4160641 [2] NCCL INFO Using network Socket
paula11:4160224:4160642 [3] NCCL INFO NET/Plugin: Could not find: libnccl-net.so. Using internal net plugin.
paula11:4160224:4160642 [3] NCCL INFO NCCL_IB_DISABLE set by environment to 1.
paula11:4160224:4160642 [3] NCCL INFO NCCL_SOCKET_IFNAME set by environment to bond0
paula11:4160223:4160641 [2] NCCL INFO ncclCommInitRankConfig comm 0x55a9bde28e00 rank 2 nranks 4 cudaDev 2 nvmlDev 2 busId 61000 commId 0xfcdd89e7720e2781 - Init START
paula11:4160224:4160642 [3] NCCL INFO NET/Socket : Using [0]bond0:172.18.62.11<0>
paula11:4160221:4160639 [0] NCCL INFO NET/Plugin: Could not find: libnccl-net.so. Using internal net plugin.
paula11:4160221:4160639 [0] NCCL INFO NCCL_IB_DISABLE set by environment to 1.
paula11:4160221:4160639 [0] NCCL INFO NCCL_SOCKET_IFNAME set by environment to bond0
paula11:4160221:4160639 [0] NCCL INFO NET/Socket : Using [0]bond0:172.18.62.11<0>
paula11:4160224:4160642 [3] NCCL INFO PROFILER/Plugin: Could not find: libnccl-profiler.so. 
paula11:4160224:4160642 [3] NCCL INFO Using network Socket
paula11:4160224:4160642 [3] NCCL INFO ncclCommInitRankConfig comm 0x55d96960a500 rank 3 nranks 4 cudaDev 3 nvmlDev 3 busId c1000 commId 0xfcdd89e7720e2781 - Init START
paula11:4160221:4160639 [0] NCCL INFO PROFILER/Plugin: Could not find: libnccl-profiler.so. 
paula11:4160221:4160639 [0] NCCL INFO Using network Socket
paula11:4160221:4160639 [0] NCCL INFO ncclCommInitRankConfig comm 0x56085e6dd3f0 rank 0 nranks 4 cudaDev 0 nvmlDev 0 busId 1000 commId 0xfcdd89e7720e2781 - Init START
paula11:4160223:4160641 [2] NCCL INFO RAS client listening socket at 127.0.0.1<28028>
paula11:4160222:4160640 [1] NCCL INFO RAS client listening socket at 127.0.0.1<28028>
paula11:4160224:4160642 [3] NCCL INFO RAS client listening socket at 127.0.0.1<28028>
paula11:4160221:4160639 [0] NCCL INFO RAS client listening socket at 127.0.0.1<28028>
paula11:4160223:4160641 [2] NCCL INFO Bootstrap timings total 0.039637 (create 0.000051, send 0.002563, recv 0.001599, ring 0.007880, delay 0.000001)
paula11:4160222:4160640 [1] NCCL INFO Bootstrap timings total 0.075789 (create 0.000031, send 0.000147, recv 0.038828, ring 0.000124, delay 0.000000)
paula11:4160221:4160639 [0] NCCL INFO Bootstrap timings total 0.034037 (create 0.000054, send 0.000260, recv 0.000277, ring 0.007054, delay 0.000001)
paula11:4160224:4160642 [3] NCCL INFO Bootstrap timings total 0.035927 (create 0.000055, send 0.000257, recv 0.002064, ring 0.009695, delay 0.000001)
paula11:4160222:4160640 [1] NCCL INFO NCCL_P2P_DISABLE set by environment to 1
paula11:4160221:4160639 [0] NCCL INFO NCCL_P2P_DISABLE set by environment to 1
paula11:4160222:4160640 [1] NCCL INFO Setting affinity for GPU 1 to 01,00000000
paula11:4160221:4160639 [0] NCCL INFO Setting affinity for GPU 0 to 010000,00000000
paula11:4160221:4160639 [0] NCCL INFO NVLS multicast support is not available on dev 0
paula11:4160222:4160640 [1] NCCL INFO NVLS multicast support is not available on dev 1
paula11:4160223:4160641 [2] NCCL INFO NCCL_P2P_DISABLE set by environment to 1
paula11:4160223:4160641 [2] NCCL INFO Setting affinity for GPU 2 to 01
paula11:4160223:4160641 [2] NCCL INFO NVLS multicast support is not available on dev 2
paula11:4160224:4160642 [3] NCCL INFO NCCL_P2P_DISABLE set by environment to 1
paula11:4160224:4160642 [3] NCCL INFO Setting affinity for GPU 3 to 010000,00000000,00000000
paula11:4160224:4160642 [3] NCCL INFO NVLS multicast support is not available on dev 3
paula11:4160223:4160641 [2] NCCL INFO comm 0x55a9bde28e00 rank 2 nRanks 4 nNodes 1 localRanks 4 localRank 2 MNNVL 0
paula11:4160221:4160639 [0] NCCL INFO comm 0x56085e6dd3f0 rank 0 nRanks 4 nNodes 1 localRanks 4 localRank 0 MNNVL 0
paula11:4160222:4160640 [1] NCCL INFO comm 0x55a3ba979030 rank 1 nRanks 4 nNodes 1 localRanks 4 localRank 1 MNNVL 0
paula11:4160224:4160642 [3] NCCL INFO comm 0x55d96960a500 rank 3 nRanks 4 nNodes 1 localRanks 4 localRank 3 MNNVL 0
paula11:4160223:4160641 [2] NCCL INFO Trees [0] 3/-1/-1->2->1 [1] 3/-1/-1->2->1
paula11:4160221:4160639 [0] NCCL INFO Channel 00/02 : 0 1 2 3
paula11:4160223:4160641 [2] NCCL INFO P2P Chunksize set to 131072
paula11:4160221:4160639 [0] NCCL INFO Channel 01/02 : 0 1 2 3
paula11:4160222:4160640 [1] NCCL INFO Trees [0] 2/-1/-1->1->0 [1] 2/-1/-1->1->0
paula11:4160221:4160639 [0] NCCL INFO Trees [0] 1/-1/-1->0->-1 [1] 1/-1/-1->0->-1
paula11:4160222:4160640 [1] NCCL INFO P2P Chunksize set to 131072
paula11:4160224:4160642 [3] NCCL INFO Trees [0] -1/-1/-1->3->2 [1] -1/-1/-1->3->2
paula11:4160221:4160639 [0] NCCL INFO P2P Chunksize set to 131072
paula11:4160224:4160642 [3] NCCL INFO P2P Chunksize set to 131072
paula11:4160221:4160639 [0] NCCL INFO Check P2P Type intraNodeP2pSupport 0 directMode 0
paula11:4160221:4160639 [0] NCCL INFO threadThresholds 8/8/64 | 32/8/64 | 512 | 512
paula11:4160221:4160639 [0] NCCL INFO 2 coll channels, 2 collnet channels, 0 nvls channels, 2 p2p channels, 2 p2p channels per peer
paula11:4160222:4160640 [1] NCCL INFO threadThresholds 8/8/64 | 32/8/64 | 512 | 512
paula11:4160222:4160640 [1] NCCL INFO 2 coll channels, 2 collnet channels, 0 nvls channels, 2 p2p channels, 2 p2p channels per peer
paula11:4160223:4160641 [2] NCCL INFO threadThresholds 8/8/64 | 32/8/64 | 512 | 512
paula11:4160223:4160641 [2] NCCL INFO 2 coll channels, 2 collnet channels, 0 nvls channels, 2 p2p channels, 2 p2p channels per peer
paula11:4160224:4160642 [3] NCCL INFO threadThresholds 8/8/64 | 32/8/64 | 512 | 512
paula11:4160224:4160642 [3] NCCL INFO 2 coll channels, 2 collnet channels, 0 nvls channels, 2 p2p channels, 2 p2p channels per peer
paula11:4160221:4160639 [0] NCCL INFO CC Off, workFifoBytes 1048576
paula11:4160223:4160657 [2] NCCL INFO [Proxy Service UDS] Device 2 CPU core 0
paula11:4160222:4160656 [1] NCCL INFO [Proxy Service UDS] Device 1 CPU core 32
paula11:4160223:4160653 [2] NCCL INFO [Proxy Service] Device 2 CPU core 0
paula11:4160222:4160651 [1] NCCL INFO [Proxy Service] Device 1 CPU core 32
paula11:4160221:4160655 [0] NCCL INFO [Proxy Service UDS] Device 0 CPU core 48
paula11:4160224:4160658 [3] NCCL INFO [Proxy Service UDS] Device 3 CPU core 80
paula11:4160224:4160654 [3] NCCL INFO [Proxy Service] Device 3 CPU core 80
paula11:4160221:4160652 [0] NCCL INFO [Proxy Service] Device 0 CPU core 48
paula11:4160221:4160639 [0] NCCL INFO TUNER/Plugin: Could not find: libnccl-tuner.so. Using internal tuner plugin.
paula11:4160221:4160639 [0] NCCL INFO ncclCommInitRankConfig comm 0x56085e6dd3f0 rank 0 nranks 4 cudaDev 0 nvmlDev 0 busId 1000 commId 0xfcdd89e7720e2781 - Init COMPLETE
paula11:4160221:4160639 [0] NCCL INFO Init timings - ncclCommInitRankConfig: rank 0 nranks 4 total 0.48 (kernels 0.36, alloc 0.00, bootstrap 0.03, allgathers 0.00, topo 0.07, graphs 0.00, connections 0.01, rest 0.01)
paula11:4160223:4160641 [2] NCCL INFO TUNER/Plugin: Could not find: libnccl-tuner.so. Using internal tuner plugin.
paula11:4160223:4160641 [2] NCCL INFO ncclCommInitRankConfig comm 0x55a9bde28e00 rank 2 nranks 4 cudaDev 2 nvmlDev 2 busId 61000 commId 0xfcdd89e7720e2781 - Init COMPLETE
paula11:4160223:4160641 [2] NCCL INFO Init timings - ncclCommInitRankConfig: rank 2 nranks 4 total 0.32 (kernels 0.18, alloc 0.00, bootstrap 0.04, allgathers 0.00, topo 0.07, graphs 0.00, connections 0.01, rest 0.01)
paula11:4160224:4160642 [3] NCCL INFO TUNER/Plugin: Could not find: libnccl-tuner.so. Using internal tuner plugin.
paula11:4160224:4160642 [3] NCCL INFO ncclCommInitRankConfig comm 0x55d96960a500 rank 3 nranks 4 cudaDev 3 nvmlDev 3 busId c1000 commId 0xfcdd89e7720e2781 - Init COMPLETE
paula11:4160224:4160642 [3] NCCL INFO Init timings - ncclCommInitRankConfig: rank 3 nranks 4 total 0.30 (kernels 0.17, alloc 0.00, bootstrap 0.04, allgathers 0.00, topo 0.07, graphs 0.00, connections 0.01, rest 0.01)
paula11:4160222:4160640 [1] NCCL INFO TUNER/Plugin: Could not find: libnccl-tuner.so. Using internal tuner plugin.
paula11:4160222:4160640 [1] NCCL INFO ncclCommInitRankConfig comm 0x55a3ba979030 rank 1 nranks 4 cudaDev 1 nvmlDev 1 busId 22000 commId 0xfcdd89e7720e2781 - Init COMPLETE
paula11:4160222:4160640 [1] NCCL INFO Init timings - ncclCommInitRankConfig: rank 1 nranks 4 total 0.48 (kernels 0.30, alloc 0.01, bootstrap 0.08, allgathers 0.00, topo 0.07, graphs 0.00, connections 0.01, rest 0.01)
paula11:4160223:4160660 [2] NCCL INFO Channel 00 : 2[2] -> 3[3] via SHM/direct/direct
paula11:4160221:4160659 [0] NCCL INFO Channel 00 : 0[0] -> 1[1] via SHM/direct/direct
paula11:4160222:4160662 [1] NCCL INFO Channel 00 : 1[1] -> 2[2] via SHM/direct/direct
paula11:4160221:4160659 [0] NCCL INFO Channel 01 : 0[0] -> 1[1] via SHM/direct/direct
paula11:4160224:4160661 [3] NCCL INFO Channel 00 : 3[3] -> 0[0] via SHM/direct/direct
paula11:4160223:4160660 [2] NCCL INFO Channel 01 : 2[2] -> 3[3] via SHM/direct/direct
paula11:4160222:4160662 [1] NCCL INFO Channel 01 : 1[1] -> 2[2] via SHM/direct/direct
paula11:4160224:4160661 [3] NCCL INFO Channel 01 : 3[3] -> 0[0] via SHM/direct/direct
paula11:4160224:4160661 [3] NCCL INFO Connected all rings, use ring PXN 0 GDR 1
paula11:4160221:4160659 [0] NCCL INFO Connected all rings, use ring PXN 0 GDR 1
paula11:4160223:4160660 [2] NCCL INFO Connected all rings, use ring PXN 0 GDR 1
paula11:4160222:4160662 [1] NCCL INFO Connected all rings, use ring PXN 0 GDR 1
[Rank 3] Calling model forward at epoch 1, batch size: 512
[rank3]: Traceback (most recent call last):
[rank3]:   File "/home/sc.uni-leipzig.de/ci72buri/projects/vae/Leipzig_big_data_praktikum_gene_expression_autoencoder/train_vae.py", line 167, in <module>
[rank3]:     train()
[rank3]:   File "/home/sc.uni-leipzig.de/ci72buri/projects/vae/Leipzig_big_data_praktikum_gene_expression_autoencoder/train_vae.py", line 133, in train
[rank3]:     loss, BCE, KLD = loss_function(recon_batch, data, mu, logvar, beta)
[rank3]:   File "/home/sc.uni-leipzig.de/ci72buri/projects/vae/Leipzig_big_data_praktikum_gene_expression_autoencoder/train_vae.py", line 33, in loss_function
[rank3]:     BCE = torch.nn.functional.binary_cross_entropy(recon_x, x, reduction='sum')
[rank3]:   File "/home/sc.uni-leipzig.de/ci72buri/.conda/envs/cell-vae/lib/python3.10/site-packages/torch/nn/functional.py", line 3569, in binary_cross_entropy
[rank3]:     return torch._C._nn.binary_cross_entropy(input, target, weight, reduction_enum)
[rank3]: RuntimeError: torch.nn.functional.binary_cross_entropy and torch.nn.BCELoss are unsafe to autocast.
[rank3]: Many models use a sigmoid layer right before the binary cross entropy layer.
[rank3]: In this case, combine the two layers using torch.nn.functional.binary_cross_entropy_with_logits
[rank3]: or torch.nn.BCEWithLogitsLoss.  binary_cross_entropy_with_logits and BCEWithLogits are
[rank3]: safe to autocast.
[Rank 1] Calling model forward at epoch 1, batch size: 512
[rank1]: Traceback (most recent call last):
[rank1]:   File "/home/sc.uni-leipzig.de/ci72buri/projects/vae/Leipzig_big_data_praktikum_gene_expression_autoencoder/train_vae.py", line 167, in <module>
[rank1]:     train()
[rank1]:   File "/home/sc.uni-leipzig.de/ci72buri/projects/vae/Leipzig_big_data_praktikum_gene_expression_autoencoder/train_vae.py", line 133, in train
[rank1]:     loss, BCE, KLD = loss_function(recon_batch, data, mu, logvar, beta)
[rank1]:   File "/home/sc.uni-leipzig.de/ci72buri/projects/vae/Leipzig_big_data_praktikum_gene_expression_autoencoder/train_vae.py", line 33, in loss_function
[rank1]:     BCE = torch.nn.functional.binary_cross_entropy(recon_x, x, reduction='sum')
[rank1]:   File "/home/sc.uni-leipzig.de/ci72buri/.conda/envs/cell-vae/lib/python3.10/site-packages/torch/nn/functional.py", line 3569, in binary_cross_entropy
[rank1]:     return torch._C._nn.binary_cross_entropy(input, target, weight, reduction_enum)
[rank1]: RuntimeError: torch.nn.functional.binary_cross_entropy and torch.nn.BCELoss are unsafe to autocast.
[rank1]: Many models use a sigmoid layer right before the binary cross entropy layer.
[rank1]: In this case, combine the two layers using torch.nn.functional.binary_cross_entropy_with_logits
[rank1]: or torch.nn.BCEWithLogitsLoss.  binary_cross_entropy_with_logits and BCEWithLogits are
[rank1]: safe to autocast.
paula11:4160224:4160654 [3] NCCL INFO misc/socket.cc:881 -> 3
paula11:4160224:4163742 [3] NCCL INFO misc/socket.cc:64 -> 3
paula11:4160224:4163742 [3] NCCL INFO misc/socket.cc:80 -> 3
paula11:4160224:4163742 [3] NCCL INFO misc/socket.cc:829 -> 3
paula11:4160224:4163742 [3] NCCL INFO comm 0x55d96960a500 rank 3 nranks 4 cudaDev 3 busId c1000 - Abort COMPLETE
W0714 21:56:28.269000 4159981 site-packages/torch/distributed/elastic/multiprocessing/api.py:900] Sending process 4160221 closing signal SIGTERM
W0714 21:56:28.271000 4159981 site-packages/torch/distributed/elastic/multiprocessing/api.py:900] Sending process 4160222 closing signal SIGTERM
W0714 21:56:28.272000 4159981 site-packages/torch/distributed/elastic/multiprocessing/api.py:900] Sending process 4160223 closing signal SIGTERM
E0714 21:56:28.965000 4159981 site-packages/torch/distributed/elastic/multiprocessing/api.py:874] failed (exitcode: 1) local_rank: 3 (pid: 4160224) of binary: /home/sc.uni-leipzig.de/ci72buri/.conda/envs/cell-vae/bin/python3.10
Traceback (most recent call last):
  File "/home/sc.uni-leipzig.de/ci72buri/.conda/envs/cell-vae/bin/torchrun", line 8, in <module>
    sys.exit(main())
  File "/home/sc.uni-leipzig.de/ci72buri/.conda/envs/cell-vae/lib/python3.10/site-packages/torch/distributed/elastic/multiprocessing/errors/__init__.py", line 355, in wrapper
    return f(*args, **kwargs)
  File "/home/sc.uni-leipzig.de/ci72buri/.conda/envs/cell-vae/lib/python3.10/site-packages/torch/distributed/run.py", line 892, in main
    run(args)
  File "/home/sc.uni-leipzig.de/ci72buri/.conda/envs/cell-vae/lib/python3.10/site-packages/torch/distributed/run.py", line 883, in run
    elastic_launch(
  File "/home/sc.uni-leipzig.de/ci72buri/.conda/envs/cell-vae/lib/python3.10/site-packages/torch/distributed/launcher/api.py", line 139, in __call__
    return launch_agent(self._config, self._entrypoint, list(args))
  File "/home/sc.uni-leipzig.de/ci72buri/.conda/envs/cell-vae/lib/python3.10/site-packages/torch/distributed/launcher/api.py", line 270, in launch_agent
    raise ChildFailedError(
torch.distributed.elastic.multiprocessing.errors.ChildFailedError: 
============================================================
train_vae.py FAILED
------------------------------------------------------------
Failures:
  <NO_OTHER_FAILURES>
------------------------------------------------------------
Root Cause (first observed failure):
[0]:
  time      : 2025-07-14_21:56:28
  host      : paula11.sc.uni-leipzig.de
  rank      : 3 (local_rank: 3)
  exitcode  : 1 (pid: 4160224)
  error_file: <N/A>
  traceback : To enable traceback see: https://pytorch.org/docs/stable/elastic/errors.html
============================================================
