MASTER_ADDR is 172.18.62.11
PING 172.18.62.11 (172.18.62.11) 56(84) bytes of data.
64 bytes from 172.18.62.11: icmp_seq=1 ttl=64 time=0.033 ms

--- 172.18.62.11 ping statistics ---
1 packets transmitted, 1 received, 0% packet loss, time 0ms
rtt min/avg/max/mdev = 0.033/0.033/0.033/0.000 ms
W0715 01:34:26.265000 77040 site-packages/torch/distributed/run.py:766] 
W0715 01:34:26.265000 77040 site-packages/torch/distributed/run.py:766] *****************************************
W0715 01:34:26.265000 77040 site-packages/torch/distributed/run.py:766] Setting OMP_NUM_THREADS environment variable for each process to be 1 in default, to avoid your system being overloaded, please further tune the variable for optimal performance in your application as needed. 
W0715 01:34:26.265000 77040 site-packages/torch/distributed/run.py:766] *****************************************
[W715 01:34:26.225358693 socket.cpp:755] [c10d] The client socket cannot be initialized to connect to [paula11.sc.uni-leipzig.de]:15281 (errno: 97 - Address family not supported by protocol).
[W715 01:34:26.309545370 socket.cpp:755] [c10d] The client socket cannot be initialized to connect to [paula11.sc.uni-leipzig.de]:43849 (errno: 97 - Address family not supported by protocol).
[W715 01:34:30.267278181 socket.cpp:755] [c10d] The client socket cannot be initialized to connect to [paula11.sc.uni-leipzig.de]:43849 (errno: 97 - Address family not supported by protocol).
[W715 01:34:30.267399530 socket.cpp:755] [c10d] The client socket cannot be initialized to connect to [paula11.sc.uni-leipzig.de]:43849 (errno: 97 - Address family not supported by protocol).
[W715 01:34:30.267658727 socket.cpp:755] [c10d] The client socket cannot be initialized to connect to [paula11.sc.uni-leipzig.de]:43849 (errno: 97 - Address family not supported by protocol).
[W715 01:34:30.267733748 socket.cpp:755] [c10d] The client socket cannot be initialized to connect to [paula11.sc.uni-leipzig.de]:43849 (errno: 97 - Address family not supported by protocol).
[W715 01:34:30.267920690 socket.cpp:755] [c10d] The client socket cannot be initialized to connect to [paula11.sc.uni-leipzig.de]:43849 (errno: 97 - Address family not supported by protocol).
wandb: Currently logged in as: coyfelix7 (coyfelix7-universit-t-leipzig) to https://api.wandb.ai. Use `wandb login --relogin` to force relogin
Using VAE-optimized preprocessing...
Using VAE-optimized preprocessing...
Using VAE-optimized preprocessing...
Using VAE-optimized preprocessing...
wandb: Tracking run with wandb version 0.21.0
wandb: Run data is saved locally in /home/sc.uni-leipzig.de/ci72buri/projects/vae/Leipzig_big_data_praktikum_gene_expression_autoencoder/wandb/run-20250715_013431-otgmznzt
wandb: Run `wandb offline` to turn off syncing.
wandb: Syncing run swift-morning-211
wandb: ⭐️ View project at https://wandb.ai/coyfelix7-universit-t-leipzig/big_data_vae
wandb: 🚀 View run at https://wandb.ai/coyfelix7-universit-t-leipzig/big_data_vae/runs/otgmznzt
Using VAE-optimized preprocessing...
Dataset loaded: 20000 cells × 200 genes
/home/sc.uni-leipzig.de/ci72buri/.conda/envs/cell-vae/lib/python3.10/site-packages/torch/utils/data/dataloader.py:626: UserWarning: This DataLoader will create 25 worker processes in total. Our suggested max number of worker in current system is 20, which is smaller than what this DataLoader is going to create. Please be aware that excessive worker creation might get DataLoader running slow or even freeze, lower the worker number to avoid potential slowness/freeze if necessary.
  warnings.warn(
paula11:77074:77074 [0] NCCL INFO NCCL_SOCKET_IFNAME set by environment to bond0
paula11:77074:77074 [0] NCCL INFO Bootstrap: Using bond0:172.18.62.11<0>
paula11:77074:77074 [0] NCCL INFO cudaDriverVersion 12020
paula11:77074:77074 [0] NCCL INFO NCCL version 2.26.2+cuda12.2
paula11:77074:77074 [0] NCCL INFO Comm config Blocking set to 1
paula11:77074:77246 [0] NCCL INFO NET/Plugin: Could not find: libnccl-net.so. Using internal net plugin.
paula11:77074:77246 [0] NCCL INFO NCCL_IB_DISABLE set by environment to 1.
paula11:77074:77246 [0] NCCL INFO NCCL_SOCKET_IFNAME set by environment to bond0
paula11:77074:77246 [0] NCCL INFO NET/Socket : Using [0]bond0:172.18.62.11<0>
paula11:77074:77246 [0] NCCL INFO PROFILER/Plugin: Could not find: libnccl-profiler.so. 
paula11:77074:77246 [0] NCCL INFO Using network Socket
paula11:77074:77246 [0] NCCL INFO ncclCommInitRankConfig comm 0x560635a1e900 rank 0 nranks 5 cudaDev 0 nvmlDev 0 busId 22000 commId 0xc0715d8c72ccabdf - Init START
Dataset loaded: 20000 cells × 200 genes
/home/sc.uni-leipzig.de/ci72buri/.conda/envs/cell-vae/lib/python3.10/site-packages/torch/utils/data/dataloader.py:626: UserWarning: This DataLoader will create 25 worker processes in total. Our suggested max number of worker in current system is 20, which is smaller than what this DataLoader is going to create. Please be aware that excessive worker creation might get DataLoader running slow or even freeze, lower the worker number to avoid potential slowness/freeze if necessary.
  warnings.warn(
Dataset loaded: 20000 cells × 200 genes
/home/sc.uni-leipzig.de/ci72buri/.conda/envs/cell-vae/lib/python3.10/site-packages/torch/utils/data/dataloader.py:626: UserWarning: This DataLoader will create 25 worker processes in total. Our suggested max number of worker in current system is 20, which is smaller than what this DataLoader is going to create. Please be aware that excessive worker creation might get DataLoader running slow or even freeze, lower the worker number to avoid potential slowness/freeze if necessary.
  warnings.warn(
paula11:77078:77078 [4] NCCL INFO cudaDriverVersion 12020
paula11:77078:77078 [4] NCCL INFO NCCL_SOCKET_IFNAME set by environment to bond0
paula11:77078:77078 [4] NCCL INFO Bootstrap: Using bond0:172.18.62.11<0>
paula11:77078:77078 [4] NCCL INFO NCCL version 2.26.2+cuda12.2
paula11:77075:77075 [1] NCCL INFO cudaDriverVersion 12020
paula11:77075:77075 [1] NCCL INFO NCCL_SOCKET_IFNAME set by environment to bond0
paula11:77075:77075 [1] NCCL INFO Bootstrap: Using bond0:172.18.62.11<0>
paula11:77075:77075 [1] NCCL INFO NCCL version 2.26.2+cuda12.2
paula11:77078:77078 [4] NCCL INFO Comm config Blocking set to 1
paula11:77075:77075 [1] NCCL INFO Comm config Blocking set to 1
Dataset loaded: 20000 cells × 200 genes
/home/sc.uni-leipzig.de/ci72buri/.conda/envs/cell-vae/lib/python3.10/site-packages/torch/utils/data/dataloader.py:626: UserWarning: This DataLoader will create 25 worker processes in total. Our suggested max number of worker in current system is 20, which is smaller than what this DataLoader is going to create. Please be aware that excessive worker creation might get DataLoader running slow or even freeze, lower the worker number to avoid potential slowness/freeze if necessary.
  warnings.warn(
Dataset loaded: 20000 cells × 200 genes
/home/sc.uni-leipzig.de/ci72buri/.conda/envs/cell-vae/lib/python3.10/site-packages/torch/utils/data/dataloader.py:626: UserWarning: This DataLoader will create 25 worker processes in total. Our suggested max number of worker in current system is 20, which is smaller than what this DataLoader is going to create. Please be aware that excessive worker creation might get DataLoader running slow or even freeze, lower the worker number to avoid potential slowness/freeze if necessary.
  warnings.warn(
paula11:77076:77076 [2] NCCL INFO cudaDriverVersion 12020
paula11:77076:77076 [2] NCCL INFO NCCL_SOCKET_IFNAME set by environment to bond0
paula11:77076:77076 [2] NCCL INFO Bootstrap: Using bond0:172.18.62.11<0>
paula11:77076:77076 [2] NCCL INFO NCCL version 2.26.2+cuda12.2
paula11:77077:77077 [3] NCCL INFO cudaDriverVersion 12020
paula11:77077:77077 [3] NCCL INFO NCCL_SOCKET_IFNAME set by environment to bond0
paula11:77077:77077 [3] NCCL INFO Bootstrap: Using bond0:172.18.62.11<0>
paula11:77077:77077 [3] NCCL INFO NCCL version 2.26.2+cuda12.2
paula11:77076:77076 [2] NCCL INFO Comm config Blocking set to 1
paula11:77077:77077 [3] NCCL INFO Comm config Blocking set to 1
paula11:77078:77247 [4] NCCL INFO NET/Plugin: Could not find: libnccl-net.so. Using internal net plugin.
paula11:77078:77247 [4] NCCL INFO NCCL_IB_DISABLE set by environment to 1.
paula11:77078:77247 [4] NCCL INFO NCCL_SOCKET_IFNAME set by environment to bond0
paula11:77078:77247 [4] NCCL INFO NET/Socket : Using [0]bond0:172.18.62.11<0>
paula11:77078:77247 [4] NCCL INFO PROFILER/Plugin: Could not find: libnccl-profiler.so. 
paula11:77078:77247 [4] NCCL INFO Using network Socket
paula11:77078:77247 [4] NCCL INFO ncclCommInitRankConfig comm 0x55f73713ce90 rank 4 nranks 5 cudaDev 4 nvmlDev 4 busId e1000 commId 0xc0715d8c72ccabdf - Init START
paula11:77075:77248 [1] NCCL INFO NET/Plugin: Could not find: libnccl-net.so. Using internal net plugin.
paula11:77075:77248 [1] NCCL INFO NCCL_IB_DISABLE set by environment to 1.
paula11:77075:77248 [1] NCCL INFO NCCL_SOCKET_IFNAME set by environment to bond0
paula11:77075:77248 [1] NCCL INFO NET/Socket : Using [0]bond0:172.18.62.11<0>
paula11:77075:77248 [1] NCCL INFO PROFILER/Plugin: Could not find: libnccl-profiler.so. 
paula11:77075:77248 [1] NCCL INFO Using network Socket
paula11:77075:77248 [1] NCCL INFO ncclCommInitRankConfig comm 0x55887c3ff840 rank 1 nranks 5 cudaDev 1 nvmlDev 1 busId 61000 commId 0xc0715d8c72ccabdf - Init START
paula11:77074:77246 [0] NCCL INFO RAS client listening socket at 127.0.0.1<28028>
paula11:77077:77250 [3] NCCL INFO NET/Plugin: Could not find: libnccl-net.so. Using internal net plugin.
paula11:77077:77250 [3] NCCL INFO NCCL_IB_DISABLE set by environment to 1.
paula11:77077:77250 [3] NCCL INFO NCCL_SOCKET_IFNAME set by environment to bond0
paula11:77077:77250 [3] NCCL INFO NET/Socket : Using [0]bond0:172.18.62.11<0>
paula11:77076:77249 [2] NCCL INFO NET/Plugin: Could not find: libnccl-net.so. Using internal net plugin.
paula11:77076:77249 [2] NCCL INFO NCCL_IB_DISABLE set by environment to 1.
paula11:77076:77249 [2] NCCL INFO NCCL_SOCKET_IFNAME set by environment to bond0
paula11:77076:77249 [2] NCCL INFO NET/Socket : Using [0]bond0:172.18.62.11<0>
paula11:77077:77250 [3] NCCL INFO PROFILER/Plugin: Could not find: libnccl-profiler.so. 
paula11:77077:77250 [3] NCCL INFO Using network Socket
paula11:77076:77249 [2] NCCL INFO PROFILER/Plugin: Could not find: libnccl-profiler.so. 
paula11:77076:77249 [2] NCCL INFO Using network Socket
paula11:77077:77250 [3] NCCL INFO ncclCommInitRankConfig comm 0x5581d8100340 rank 3 nranks 5 cudaDev 3 nvmlDev 3 busId a1000 commId 0xc0715d8c72ccabdf - Init START
paula11:77076:77249 [2] NCCL INFO ncclCommInitRankConfig comm 0x561d75b8f640 rank 2 nranks 5 cudaDev 2 nvmlDev 2 busId 81000 commId 0xc0715d8c72ccabdf - Init START
paula11:77077:77250 [3] NCCL INFO RAS client listening socket at 127.0.0.1<28028>
paula11:77078:77247 [4] NCCL INFO RAS client listening socket at 127.0.0.1<28028>
paula11:77075:77248 [1] NCCL INFO RAS client listening socket at 127.0.0.1<28028>
paula11:77076:77249 [2] NCCL INFO RAS client listening socket at 127.0.0.1<28028>
paula11:77078:77247 [4] NCCL INFO Bootstrap timings total 0.112710 (create 0.000032, send 0.017078, recv 0.000144, ring 0.000650, delay 0.000000)
paula11:77074:77246 [0] NCCL INFO Bootstrap timings total 1.399004 (create 0.000031, send 0.000131, recv 1.309448, ring 0.087150, delay 0.000000)
paula11:77077:77250 [3] NCCL INFO Bootstrap timings total 0.018128 (create 0.000032, send 0.014516, recv 0.000120, ring 0.001077, delay 0.000000)
paula11:77075:77248 [1] NCCL INFO Bootstrap timings total 0.107068 (create 0.000036, send 0.017427, recv 0.086761, ring 0.000282, delay 0.000000)
paula11:77076:77249 [2] NCCL INFO Bootstrap timings total 0.016898 (create 0.000024, send 0.013269, recv 0.000339, ring 0.000122, delay 0.000000)
paula11:77074:77246 [0] NCCL INFO NCCL_P2P_DISABLE set by environment to 1
paula11:77076:77249 [2] NCCL INFO NCCL_P2P_DISABLE set by environment to 1
paula11:77074:77246 [0] NCCL INFO Setting affinity for GPU 0 to 01,00000000
paula11:77075:77248 [1] NCCL INFO NCCL_P2P_DISABLE set by environment to 1
paula11:77074:77246 [0] NCCL INFO NVLS multicast support is not available on dev 0
paula11:77076:77249 [2] NCCL INFO Setting affinity for GPU 2 to 3f0000,00000000,00000000,00000000
paula11:77075:77248 [1] NCCL INFO Setting affinity for GPU 1 to 01
paula11:77076:77249 [2] NCCL INFO NVLS multicast support is not available on dev 2
paula11:77075:77248 [1] NCCL INFO NVLS multicast support is not available on dev 1
paula11:77077:77250 [3] NCCL INFO NCCL_P2P_DISABLE set by environment to 1
paula11:77078:77247 [4] NCCL INFO NCCL_P2P_DISABLE set by environment to 1
paula11:77077:77250 [3] NCCL INFO Setting affinity for GPU 3 to 3f,00000000,00000000,00000000
paula11:77077:77250 [3] NCCL INFO NVLS multicast support is not available on dev 3
paula11:77078:77247 [4] NCCL INFO Setting affinity for GPU 4 to 03e1,00000000,00000000
paula11:77078:77247 [4] NCCL INFO NVLS multicast support is not available on dev 4
paula11:77078:77247 [4] NCCL INFO comm 0x55f73713ce90 rank 4 nRanks 5 nNodes 1 localRanks 5 localRank 4 MNNVL 0
paula11:77077:77250 [3] NCCL INFO comm 0x5581d8100340 rank 3 nRanks 5 nNodes 1 localRanks 5 localRank 3 MNNVL 0
paula11:77076:77249 [2] NCCL INFO comm 0x561d75b8f640 rank 2 nRanks 5 nNodes 1 localRanks 5 localRank 2 MNNVL 0
paula11:77077:77250 [3] NCCL INFO Trees [0] 4/-1/-1->3->2 [1] 4/-1/-1->3->2
paula11:77078:77247 [4] NCCL INFO Trees [0] -1/-1/-1->4->3 [1] -1/-1/-1->4->3
paula11:77075:77248 [1] NCCL INFO comm 0x55887c3ff840 rank 1 nRanks 5 nNodes 1 localRanks 5 localRank 1 MNNVL 0
paula11:77077:77250 [3] NCCL INFO P2P Chunksize set to 131072
paula11:77076:77249 [2] NCCL INFO Trees [0] 3/-1/-1->2->1 [1] 3/-1/-1->2->1
paula11:77074:77246 [0] NCCL INFO comm 0x560635a1e900 rank 0 nRanks 5 nNodes 1 localRanks 5 localRank 0 MNNVL 0
paula11:77078:77247 [4] NCCL INFO P2P Chunksize set to 131072
paula11:77076:77249 [2] NCCL INFO P2P Chunksize set to 131072
paula11:77075:77248 [1] NCCL INFO Trees [0] 2/-1/-1->1->0 [1] 2/-1/-1->1->0
paula11:77075:77248 [1] NCCL INFO P2P Chunksize set to 131072
paula11:77074:77246 [0] NCCL INFO Channel 00/02 : 0 1 2 3 4
paula11:77074:77246 [0] NCCL INFO Channel 01/02 : 0 1 2 3 4
paula11:77074:77246 [0] NCCL INFO Trees [0] 1/-1/-1->0->-1 [1] 1/-1/-1->0->-1
paula11:77074:77246 [0] NCCL INFO P2P Chunksize set to 131072
paula11:77074:77246 [0] NCCL INFO Check P2P Type intraNodeP2pSupport 0 directMode 0
paula11:77077:77261 [3] NCCL INFO [Proxy Service] Device 3 CPU core 98
paula11:77077:77265 [3] NCCL INFO [Proxy Service UDS] Device 3 CPU core 100
paula11:77076:77262 [2] NCCL INFO [Proxy Service] Device 2 CPU core 116
paula11:77078:77263 [4] NCCL INFO [Proxy Service] Device 4 CPU core 73
paula11:77078:77267 [4] NCCL INFO [Proxy Service UDS] Device 4 CPU core 72
paula11:77076:77270 [2] NCCL INFO [Proxy Service UDS] Device 2 CPU core 115
paula11:77077:77250 [3] NCCL INFO threadThresholds 8/8/64 | 40/8/64 | 512 | 512
paula11:77077:77250 [3] NCCL INFO 2 coll channels, 2 collnet channels, 0 nvls channels, 2 p2p channels, 2 p2p channels per peer
paula11:77078:77247 [4] NCCL INFO threadThresholds 8/8/64 | 40/8/64 | 512 | 512
paula11:77078:77247 [4] NCCL INFO 2 coll channels, 2 collnet channels, 0 nvls channels, 2 p2p channels, 2 p2p channels per peer
paula11:77075:77248 [1] NCCL INFO threadThresholds 8/8/64 | 40/8/64 | 512 | 512
paula11:77076:77249 [2] NCCL INFO threadThresholds 8/8/64 | 40/8/64 | 512 | 512
paula11:77075:77248 [1] NCCL INFO 2 coll channels, 2 collnet channels, 0 nvls channels, 2 p2p channels, 2 p2p channels per peer
paula11:77076:77249 [2] NCCL INFO 2 coll channels, 2 collnet channels, 0 nvls channels, 2 p2p channels, 2 p2p channels per peer
paula11:77074:77246 [0] NCCL INFO threadThresholds 8/8/64 | 40/8/64 | 512 | 512
paula11:77074:77246 [0] NCCL INFO 2 coll channels, 2 collnet channels, 0 nvls channels, 2 p2p channels, 2 p2p channels per peer
paula11:77074:77246 [0] NCCL INFO CC Off, workFifoBytes 1048576
paula11:77077:77250 [3] NCCL INFO TUNER/Plugin: Could not find: libnccl-tuner.so. Using internal tuner plugin.
paula11:77077:77250 [3] NCCL INFO ncclCommInitRankConfig comm 0x5581d8100340 rank 3 nranks 5 cudaDev 3 nvmlDev 3 busId a1000 commId 0xc0715d8c72ccabdf - Init COMPLETE
paula11:77077:77250 [3] NCCL INFO Init timings - ncclCommInitRankConfig: rank 3 nranks 5 total 0.23 (kernels 0.12, alloc 0.00, bootstrap 0.02, allgathers 0.00, topo 0.08, graphs 0.00, connections 0.01, rest 0.00)
paula11:77076:77249 [2] NCCL INFO TUNER/Plugin: Could not find: libnccl-tuner.so. Using internal tuner plugin.
paula11:77076:77249 [2] NCCL INFO ncclCommInitRankConfig comm 0x561d75b8f640 rank 2 nranks 5 cudaDev 2 nvmlDev 2 busId 81000 commId 0xc0715d8c72ccabdf - Init COMPLETE
paula11:77076:77249 [2] NCCL INFO Init timings - ncclCommInitRankConfig: rank 2 nranks 5 total 0.23 (kernels 0.12, alloc 0.00, bootstrap 0.02, allgathers 0.00, topo 0.08, graphs 0.00, connections 0.01, rest 0.00)
paula11:77078:77247 [4] NCCL INFO TUNER/Plugin: Could not find: libnccl-tuner.so. Using internal tuner plugin.
paula11:77078:77247 [4] NCCL INFO ncclCommInitRankConfig comm 0x55f73713ce90 rank 4 nranks 5 cudaDev 4 nvmlDev 4 busId e1000 commId 0xc0715d8c72ccabdf - Init COMPLETE
paula11:77078:77247 [4] NCCL INFO Init timings - ncclCommInitRankConfig: rank 4 nranks 5 total 0.33 (kernels 0.12, alloc 0.00, bootstrap 0.11, allgathers 0.00, topo 0.08, graphs 0.00, connections 0.01, rest 0.00)
paula11:77075:77248 [1] NCCL INFO TUNER/Plugin: Could not find: libnccl-tuner.so. Using internal tuner plugin.
paula11:77075:77248 [1] NCCL INFO ncclCommInitRankConfig comm 0x55887c3ff840 rank 1 nranks 5 cudaDev 1 nvmlDev 1 busId 61000 commId 0xc0715d8c72ccabdf - Init COMPLETE
paula11:77075:77248 [1] NCCL INFO Init timings - ncclCommInitRankConfig: rank 1 nranks 5 total 0.33 (kernels 0.12, alloc 0.00, bootstrap 0.11, allgathers 0.00, topo 0.08, graphs 0.00, connections 0.01, rest 0.00)
paula11:77074:77246 [0] NCCL INFO TUNER/Plugin: Could not find: libnccl-tuner.so. Using internal tuner plugin.
paula11:77074:77246 [0] NCCL INFO ncclCommInitRankConfig comm 0x560635a1e900 rank 0 nranks 5 cudaDev 0 nvmlDev 0 busId 22000 commId 0xc0715d8c72ccabdf - Init COMPLETE
paula11:77074:77246 [0] NCCL INFO Init timings - ncclCommInitRankConfig: rank 0 nranks 5 total 1.61 (kernels 0.11, alloc 0.00, bootstrap 1.40, allgathers 0.00, topo 0.08, graphs 0.00, connections 0.01, rest 0.00)
paula11:77074:77268 [0] NCCL INFO [Proxy Service UDS] Device 0 CPU core 32
paula11:77075:77269 [1] NCCL INFO [Proxy Service UDS] Device 1 CPU core 0
paula11:77074:77264 [0] NCCL INFO [Proxy Service] Device 0 CPU core 32
paula11:77075:77266 [1] NCCL INFO [Proxy Service] Device 1 CPU core 0
paula11:77076:77271 [2] NCCL INFO Channel 00 : 2[2] -> 3[3] via SHM/direct/direct
paula11:77076:77271 [2] NCCL INFO Channel 01 : 2[2] -> 3[3] via SHM/direct/direct
paula11:77077:77272 [3] NCCL INFO Channel 00 : 3[3] -> 4[4] via SHM/direct/direct
paula11:77077:77272 [3] NCCL INFO Channel 01 : 3[3] -> 4[4] via SHM/direct/direct
paula11:77078:77275 [4] NCCL INFO Channel 00 : 4[4] -> 0[0] via SHM/direct/direct
paula11:77078:77275 [4] NCCL INFO Channel 01 : 4[4] -> 0[0] via SHM/direct/direct
paula11:77075:77273 [1] NCCL INFO Channel 00 : 1[1] -> 2[2] via SHM/direct/direct
paula11:77074:77274 [0] NCCL INFO Channel 00 : 0[0] -> 1[1] via SHM/direct/direct
paula11:77074:77274 [0] NCCL INFO Channel 01 : 0[0] -> 1[1] via SHM/direct/direct
paula11:77075:77273 [1] NCCL INFO Channel 01 : 1[1] -> 2[2] via SHM/direct/direct
paula11:77077:77272 [3] NCCL INFO Connected all rings, use ring PXN 0 GDR 1
paula11:77078:77275 [4] NCCL INFO Connected all rings, use ring PXN 0 GDR 1
paula11:77076:77271 [2] NCCL INFO Connected all rings, use ring PXN 0 GDR 1
paula11:77075:77273 [1] NCCL INFO Connected all rings, use ring PXN 0 GDR 1
paula11:77074:77274 [0] NCCL INFO Connected all rings, use ring PXN 0 GDR 1
/home/sc.uni-leipzig.de/ci72buri/.conda/envs/cell-vae/lib/python3.10/site-packages/torch/utils/data/dataloader.py:626: UserWarning: This DataLoader will create 25 worker processes in total. Our suggested max number of worker in current system is 20, which is smaller than what this DataLoader is going to create. Please be aware that excessive worker creation might get DataLoader running slow or even freeze, lower the worker number to avoid potential slowness/freeze if necessary.
  warnings.warn(
/home/sc.uni-leipzig.de/ci72buri/.conda/envs/cell-vae/lib/python3.10/site-packages/torch/utils/data/dataloader.py:626: UserWarning: This DataLoader will create 25 worker processes in total. Our suggested max number of worker in current system is 20, which is smaller than what this DataLoader is going to create. Please be aware that excessive worker creation might get DataLoader running slow or even freeze, lower the worker number to avoid potential slowness/freeze if necessary.
  warnings.warn(
/home/sc.uni-leipzig.de/ci72buri/.conda/envs/cell-vae/lib/python3.10/site-packages/torch/utils/data/dataloader.py:626: UserWarning: This DataLoader will create 25 worker processes in total. Our suggested max number of worker in current system is 20, which is smaller than what this DataLoader is going to create. Please be aware that excessive worker creation might get DataLoader running slow or even freeze, lower the worker number to avoid potential slowness/freeze if necessary.
  warnings.warn(
/home/sc.uni-leipzig.de/ci72buri/.conda/envs/cell-vae/lib/python3.10/site-packages/torch/utils/data/dataloader.py:626: UserWarning: This DataLoader will create 25 worker processes in total. Our suggested max number of worker in current system is 20, which is smaller than what this DataLoader is going to create. Please be aware that excessive worker creation might get DataLoader running slow or even freeze, lower the worker number to avoid potential slowness/freeze if necessary.
  warnings.warn(
/home/sc.uni-leipzig.de/ci72buri/.conda/envs/cell-vae/lib/python3.10/site-packages/torch/utils/data/dataloader.py:626: UserWarning: This DataLoader will create 25 worker processes in total. Our suggested max number of worker in current system is 20, which is smaller than what this DataLoader is going to create. Please be aware that excessive worker creation might get DataLoader running slow or even freeze, lower the worker number to avoid potential slowness/freeze if necessary.
  warnings.warn(
Traceback (most recent call last):
  File "/home/sc.uni-leipzig.de/ci72buri/projects/vae/Leipzig_big_data_praktikum_gene_expression_autoencoder/train_vae.py", line 224, in <module>
    train()
  File "/home/sc.uni-leipzig.de/ci72buri/projects/vae/Leipzig_big_data_praktikum_gene_expression_autoencoder/train_vae.py", line 166, in train
    recon_batch, mu, logvar = model(data, tau0)
ValueError: too many values to unpack (expected 3)
[rank0]: Traceback (most recent call last):
[rank0]:   File "/home/sc.uni-leipzig.de/ci72buri/projects/vae/Leipzig_big_data_praktikum_gene_expression_autoencoder/train_vae.py", line 224, in <module>
[rank0]:     train()
[rank0]:   File "/home/sc.uni-leipzig.de/ci72buri/projects/vae/Leipzig_big_data_praktikum_gene_expression_autoencoder/train_vae.py", line 166, in train
[rank0]:     recon_batch, mu, logvar = model(data, tau0)
[rank0]: ValueError: too many values to unpack (expected 3)
[rank4]: Traceback (most recent call last):
[rank4]:   File "/home/sc.uni-leipzig.de/ci72buri/projects/vae/Leipzig_big_data_praktikum_gene_expression_autoencoder/train_vae.py", line 224, in <module>
[rank4]:     train()
[rank4]:   File "/home/sc.uni-leipzig.de/ci72buri/projects/vae/Leipzig_big_data_praktikum_gene_expression_autoencoder/train_vae.py", line 166, in train
[rank4]:     recon_batch, mu, logvar = model(data, tau0)
[rank4]: ValueError: too many values to unpack (expected 3)
[rank1]: Traceback (most recent call last):
[rank1]:   File "/home/sc.uni-leipzig.de/ci72buri/projects/vae/Leipzig_big_data_praktikum_gene_expression_autoencoder/train_vae.py", line 224, in <module>
[rank1]:     train()
[rank1]:   File "/home/sc.uni-leipzig.de/ci72buri/projects/vae/Leipzig_big_data_praktikum_gene_expression_autoencoder/train_vae.py", line 166, in train
[rank1]:     recon_batch, mu, logvar = model(data, tau0)
[rank1]: ValueError: too many values to unpack (expected 3)
[rank2]: Traceback (most recent call last):
[rank2]:   File "/home/sc.uni-leipzig.de/ci72buri/projects/vae/Leipzig_big_data_praktikum_gene_expression_autoencoder/train_vae.py", line 224, in <module>
[rank2]:     train()
[rank2]:   File "/home/sc.uni-leipzig.de/ci72buri/projects/vae/Leipzig_big_data_praktikum_gene_expression_autoencoder/train_vae.py", line 166, in train
[rank2]:     recon_batch, mu, logvar = model(data, tau0)
[rank2]: ValueError: too many values to unpack (expected 3)
[rank3]: Traceback (most recent call last):
[rank3]:   File "/home/sc.uni-leipzig.de/ci72buri/projects/vae/Leipzig_big_data_praktikum_gene_expression_autoencoder/train_vae.py", line 224, in <module>
[rank3]:     train()
[rank3]:   File "/home/sc.uni-leipzig.de/ci72buri/projects/vae/Leipzig_big_data_praktikum_gene_expression_autoencoder/train_vae.py", line 166, in train
[rank3]:     recon_batch, mu, logvar = model(data, tau0)
[rank3]: ValueError: too many values to unpack (expected 3)
paula11:77076:78246 [2] NCCL INFO misc/socket.cc:64 -> 3
paula11:77076:78246 [2] NCCL INFO misc/socket.cc:80 -> 3
paula11:77076:78246 [2] NCCL INFO misc/socket.cc:829 -> 3
paula11:77076:77262 [2] NCCL INFO misc/socket.cc:881 -> 3
paula11:77078:78248 [4] NCCL INFO misc/socket.cc:64 -> 3
paula11:77078:78248 [4] NCCL INFO misc/socket.cc:80 -> 3
paula11:77078:78248 [4] NCCL INFO misc/socket.cc:829 -> 3
paula11:77078:77263 [4] NCCL INFO misc/socket.cc:881 -> 3
paula11:77075:78250 [1] NCCL INFO misc/socket.cc:64 -> 3
paula11:77075:78250 [1] NCCL INFO misc/socket.cc:80 -> 3
paula11:77075:78250 [1] NCCL INFO misc/socket.cc:829 -> 3
paula11:77075:77266 [1] NCCL INFO misc/socket.cc:881 -> 3
paula11:77077:78252 [3] NCCL INFO misc/socket.cc:64 -> 3
paula11:77077:78252 [3] NCCL INFO misc/socket.cc:80 -> 3
paula11:77077:78252 [3] NCCL INFO misc/socket.cc:829 -> 3
paula11:77077:77261 [3] NCCL INFO misc/socket.cc:881 -> 3
paula11:77076:78246 [2] NCCL INFO comm 0x561d75b8f640 rank 2 nranks 5 cudaDev 2 busId 81000 - Abort COMPLETE
paula11:77078:78248 [4] NCCL INFO comm 0x55f73713ce90 rank 4 nranks 5 cudaDev 4 busId e1000 - Abort COMPLETE
paula11:77075:78250 [1] NCCL INFO comm 0x55887c3ff840 rank 1 nranks 5 cudaDev 1 busId 61000 - Abort COMPLETE
paula11:77077:78252 [3] NCCL INFO comm 0x5581d8100340 rank 3 nranks 5 cudaDev 3 busId a1000 - Abort COMPLETE
[1;34mwandb[0m: 
[1;34mwandb[0m: 🚀 View run [33mswift-morning-211[0m at: [34mhttps://wandb.ai/coyfelix7-universit-t-leipzig/big_data_vae/runs/otgmznzt[0m
[1;34mwandb[0m: Find logs at: [1;35mwandb/run-20250715_013431-otgmznzt/logs[0m
W0715 01:36:46.412000 77040 site-packages/torch/distributed/elastic/multiprocessing/api.py:900] Sending process 77074 closing signal SIGTERM
W0715 01:36:46.413000 77040 site-packages/torch/distributed/elastic/multiprocessing/api.py:900] Sending process 77075 closing signal SIGTERM
W0715 01:36:46.413000 77040 site-packages/torch/distributed/elastic/multiprocessing/api.py:900] Sending process 77077 closing signal SIGTERM
W0715 01:36:46.413000 77040 site-packages/torch/distributed/elastic/multiprocessing/api.py:900] Sending process 77078 closing signal SIGTERM
E0715 01:36:47.128000 77040 site-packages/torch/distributed/elastic/multiprocessing/api.py:874] failed (exitcode: 1) local_rank: 2 (pid: 77076) of binary: /home/sc.uni-leipzig.de/ci72buri/.conda/envs/cell-vae/bin/python3.10
Traceback (most recent call last):
  File "/home/sc.uni-leipzig.de/ci72buri/.conda/envs/cell-vae/bin/torchrun", line 8, in <module>
    sys.exit(main())
  File "/home/sc.uni-leipzig.de/ci72buri/.conda/envs/cell-vae/lib/python3.10/site-packages/torch/distributed/elastic/multiprocessing/errors/__init__.py", line 355, in wrapper
    return f(*args, **kwargs)
  File "/home/sc.uni-leipzig.de/ci72buri/.conda/envs/cell-vae/lib/python3.10/site-packages/torch/distributed/run.py", line 892, in main
    run(args)
  File "/home/sc.uni-leipzig.de/ci72buri/.conda/envs/cell-vae/lib/python3.10/site-packages/torch/distributed/run.py", line 883, in run
    elastic_launch(
  File "/home/sc.uni-leipzig.de/ci72buri/.conda/envs/cell-vae/lib/python3.10/site-packages/torch/distributed/launcher/api.py", line 139, in __call__
    return launch_agent(self._config, self._entrypoint, list(args))
  File "/home/sc.uni-leipzig.de/ci72buri/.conda/envs/cell-vae/lib/python3.10/site-packages/torch/distributed/launcher/api.py", line 270, in launch_agent
    raise ChildFailedError(
torch.distributed.elastic.multiprocessing.errors.ChildFailedError: 
============================================================
train_vae.py FAILED
------------------------------------------------------------
Failures:
  <NO_OTHER_FAILURES>
------------------------------------------------------------
Root Cause (first observed failure):
[0]:
  time      : 2025-07-15_01:36:46
  host      : paula11.sc.uni-leipzig.de
  rank      : 2 (local_rank: 2)
  exitcode  : 1 (pid: 77076)
  error_file: <N/A>
  traceback : To enable traceback see: https://pytorch.org/docs/stable/elastic/errors.html
============================================================
